clang -march=x86-64 -mtune=generic  -shared -Wl,-soname,libelite_ringbuffer.so -o build/clang-chaos/libelite_ringbuffer.so build/clang-chaos/elite_core.o build/clang-chaos/elite_format.o build/clang-chaos/elite_spsc.o build/clang-chaos/elite_mpmc_ncq.o build/clang-chaos/elite_shm.o build/clang-chaos/elite_wait.o build/clang-chaos/elite_version.o -pthread
clang -Iinclude -Isrc -D_POSIX_C_SOURCE=200809L -D_DEFAULT_SOURCE -std=c11 -O3 -g -DNDEBUG -fno-omit-frame-pointer -fno-lto -Wall -Wextra -Werror -pedantic -Wconversion -Wsign-conversion -Wshadow -Wstrict-prototypes -Wmissing-prototypes -Wformat=2 -Wundef -fPIC -pthread -march=x86-64 -mtune=generic -fPIE  -pie -o build/clang-chaos/test_core tests/test_core.c build/clang-chaos/libelite_ringbuffer.a -pthread
clang -Iinclude -Isrc -D_POSIX_C_SOURCE=200809L -D_DEFAULT_SOURCE -std=c11 -O3 -g -DNDEBUG -fno-omit-frame-pointer -fno-lto -Wall -Wextra -Werror -pedantic -Wconversion -Wsign-conversion -Wshadow -Wstrict-prototypes -Wmissing-prototypes -Wformat=2 -Wundef -fPIC -pthread -march=x86-64 -mtune=generic -fPIE  -pie -o build/clang-chaos/test_ipc tests/test_ipc.c build/clang-chaos/libelite_ringbuffer.a -pthread
clang -Iinclude -Isrc -D_POSIX_C_SOURCE=200809L -D_DEFAULT_SOURCE -std=c11 -O3 -g -DNDEBUG -fno-omit-frame-pointer -fno-lto -Wall -Wextra -Werror -pedantic -Wconversion -Wsign-conversion -Wshadow -Wstrict-prototypes -Wmissing-prototypes -Wformat=2 -Wundef -fPIC -pthread -march=x86-64 -mtune=generic -fPIE  -pie -o build/clang-chaos/example examples/local_roundtrip.c build/clang-chaos/libelite_ringbuffer.a -pthread
clang -Iinclude -Isrc -D_POSIX_C_SOURCE=200809L -D_DEFAULT_SOURCE -std=c11 -O3 -g -DNDEBUG -fno-omit-frame-pointer -fno-lto -Wall -Wextra -Werror -pedantic -Wconversion -Wsign-conversion -Wshadow -Wstrict-prototypes -Wmissing-prototypes -Wformat=2 -Wundef -fPIC -pthread -march=x86-64 -mtune=generic -fPIE -DELITE_TESTING  -pie -o build/clang-chaos/test_adversarial tests/test_adversarial.c build/clang-chaos/test_elite_core.o build/clang-chaos/test_elite_format.o build/clang-chaos/test_elite_spsc.o build/clang-chaos/test_elite_mpmc_ncq.o build/clang-chaos/test_elite_shm.o build/clang-chaos/test_elite_wait.o build/clang-chaos/test_elite_version.o -pthread
clang -Iinclude -Isrc -D_POSIX_C_SOURCE=200809L -D_DEFAULT_SOURCE -std=c11 -O3 -g -DNDEBUG -fno-omit-frame-pointer -fno-lto -Wall -Wextra -Werror -pedantic -Wconversion -Wsign-conversion -Wshadow -Wstrict-prototypes -Wmissing-prototypes -Wformat=2 -Wundef -fPIC -pthread -march=x86-64 -mtune=generic -fPIE -DELITE_TESTING  -pie -o build/clang-chaos/test_limits tests/test_limits.c build/clang-chaos/test_elite_core.o build/clang-chaos/test_elite_format.o build/clang-chaos/test_elite_spsc.o build/clang-chaos/test_elite_mpmc_ncq.o build/clang-chaos/test_elite_shm.o build/clang-chaos/test_elite_wait.o build/clang-chaos/test_elite_version.o -pthread
clang -Iinclude -Isrc -D_POSIX_C_SOURCE=200809L -D_DEFAULT_SOURCE -std=c11 -O3 -g -DNDEBUG -fno-omit-frame-pointer -fno-lto -Wall -Wextra -Werror -pedantic -Wconversion -Wsign-conversion -Wshadow -Wstrict-prototypes -Wmissing-prototypes -Wformat=2 -Wundef -fPIC -pthread -march=x86-64 -mtune=generic -fPIE -DELITE_TESTING  -pie -o build/clang-chaos/test_chaos tests/test_chaos.c build/clang-chaos/test_elite_core.o build/clang-chaos/test_elite_format.o build/clang-chaos/test_elite_spsc.o build/clang-chaos/test_elite_mpmc_ncq.o build/clang-chaos/test_elite_shm.o build/clang-chaos/test_elite_wait.o build/clang-chaos/test_elite_version.o -pthread
clang -Iinclude -Isrc -D_POSIX_C_SOURCE=200809L -D_DEFAULT_SOURCE -std=c11 -O3 -g -DNDEBUG -fno-omit-frame-pointer -fno-lto -Wall -Wextra -Werror -pedantic -Wconversion -Wsign-conversion -Wshadow -Wstrict-prototypes -Wmissing-prototypes -Wformat=2 -Wundef -fPIC -pthread -march=x86-64 -mtune=generic -fPIE  -pie -o build/clang-chaos/fuzz_prefix tests/fuzz_prefix.c build/clang-chaos/libelite_ringbuffer.a -pthread
clang -Iinclude -Isrc -D_POSIX_C_SOURCE=200809L -D_DEFAULT_SOURCE -Ibenchmarks -std=c11 -O3 -g -DNDEBUG -fno-omit-frame-pointer -fno-lto -Wall -Wextra -Werror -pedantic -Wconversion -Wsign-conversion -Wshadow -Wstrict-prototypes -Wmissing-prototypes -Wformat=2 -Wundef -fPIC -pthread -march=x86-64 -mtune=generic -fPIE  -pie -o build/clang-chaos/test_benchmark_tools tests/test_benchmark_tools.c benchmarks/bench_common.c src/elite_topology.c build/clang-chaos/libelite_ringbuffer.a -pthread
clang++ -std=c++20 -O3 -Wall -Wextra -Werror -pedantic -Iinclude -march=x86-64 -mtune=generic  -o build/clang-chaos/cpp_example examples/cpp_roundtrip.cpp build/clang-chaos/libelite_ringbuffer.a -pthread
python3 tools/build_python.py --cc "clang" --build "build/clang-chaos" 
clang -std=c11 -O3 -g -Wall -Wextra -Werror -pedantic -fPIC -isystem /usr/include/python3.13 -shared /mnt/data/elite_turn14_work/elite-ringbuffer-1.0.1-turn14/bindings/python/elite_buffer.c -o /mnt/data/elite_turn14_work/elite-ringbuffer-1.0.1-turn14/build/clang-chaos/python/_elite_buffer.cpython-313-x86_64-linux-gnu.so
clang -Iinclude -Isrc -D_POSIX_C_SOURCE=200809L -D_DEFAULT_SOURCE -std=c11 -O3 -g -DNDEBUG -fno-omit-frame-pointer -fno-lto -Wall -Wextra -Werror -pedantic -Wconversion -Wsign-conversion -Wshadow -Wstrict-prototypes -Wmissing-prototypes -Wformat=2 -Wundef -fPIC -pthread -march=x86-64 -mtune=generic -MMD -MP -c src/elite_topology.c -o build/clang-chaos/elite_topology.o
clang -Iinclude -Isrc -D_POSIX_C_SOURCE=200809L -D_DEFAULT_SOURCE -std=c11 -O3 -g -DNDEBUG -fno-omit-frame-pointer -fno-lto -Wall -Wextra -Werror -pedantic -Wconversion -Wsign-conversion -Wshadow -Wstrict-prototypes -Wmissing-prototypes -Wformat=2 -Wundef -fPIC -pthread -march=x86-64 -mtune=generic -UNDEBUG -fPIE  -pie -o build/clang-chaos/formal_spsc_handoff formal/c11/spsc_handoff.c -pthread
clang -Iinclude -Isrc -D_POSIX_C_SOURCE=200809L -D_DEFAULT_SOURCE -std=c11 -O3 -g -DNDEBUG -fno-omit-frame-pointer -fno-lto -Wall -Wextra -Werror -pedantic -Wconversion -Wsign-conversion -Wshadow -Wstrict-prototypes -Wmissing-prototypes -Wformat=2 -Wundef -fPIC -pthread -march=x86-64 -mtune=generic -UNDEBUG -fPIE  -pie -o build/clang-chaos/formal_ncq_handoff formal/c11/ncq_handoff.c -pthread
clang -Iinclude -Isrc -D_POSIX_C_SOURCE=200809L -D_DEFAULT_SOURCE -std=c11 -O3 -g -DNDEBUG -fno-omit-frame-pointer -fno-lto -Wall -Wextra -Werror -pedantic -Wconversion -Wsign-conversion -Wshadow -Wstrict-prototypes -Wmissing-prototypes -Wformat=2 -Wundef -fPIC -pthread -march=x86-64 -mtune=generic -UNDEBUG -fPIE  -pie -o build/clang-chaos/formal_ticket_atomicity formal/c11/ticket_atomicity.c -pthread
python3 tests/test_formal_results.py
python3 tests/test_chaos_results.py
test_all_saved_native_fixtures (__main__.ChaosOracleTests.test_all_saved_native_fixtures) ... ok
test_async_dropped_pending_message (__main__.ChaosOracleTests.test_async_dropped_pending_message) ... test_changed_boundary_witness (__main__.ReceiptTests.test_changed_boundary_witness) ... ok
test_async_is_not_zero_loss (__main__.ChaosOracleTests.test_async_is_not_zero_loss) ... ok
test_async_orphan_unrecorded (__main__.ChaosOracleTests.test_async_orphan_unrecorded) ... ok
test_bad_gate_bits (__main__.ChaosOracleTests.test_bad_gate_bits) ... ok
test_bad_gate_count (__main__.ChaosOracleTests.test_bad_gate_count) ... ok
test_bool_integer (__main__.ChaosOracleTests.test_bool_integer) ... ok
test_child_future_clock (__main__.ChaosOracleTests.test_child_future_clock) ... ok
test_child_sequence (__main__.ChaosOracleTests.test_child_sequence) ... ok
test_cli_optimized_rejects_mutant (__main__.ChaosOracleTests.test_cli_optimized_rejects_mutant) ... ok
test_clock_reverse (__main__.ChaosOracleTests.test_clock_reverse) ... ok
test_count_wrong (__main__.ChaosOracleTests.test_count_wrong) ... ok
test_duplicate_free_token (__main__.ChaosOracleTests.test_duplicate_free_token) ... ok
test_duplicate_json_keys (__main__.ChaosOracleTests.test_duplicate_json_keys) ... ok
test_early_timeout (__main__.ChaosOracleTests.test_early_timeout) ... ok
test_exit_signal_wrong (__main__.ChaosOracleTests.test_exit_signal_wrong) ... ok
test_false_hook_claim (__main__.ChaosOracleTests.test_false_hook_claim) ... ok
test_foreign_pid (__main__.ChaosOracleTests.test_foreign_pid) ... ok
test_free_epoch_bad (__main__.ChaosOracleTests.test_free_epoch_bad) ... ok
test_header_corruption (__main__.ChaosOracleTests.test_header_corruption) ... ok
test_illegal_resumed_commit (__main__.ChaosOracleTests.test_illegal_resumed_commit) ... ok
test_incomplete_campaign (__main__.ChaosOracleTests.test_incomplete_campaign) ... ok
test_late_publication_omitted (__main__.ChaosOracleTests.test_late_publication_omitted) ... ok
test_loss_hidden_by_count (__main__.ChaosOracleTests.test_loss_hidden_by_count) ... ok
test_missing_completion (__main__.ChaosOracleTests.test_missing_completion) ... ok
test_missing_name_cleanup (__main__.ChaosOracleTests.test_missing_name_cleanup) ... ok
test_nohook_storm_with_hooks (__main__.ChaosOracleTests.test_nohook_storm_with_hooks) ... ok
test_nonfinite (__main__.ChaosOracleTests.test_nonfinite) ... ok
test_orphan_identity_changed (__main__.ChaosOracleTests.test_orphan_identity_changed) ... ok
test_orphan_phase_corruption (__main__.ChaosOracleTests.test_orphan_phase_corruption) ... ok
test_premature_destruction_allowed (__main__.ChaosOracleTests.test_premature_destruction_allowed) ... ok
test_resource_budget (__main__.ChaosOracleTests.test_resource_budget) ... ok
test_reused_parent_address (__main__.ChaosOracleTests.test_reused_parent_address) ... ok
test_reused_session (__main__.ChaosOracleTests.test_reused_session) ... ok
test_sequence_gap (__main__.ChaosOracleTests.test_sequence_gap) ... ok
test_spsc_reclamation_lie (__main__.ChaosOracleTests.test_spsc_reclamation_lie) ... ok
test_spsc_status_mutation (__main__.ChaosOracleTests.test_spsc_status_mutation) ... ok
test_standard_population (__main__.ChaosOracleTests.test_standard_population) ... ok
test_stop_not_terminal (__main__.ChaosOracleTests.test_stop_not_terminal) ... ok
test_storm_no_deliveries (__main__.ChaosOracleTests.test_storm_no_deliveries) ... ok
test_timeout_custody (__main__.ChaosOracleTests.test_timeout_custody) ... ok
test_timeout_does_not_fence (__main__.ChaosOracleTests.test_timeout_does_not_fence) ... ok
test_timeout_does_not_reclaim (__main__.ChaosOracleTests.test_timeout_does_not_reclaim) ... ok
test_too_large_frontier (__main__.ChaosOracleTests.test_too_large_frontier) ... ok
test_uncommitted_sentinel_delivered (__main__.ChaosOracleTests.test_uncommitted_sentinel_delivered) ... ok
test_unknown_campaign_profile (__main__.ChaosOracleTests.test_unknown_campaign_profile) ... ok
test_unreaped_complete (__main__.ChaosOracleTests.test_unreaped_complete) ... ok
test_wrong_hook_cut (__main__.ChaosOracleTests.test_wrong_hook_cut) ... ok
test_wrong_live_cycle (__main__.ChaosOracleTests.test_wrong_live_cycle) ... ok
test_wrong_snapshot_scope (__main__.ChaosOracleTests.test_wrong_snapshot_scope) ... ok

----------------------------------------------------------------------
Ran 50 tests in 0.757s

OK
python3 tools/check_chaos.py --build build/clang-chaos
write_claim_ncq_1p1c_t000: PASS_WITHIN_SCOPE messages=20000
ok
test_changed_handoff_edge (__main__.ReceiptTests.test_changed_handoff_edge) ... read_claim_ncq_1p1c_t000: PASS_WITHIN_SCOPE messages=20000
late_publication_ncq_1p1c_t000: PASS_WITHIN_SCOPE messages=20000
resume_write_ncq_1p1c_t000: PASS_WITHIN_SCOPE messages=20000
resume_read_ncq_1p1c_t000: PASS_WITHIN_SCOPE messages=20000
resume_write_spsc_1p1c_t000: PASS_WITHIN_SCOPE messages=10000
resume_read_spsc_1p1c_t000: PASS_WITHIN_SCOPE messages=10000
random_abort_kill_ncq_1p1c_t000: PASS_WITHIN_SCOPE messages=20000
storm_ncq_4p4c_t000: PASS_WITHIN_SCOPE messages=16000
resources_t000: PASS_WITHIN_SCOPE messages=0
{"status": "COMPLETE", "plan_sha256": "a0799fbee9176d9f1867c2f69c07848f965638be595f83ed57e9a135ea394537", "cases": ["write_claim_ncq_1p1c_t000", "read_claim_ncq_1p1c_t000", "late_publication_ncq_1p1c_t000", "resume_write_ncq_1p1c_t000", "resume_read_ncq_1p1c_t000", "resume_write_spsc_1p1c_t000", "resume_read_spsc_1p1c_t000", "random_abort_kill_ncq_1p1c_t000", "storm_ncq_4p4c_t000", "resources_t000"], "messages": 156000}
{"status": "PASS_WITHIN_SCOPE", "cases": 10, "measured_messages": 156000}
build/clang-chaos/test_core
parser_single_byte_mutations_rejected=512
PASS core_groups=68 shared_header=2048 descriptor=128 participant=256
build/clang-chaos/test_ipc spsc 1 1 100000
PASS native_spawn_ipc mode=SPSC producers=1 consumers=1 messages=100000 bytes_each=64 duplicates=0 missing=0 bad_payloads=0 all_tokens_returned=yes controller_elapsed_ns=10643231 (not_latency)
build/clang-chaos/test_ipc ncq 4 4 100000
PASS native_spawn_ipc mode=NCQ-SC64 producers=4 consumers=4 messages=100000 bytes_each=64 duplicates=0 missing=0 bad_payloads=0 all_tokens_returned=yes controller_elapsed_ns=10550443 (not_latency)
build/clang-chaos/test_adversarial
PASS one_mapping_threads 2P2C messages=100000 exact_membership=yes
PASS controlled publication point=2 healthy_lifecycles_while_paused=10000
PASS controlled publication point=5 healthy_lifecycles_while_paused=10000
PASS controlled stale_head discards_old_entry_after_101_competing_claims
PASS controlled late_returner no_post_LP_descriptor_write
PASS integrity mode=1 retained_corrupt_token_not_reclaimed
PASS integrity mode=2 retained_corrupt_token_not_reclaimed
PASS SPSC finite_wait wake_before_or_after_block and_retirement
PASS adversarial_histories=8
build/clang-chaos/test_limits
PASS near_limit mode=1 limit=TICKET no_wrap_and_no_terminal_publication
PASS near_limit mode=1 limit=EPOCH no_wrap_and_no_terminal_publication
PASS near_limit mode=2 limit=TICKET no_wrap_and_no_terminal_publication
PASS near_limit mode=2 limit=EPOCH no_wrap_and_no_terminal_publication
build/clang-chaos/test_chaos
PASS native_SIGKILL cut=MID_WRITE healthy_lifecycles_before_fencing=10000 no_token_theft=yes
PASS native_SIGKILL cut=POST_PUBLICATION_PRE_TAIL healthy_lifecycles_before_fencing=10000 no_token_theft=yes
PASS native_SIGSTOP_successor_SIGCONT old_writer_did_not_modify_successor
PASS native_chaos_scenarios=3
build/clang-chaos/fuzz_prefix 1000000
ok
test_changed_targeted_trace (__main__.ReceiptTests.test_changed_targeted_trace) ... ok
test_claim_full_qualification (__main__.ReceiptTests.test_claim_full_qualification) ... ok
test_duplicate_keys (__main__.ReceiptTests.test_duplicate_keys) ... ok
test_external_tool_claim (__main__.ReceiptTests.test_external_tool_claim) ... ok
test_fabricated_mutant_transition (__main__.ReceiptTests.test_fabricated_mutant_transition) ... ok
test_incomplete_as_pass (__main__.ReceiptTests.test_incomplete_as_pass) ... ok
test_laundered_expected_exit (__main__.ReceiptTests.test_laundered_expected_exit) ... ok
test_missing_case (__main__.ReceiptTests.test_missing_case) ... ok
test_numeric_infinity (__main__.ReceiptTests.test_numeric_infinity) ... ok
test_python_optimized_cli_rejects (__main__.ReceiptTests.test_python_optimized_cli_rejects) ... PASS stable_prefix_corpus inputs=1000000 accepted_valid_mutations=89908 rejected=910092 seed=744125b77cc09301
build/clang-chaos/test_benchmark_tools
PASS benchmark tool groups=8 exact-ranks p99.99 rounding zeros payload negative-control
build/clang-chaos/cpp_example
C++ opaque API 1.0.1: OK
ELITE_LIBRARY="/mnt/data/elite_turn14_work/elite-ringbuffer-1.0.1-turn14/build/clang-chaos/libelite_ringbuffer.so" PYTHONPATH="/mnt/data/elite_turn14_work/elite-ringbuffer-1.0.1-turn14/build/clang-chaos/python:/mnt/data/elite_turn14_work/elite-ringbuffer-1.0.1-turn14/bindings/python" python3 tools/check_python.py
ok
test_removed_source_identity (__main__.ReceiptTests.test_removed_source_identity) ... ok
test_valid_all_auxiliary_replay (__main__.ReceiptTests.test_valid_all_auxiliary_replay) ... test_bounds_before_narrowing (__main__.BindingTests.test_bounds_before_narrowing) ... ok
test_busy_detach_and_manager (__main__.BindingTests.test_busy_detach_and_manager) ... ok
test_cast_survives_root (__main__.BindingTests.test_cast_survives_root) ... ok
test_context_abort (__main__.BindingTests.test_context_abort) ... ok
test_crc_profile (__main__.BindingTests.test_crc_profile) ... ok
test_ctypes_export_retains_slot (__main__.BindingTests.test_ctypes_export_retains_slot) ... ok
test_direct_roundtrip (__main__.BindingTests.test_direct_roundtrip) ... ok
test_duplicate_attach_cleanup_does_not_resolve_original (__main__.BindingTests.test_duplicate_attach_cleanup_does_not_resolve_original) ... ok
test_duplicate_transfer (__main__.BindingTests.test_duplicate_transfer) ... ok
test_epoch_advances_on_abort (__main__.BindingTests.test_epoch_advances_on_abort) ... ok
test_explicit_copy (__main__.BindingTests.test_explicit_copy) ... ok
test_exporter_without_views_retains_ability (__main__.BindingTests.test_exporter_without_views_retains_ability) ... ok
test_gc_outer_lease_retained_by_alias (__main__.BindingTests.test_gc_outer_lease_retained_by_alias) ... ok
test_gc_uncommitted_write_aborts (__main__.BindingTests.test_gc_uncommitted_write_aborts) ... ok
test_multiple_roots (__main__.BindingTests.test_multiple_roots) ... ok
test_pattern_helper_all_bytes (__main__.BindingTests.test_pattern_helper_all_bytes) ... ok
test_read_context_exception_returns_token (__main__.BindingTests.test_read_context_exception_returns_token) ... ok
test_readonly_exporter (__main__.BindingTests.test_readonly_exporter) ... ok
test_received_mapping_survives_endpoint_name_drop (__main__.BindingTests.test_received_mapping_survives_endpoint_name_drop) ... ok
test_retirement_does_not_revoke_alias (__main__.BindingTests.test_retirement_does_not_revoke_alias) ... ok
test_role_rejected_before_attach (__main__.BindingTests.test_role_rejected_before_attach) ... ok
test_slice_survives_root (__main__.BindingTests.test_slice_survives_root) ... ok
test_threads_serialized_one_outstanding (__main__.BindingTests.test_threads_serialized_one_outstanding) ... ok
test_timeout_is_not_lease_revocation (__main__.BindingTests.test_timeout_is_not_lease_revocation) ... ok
test_version_layouts (__main__.BindingTests.test_version_layouts) ... ok
test_zero_length (__main__.BindingTests.test_zero_length) ... ok
test_binding_cleanup_registry_empty (__main__.ProcessTests.test_binding_cleanup_registry_empty) ... ok
test_grant_encoding_rejects_missing_fields (__main__.ProcessTests.test_grant_encoding_rejects_missing_fields) ... ok
test_inherited_handle_methods_reject (__main__.ProcessTests.test_inherited_handle_methods_reject) ... ok
test_kill_leaks_token_but_whole_generation_cleans (__main__.ProcessTests.test_kill_leaks_token_but_whole_generation_cleans) ... ok
test_wrong_bound (__main__.ReceiptTests.test_wrong_bound) ... ok

----------------------------------------------------------------------
Ran 15 tests in 8.860s

OK
ar rcs build/clang-chaos/libelite_topology.a build/clang-chaos/elite_topology.o
build/clang-chaos/formal_spsc_handoff
build/clang-chaos/formal_ncq_handoff
build/clang-chaos/formal_ticket_atomicity
clang -Iinclude -Isrc -D_POSIX_C_SOURCE=200809L -D_DEFAULT_SOURCE -std=c11 -O3 -g -DNDEBUG -fno-omit-frame-pointer -fno-lto -Wall -Wextra -Werror -pedantic -Wconversion -Wsign-conversion -Wshadow -Wstrict-prototypes -Wmissing-prototypes -Wformat=2 -Wundef -fPIC -pthread -march=x86-64 -mtune=generic -fPIE  -pie -o build/clang-chaos/bench_topology benchmarks/bench_topology.c build/clang-chaos/libelite_topology.a -pthread
python3 tools/check_formal_binding.py
ok
test_normal_exit_closes_idle_generation (__main__.ProcessTests.test_normal_exit_closes_idle_generation) ... PASS: 8 source files match the reviewed model binding
python3 tests/test_formal.py
ok
test_pause_resume_distinct_successor (__main__.ProcessTests.test_pause_resume_distinct_successor) ... test_alias_transfer_rejected (__main__.FormalTests.test_alias_transfer_rejected) ... ok
test_all_structural_mutants (__main__.FormalTests.test_all_structural_mutants) ... ok
test_python_mpmc_two_producers_two_consumers (__main__.ProcessTests.test_python_mpmc_two_producers_two_consumers) ... ok
test_budget_fails_closed (__main__.FormalTests.test_budget_fails_closed) ... ok
test_counter_bounds (__main__.FormalTests.test_counter_bounds) ... ok
test_duplicate_membership_rejected (__main__.FormalTests.test_duplicate_membership_rejected) ... ok
test_fake_witness_rejected (__main__.FormalTests.test_fake_witness_rejected) ... ok
test_finite_deadend_rejected (__main__.FormalTests.test_finite_deadend_rejected) ... ok
test_gate_races (__main__.FormalTests.test_gate_races) ... ok
test_hash_collision_does_not_merge (__main__.FormalTests.test_hash_collision_does_not_merge) ... ok
test_hb_transitive_closure (__main__.FormalTests.test_hb_transitive_closure) ... ok
test_inapplicable_mutation (__main__.FormalTests.test_inapplicable_mutation) ... ok
test_initial_conservation (__main__.FormalTests.test_initial_conservation) ... ok
test_invalid_capacity (__main__.FormalTests.test_invalid_capacity) ... ok
test_ncq_complete (__main__.FormalTests.test_ncq_complete) ... ok
test_ncq_reference_hb (__main__.FormalTests.test_ncq_reference_hb) ... ok
test_ncq_relaxed_install_epoch_race (__main__.FormalTests.test_ncq_relaxed_install_epoch_race) ... ok
test_ncq_relaxed_observation_epoch_race (__main__.FormalTests.test_ncq_relaxed_observation_epoch_race) ... ok
test_negative_spsc_role (__main__.FormalTests.test_negative_spsc_role) ... ok
test_nonprogress_cycle_detector (__main__.FormalTests.test_nonprogress_cycle_detector) ... ok
test_overbooked_endpoints (__main__.FormalTests.test_overbooked_endpoints) ... ok
test_progress_cycle_not_deadlock (__main__.FormalTests.test_progress_cycle_not_deadlock) ... ok
test_relaxed_CAS_retains_atomicity (__main__.FormalTests.test_relaxed_CAS_retains_atomicity) ... ok
test_source_anchors (__main__.FormalTests.test_source_anchors) ... ok
test_spsc_complete (__main__.FormalTests.test_spsc_complete) ... ok
test_spsc_publication_relaxed_races (__main__.FormalTests.test_spsc_publication_relaxed_races) ... ok
test_spsc_ra_graphs (__main__.FormalTests.test_spsc_ra_graphs) ... ok
test_spsc_recycle_relaxed_races (__main__.FormalTests.test_spsc_recycle_relaxed_races) ... ok
test_stale_consumer_across_laps (__main__.FormalTests.test_stale_consumer_across_laps) ... ok
test_stale_head_witness (__main__.FormalTests.test_stale_head_witness) ... ok
test_spawned_python_publication (__main__.ProcessTests.test_spawned_python_publication) ... ok
test_stopped_writer_private (__main__.FormalTests.test_stopped_writer_private) ... ok
test_stopped_writer_published (__main__.FormalTests.test_stopped_writer_published) ... ok
test_tail_ahead_rejected (__main__.FormalTests.test_tail_ahead_rejected) ... ok
test_time_cutoff (__main__.FormalTests.test_time_cutoff) ... ok
test_wrap_witness (__main__.FormalTests.test_wrap_witness) ... ok

----------------------------------------------------------------------
Ran 34 tests in 1.467s

OK
ELITE_TOPOLOGY_BINARY="/mnt/data/elite_turn14_work/elite-ringbuffer-1.0.1-turn14/build/clang-chaos/bench_topology" ELITE_LIBRARY="/mnt/data/elite_turn14_work/elite-ringbuffer-1.0.1-turn14/build/clang-chaos/libelite_ringbuffer.so" PYTHONPATH="/mnt/data/elite_turn14_work/elite-ringbuffer-1.0.1-turn14/build/clang-chaos/python:/mnt/data/elite_turn14_work/elite-ringbuffer-1.0.1-turn14/bindings/python" python3 tools/check_python.py --hardening
test_callback_exception_rolls_back_pending_count (test_adversarial_races.ExportTransactionTests.test_callback_exception_rolls_back_pending_count) ... ok
test_callback_failure_completes_requested_finalization (test_adversarial_races.ExportTransactionTests.test_callback_failure_completes_requested_finalization) ... ok
test_callback_result_decref_is_inside_transaction (test_adversarial_races.ExportTransactionTests.test_callback_result_decref_is_inside_transaction) ... ok
test_close_failure_can_retry_without_double_drop (test_adversarial_races.ExportTransactionTests.test_close_failure_can_retry_without_double_drop) ... ok
test_close_is_serialized_during_cleanup_callback (test_adversarial_races.ExportTransactionTests.test_close_is_serialized_during_cleanup_callback) ... ok
test_fillinfo_failure_completes_requested_finalization (test_adversarial_races.ExportTransactionTests.test_fillinfo_failure_completes_requested_finalization) ... ok
test_fillinfo_readonly_failure_rolls_back (test_adversarial_races.ExportTransactionTests.test_fillinfo_readonly_failure_rolls_back) ... ok
test_original_four_race_schedules (test_adversarial_races.ExportTransactionTests.test_original_four_race_schedules) ... ok
test_throughput_driver (__main__.ProcessTests.test_throughput_driver) ... ok
test_uncertain_python_return_never_blindly_retries (__main__.ProcessTests.test_uncertain_python_return_never_blindly_retries) ... ok

----------------------------------------------------------------------
Ran 36 tests in 9.435s

OK
ok
test_pending_export_blocks_abort_and_close (test_adversarial_races.ExportTransactionTests.test_pending_export_blocks_abort_and_close) ... ok
test_reentrant_close_rejected (test_adversarial_races.ExportTransactionTests.test_reentrant_close_rejected) ... ok
test_successful_export_defers_requested_finalization (test_adversarial_races.ExportTransactionTests.test_successful_export_defers_requested_finalization) ... ok
test_all_supported_reordered_ids (test_cache_provenance.ProvenanceTests.test_all_supported_reordered_ids) ... ok
test_binary_hash_format (test_cache_provenance.ProvenanceTests.test_binary_hash_format) ... ok
test_bool_is_not_integer (test_cache_provenance.ProvenanceTests.test_bool_is_not_integer) ... ok
test_cache_not_coherence (test_cache_provenance.ProvenanceTests.test_cache_not_coherence) ... ok
test_campaign_missing_record (test_cache_provenance.ProvenanceTests.test_campaign_missing_record) ... ok
test_cli_malformed_and_optimized (test_cache_provenance.ProvenanceTests.test_cli_malformed_and_optimized) ... ok
test_counter_duplicate (test_cache_provenance.ProvenanceTests.test_counter_duplicate) ... ok
test_counter_loss (test_cache_provenance.ProvenanceTests.test_counter_loss) ... ok
test_duplicate_event_id (test_cache_provenance.ProvenanceTests.test_duplicate_event_id) ... ok
test_duplicate_worker_thread (test_cache_provenance.ProvenanceTests.test_duplicate_worker_thread) ... ok
test_elapsed_mismatch (test_cache_provenance.ProvenanceTests.test_elapsed_mismatch) ... ok
test_external_binary_and_source (test_cache_provenance.ProvenanceTests.test_external_binary_and_source) ... ok
test_fractional_mach_timebase (test_cache_provenance.ProvenanceTests.test_fractional_mach_timebase) ... ok
test_incomplete_native_PMC_state (test_cache_provenance.ProvenanceTests.test_incomplete_native_PMC_state) ... ok
test_invalid_frame_rejected (test_cache_provenance.ProvenanceTests.test_invalid_frame_rejected) ... ok
test_max_worker_end (test_cache_provenance.ProvenanceTests.test_max_worker_end) ... ok
test_missing_worker (test_cache_provenance.ProvenanceTests.test_missing_worker) ... ok
test_multiplex_incorrect_estimate (test_cache_provenance.ProvenanceTests.test_multiplex_incorrect_estimate) ... ok
test_multiplex_scaling (test_cache_provenance.ProvenanceTests.test_multiplex_scaling) ... ok
test_never_scheduled (test_cache_provenance.ProvenanceTests.test_never_scheduled) ... ok
test_never_scheduled_nonzero (test_cache_provenance.ProvenanceTests.test_never_scheduled_nonzero) ... ok
test_no_false_p_core_pinning (test_cache_provenance.ProvenanceTests.test_no_false_p_core_pinning) ... ok
test_no_infinity (test_cache_provenance.ProvenanceTests.test_no_infinity) ... ok
test_no_nan (test_cache_provenance.ProvenanceTests.test_no_nan) ... ok
test_no_unsupported_metrics (test_cache_provenance.ProvenanceTests.test_no_unsupported_metrics) ... ok
test_no_zero_invented_for_unavailable_event (test_cache_provenance.ProvenanceTests.test_no_zero_invented_for_unavailable_event) ... ok
test_one_ulp_admitted (test_cache_provenance.ProvenanceTests.test_one_ulp_admitted) ... ok
test_paranoid_classification_not_guessed (test_cache_provenance.ProvenanceTests.test_paranoid_classification_not_guessed) ... ok
test_process_accounting_decrease (test_cache_provenance.ProvenanceTests.test_process_accounting_decrease) ... ok
test_rate_mismatch (test_cache_provenance.ProvenanceTests.test_rate_mismatch) ... ok
test_raw_u64_subtraction_above_binary64_precision (test_cache_provenance.ProvenanceTests.test_raw_u64_subtraction_above_binary64_precision) ... ok
test_running_exceeds_enabled (test_cache_provenance.ProvenanceTests.test_running_exceeds_enabled) ... ok
test_source_snapshot_digest (test_cache_provenance.ProvenanceTests.test_source_snapshot_digest) ... ok
test_t0_wrap (test_cache_provenance.ProvenanceTests.test_t0_wrap) ... ok
test_timer_correlation_does_not_assume_frequency (test_cache_provenance.ProvenanceTests.test_timer_correlation_does_not_assume_frequency) ... ok
test_total_operations (test_cache_provenance.ProvenanceTests.test_total_operations) ... ok
test_two_ulp_rejected (test_cache_provenance.ProvenanceTests.test_two_ulp_rejected) ... ok
test_worker_delta (test_cache_provenance.ProvenanceTests.test_worker_delta) ... ok
test_zero_timebase (test_cache_provenance.ProvenanceTests.test_zero_timebase) ... ok
test_all_saved_native_fixtures (test_chaos_results.ChaosOracleTests.test_all_saved_native_fixtures) ... ok
test_async_dropped_pending_message (test_chaos_results.ChaosOracleTests.test_async_dropped_pending_message) ... ok
test_async_is_not_zero_loss (test_chaos_results.ChaosOracleTests.test_async_is_not_zero_loss) ... ok
test_async_orphan_unrecorded (test_chaos_results.ChaosOracleTests.test_async_orphan_unrecorded) ... ok
test_bad_gate_bits (test_chaos_results.ChaosOracleTests.test_bad_gate_bits) ... ok
test_bad_gate_count (test_chaos_results.ChaosOracleTests.test_bad_gate_count) ... ok
test_bool_integer (test_chaos_results.ChaosOracleTests.test_bool_integer) ... ok
test_child_future_clock (test_chaos_results.ChaosOracleTests.test_child_future_clock) ... ok
test_child_sequence (test_chaos_results.ChaosOracleTests.test_child_sequence) ... ok
test_cli_optimized_rejects_mutant (test_chaos_results.ChaosOracleTests.test_cli_optimized_rejects_mutant) ... ok
test_clock_reverse (test_chaos_results.ChaosOracleTests.test_clock_reverse) ... ok
test_count_wrong (test_chaos_results.ChaosOracleTests.test_count_wrong) ... ok
test_duplicate_free_token (test_chaos_results.ChaosOracleTests.test_duplicate_free_token) ... ok
test_duplicate_json_keys (test_chaos_results.ChaosOracleTests.test_duplicate_json_keys) ... ok
test_early_timeout (test_chaos_results.ChaosOracleTests.test_early_timeout) ... ok
test_exit_signal_wrong (test_chaos_results.ChaosOracleTests.test_exit_signal_wrong) ... ok
test_false_hook_claim (test_chaos_results.ChaosOracleTests.test_false_hook_claim) ... ok
test_foreign_pid (test_chaos_results.ChaosOracleTests.test_foreign_pid) ... ok
test_free_epoch_bad (test_chaos_results.ChaosOracleTests.test_free_epoch_bad) ... ok
test_header_corruption (test_chaos_results.ChaosOracleTests.test_header_corruption) ... ok
test_illegal_resumed_commit (test_chaos_results.ChaosOracleTests.test_illegal_resumed_commit) ... ok
test_incomplete_campaign (test_chaos_results.ChaosOracleTests.test_incomplete_campaign) ... ok
test_late_publication_omitted (test_chaos_results.ChaosOracleTests.test_late_publication_omitted) ... ok
test_loss_hidden_by_count (test_chaos_results.ChaosOracleTests.test_loss_hidden_by_count) ... ok
test_missing_completion (test_chaos_results.ChaosOracleTests.test_missing_completion) ... ok
test_missing_name_cleanup (test_chaos_results.ChaosOracleTests.test_missing_name_cleanup) ... ok
test_nohook_storm_with_hooks (test_chaos_results.ChaosOracleTests.test_nohook_storm_with_hooks) ... ok
test_nonfinite (test_chaos_results.ChaosOracleTests.test_nonfinite) ... ok
test_orphan_identity_changed (test_chaos_results.ChaosOracleTests.test_orphan_identity_changed) ... ok
test_orphan_phase_corruption (test_chaos_results.ChaosOracleTests.test_orphan_phase_corruption) ... ok
test_premature_destruction_allowed (test_chaos_results.ChaosOracleTests.test_premature_destruction_allowed) ... ok
test_resource_budget (test_chaos_results.ChaosOracleTests.test_resource_budget) ... ok
test_reused_parent_address (test_chaos_results.ChaosOracleTests.test_reused_parent_address) ... ok
test_reused_session (test_chaos_results.ChaosOracleTests.test_reused_session) ... ok
test_sequence_gap (test_chaos_results.ChaosOracleTests.test_sequence_gap) ... ok
test_spsc_reclamation_lie (test_chaos_results.ChaosOracleTests.test_spsc_reclamation_lie) ... ok
test_spsc_status_mutation (test_chaos_results.ChaosOracleTests.test_spsc_status_mutation) ... ok
test_standard_population (test_chaos_results.ChaosOracleTests.test_standard_population) ... ok
test_stop_not_terminal (test_chaos_results.ChaosOracleTests.test_stop_not_terminal) ... ok
test_storm_no_deliveries (test_chaos_results.ChaosOracleTests.test_storm_no_deliveries) ... ok
test_timeout_custody (test_chaos_results.ChaosOracleTests.test_timeout_custody) ... ok
test_timeout_does_not_fence (test_chaos_results.ChaosOracleTests.test_timeout_does_not_fence) ... ok
test_timeout_does_not_reclaim (test_chaos_results.ChaosOracleTests.test_timeout_does_not_reclaim) ... ok
test_too_large_frontier (test_chaos_results.ChaosOracleTests.test_too_large_frontier) ... ok
test_uncommitted_sentinel_delivered (test_chaos_results.ChaosOracleTests.test_uncommitted_sentinel_delivered) ... ok
test_unknown_campaign_profile (test_chaos_results.ChaosOracleTests.test_unknown_campaign_profile) ... ok
test_unreaped_complete (test_chaos_results.ChaosOracleTests.test_unreaped_complete) ... ok
test_wrong_hook_cut (test_chaos_results.ChaosOracleTests.test_wrong_hook_cut) ... ok
test_wrong_live_cycle (test_chaos_results.ChaosOracleTests.test_wrong_live_cycle) ... ok
test_wrong_snapshot_scope (test_chaos_results.ChaosOracleTests.test_wrong_snapshot_scope) ... ok
test_alias_transfer_rejected (test_formal.FormalTests.test_alias_transfer_rejected) ... ok
test_all_structural_mutants (test_formal.FormalTests.test_all_structural_mutants) ... ok
test_budget_fails_closed (test_formal.FormalTests.test_budget_fails_closed) ... ok
test_counter_bounds (test_formal.FormalTests.test_counter_bounds) ... ok
test_duplicate_membership_rejected (test_formal.FormalTests.test_duplicate_membership_rejected) ... ok
test_fake_witness_rejected (test_formal.FormalTests.test_fake_witness_rejected) ... ok
test_finite_deadend_rejected (test_formal.FormalTests.test_finite_deadend_rejected) ... ok
test_gate_races (test_formal.FormalTests.test_gate_races) ... ok
test_hash_collision_does_not_merge (test_formal.FormalTests.test_hash_collision_does_not_merge) ... ok
test_hb_transitive_closure (test_formal.FormalTests.test_hb_transitive_closure) ... ok
test_inapplicable_mutation (test_formal.FormalTests.test_inapplicable_mutation) ... ok
test_initial_conservation (test_formal.FormalTests.test_initial_conservation) ... ok
test_invalid_capacity (test_formal.FormalTests.test_invalid_capacity) ... ok
test_ncq_complete (test_formal.FormalTests.test_ncq_complete) ... ok
test_ncq_reference_hb (test_formal.FormalTests.test_ncq_reference_hb) ... ok
test_ncq_relaxed_install_epoch_race (test_formal.FormalTests.test_ncq_relaxed_install_epoch_race) ... ok
test_ncq_relaxed_observation_epoch_race (test_formal.FormalTests.test_ncq_relaxed_observation_epoch_race) ... ok
test_negative_spsc_role (test_formal.FormalTests.test_negative_spsc_role) ... ok
test_nonprogress_cycle_detector (test_formal.FormalTests.test_nonprogress_cycle_detector) ... ok
test_overbooked_endpoints (test_formal.FormalTests.test_overbooked_endpoints) ... ok
test_progress_cycle_not_deadlock (test_formal.FormalTests.test_progress_cycle_not_deadlock) ... ok
test_relaxed_CAS_retains_atomicity (test_formal.FormalTests.test_relaxed_CAS_retains_atomicity) ... ok
test_source_anchors (test_formal.FormalTests.test_source_anchors) ... ok
test_spsc_complete (test_formal.FormalTests.test_spsc_complete) ... ok
test_spsc_publication_relaxed_races (test_formal.FormalTests.test_spsc_publication_relaxed_races) ... ok
test_spsc_ra_graphs (test_formal.FormalTests.test_spsc_ra_graphs) ... ok
test_spsc_recycle_relaxed_races (test_formal.FormalTests.test_spsc_recycle_relaxed_races) ... ok
test_stale_consumer_across_laps (test_formal.FormalTests.test_stale_consumer_across_laps) ... ok
test_stale_head_witness (test_formal.FormalTests.test_stale_head_witness) ... ok
test_stopped_writer_private (test_formal.FormalTests.test_stopped_writer_private) ... ok
test_stopped_writer_published (test_formal.FormalTests.test_stopped_writer_published) ... ok
test_tail_ahead_rejected (test_formal.FormalTests.test_tail_ahead_rejected) ... ok
test_time_cutoff (test_formal.FormalTests.test_time_cutoff) ... ok
test_wrap_witness (test_formal.FormalTests.test_wrap_witness) ... ok
test_changed_boundary_witness (test_formal_results.ReceiptTests.test_changed_boundary_witness) ... ok
test_changed_handoff_edge (test_formal_results.ReceiptTests.test_changed_handoff_edge) ... ok
test_changed_targeted_trace (test_formal_results.ReceiptTests.test_changed_targeted_trace) ... ok
test_claim_full_qualification (test_formal_results.ReceiptTests.test_claim_full_qualification) ... ok
test_duplicate_keys (test_formal_results.ReceiptTests.test_duplicate_keys) ... ok
test_external_tool_claim (test_formal_results.ReceiptTests.test_external_tool_claim) ... ok
test_fabricated_mutant_transition (test_formal_results.ReceiptTests.test_fabricated_mutant_transition) ... ok
test_incomplete_as_pass (test_formal_results.ReceiptTests.test_incomplete_as_pass) ... ok
test_laundered_expected_exit (test_formal_results.ReceiptTests.test_laundered_expected_exit) ... ok
test_missing_case (test_formal_results.ReceiptTests.test_missing_case) ... ok
test_numeric_infinity (test_formal_results.ReceiptTests.test_numeric_infinity) ... ok
test_python_optimized_cli_rejects (test_formal_results.ReceiptTests.test_python_optimized_cli_rejects) ... ok
test_removed_source_identity (test_formal_results.ReceiptTests.test_removed_source_identity) ... ok
test_valid_all_auxiliary_replay (test_formal_results.ReceiptTests.test_valid_all_auxiliary_replay) ... make: *** [Makefile:152: check-python-hardening] Terminated
