build/clang-chaos/test_core
parser_single_byte_mutations_rejected=512
PASS core_groups=68 shared_header=2048 descriptor=128 participant=256
build/clang-chaos/test_ipc spsc 1 1 100000
PASS native_spawn_ipc mode=SPSC producers=1 consumers=1 messages=100000 bytes_each=64 duplicates=0 missing=0 bad_payloads=0 all_tokens_returned=yes controller_elapsed_ns=18479945 (not_latency)
build/clang-chaos/test_ipc ncq 4 4 100000
PASS native_spawn_ipc mode=NCQ-SC64 producers=4 consumers=4 messages=100000 bytes_each=64 duplicates=0 missing=0 bad_payloads=0 all_tokens_returned=yes controller_elapsed_ns=22096005 (not_latency)
build/clang-chaos/test_adversarial
PASS one_mapping_threads 2P2C messages=100000 exact_membership=yes
PASS controlled publication point=2 healthy_lifecycles_while_paused=10000
PASS controlled publication point=5 healthy_lifecycles_while_paused=10000
PASS controlled stale_head discards_old_entry_after_101_competing_claims
PASS controlled late_returner no_post_LP_descriptor_write
PASS integrity mode=1 retained_corrupt_token_not_reclaimed
PASS integrity mode=2 retained_corrupt_token_not_reclaimed
PASS SPSC finite_wait wake_before_or_after_block and_retirement
PASS adversarial_histories=8
build/clang-chaos/test_limits
PASS near_limit mode=1 limit=TICKET no_wrap_and_no_terminal_publication
PASS near_limit mode=1 limit=EPOCH no_wrap_and_no_terminal_publication
PASS near_limit mode=2 limit=TICKET no_wrap_and_no_terminal_publication
PASS near_limit mode=2 limit=EPOCH no_wrap_and_no_terminal_publication
build/clang-chaos/test_chaos
PASS native_SIGKILL cut=MID_WRITE healthy_lifecycles_before_fencing=10000 no_token_theft=yes
PASS native_SIGKILL cut=POST_PUBLICATION_PRE_TAIL healthy_lifecycles_before_fencing=10000 no_token_theft=yes
PASS native_SIGSTOP_successor_SIGCONT old_writer_did_not_modify_successor
PASS native_chaos_scenarios=3
build/clang-chaos/fuzz_prefix 1000000
PASS stable_prefix_corpus inputs=1000000 accepted_valid_mutations=89908 rejected=910092 seed=744125b77cc09301
build/clang-chaos/formal_spsc_handoff
build/clang-chaos/formal_ncq_handoff
build/clang-chaos/formal_ticket_atomicity
python3 tools/check_formal_binding.py
PASS: 8 source files match the reviewed model binding
python3 tests/test_formal.py
test_alias_transfer_rejected (__main__.FormalTests.test_alias_transfer_rejected) ... ok
test_all_structural_mutants (__main__.FormalTests.test_all_structural_mutants) ... ok
test_budget_fails_closed (__main__.FormalTests.test_budget_fails_closed) ... ok
test_counter_bounds (__main__.FormalTests.test_counter_bounds) ... ok
test_duplicate_membership_rejected (__main__.FormalTests.test_duplicate_membership_rejected) ... ok
test_fake_witness_rejected (__main__.FormalTests.test_fake_witness_rejected) ... ok
test_finite_deadend_rejected (__main__.FormalTests.test_finite_deadend_rejected) ... ok
test_gate_races (__main__.FormalTests.test_gate_races) ... ok
test_hash_collision_does_not_merge (__main__.FormalTests.test_hash_collision_does_not_merge) ... ok
test_hb_transitive_closure (__main__.FormalTests.test_hb_transitive_closure) ... ok
test_inapplicable_mutation (__main__.FormalTests.test_inapplicable_mutation) ... ok
test_initial_conservation (__main__.FormalTests.test_initial_conservation) ... ok
test_invalid_capacity (__main__.FormalTests.test_invalid_capacity) ... ok
test_ncq_complete (__main__.FormalTests.test_ncq_complete) ... ok
test_ncq_reference_hb (__main__.FormalTests.test_ncq_reference_hb) ... ok
test_ncq_relaxed_install_epoch_race (__main__.FormalTests.test_ncq_relaxed_install_epoch_race) ... ok
test_ncq_relaxed_observation_epoch_race (__main__.FormalTests.test_ncq_relaxed_observation_epoch_race) ... ok
test_negative_spsc_role (__main__.FormalTests.test_negative_spsc_role) ... ok
test_nonprogress_cycle_detector (__main__.FormalTests.test_nonprogress_cycle_detector) ... ok
test_overbooked_endpoints (__main__.FormalTests.test_overbooked_endpoints) ... ok
test_progress_cycle_not_deadlock (__main__.FormalTests.test_progress_cycle_not_deadlock) ... ok
test_relaxed_CAS_retains_atomicity (__main__.FormalTests.test_relaxed_CAS_retains_atomicity) ... ok
test_source_anchors (__main__.FormalTests.test_source_anchors) ... ok
test_spsc_complete (__main__.FormalTests.test_spsc_complete) ... ok
test_spsc_publication_relaxed_races (__main__.FormalTests.test_spsc_publication_relaxed_races) ... ok
test_spsc_ra_graphs (__main__.FormalTests.test_spsc_ra_graphs) ... ok
test_spsc_recycle_relaxed_races (__main__.FormalTests.test_spsc_recycle_relaxed_races) ... ok
test_stale_consumer_across_laps (__main__.FormalTests.test_stale_consumer_across_laps) ... ok
test_stale_head_witness (__main__.FormalTests.test_stale_head_witness) ... ok
test_stopped_writer_private (__main__.FormalTests.test_stopped_writer_private) ... ok
test_stopped_writer_published (__main__.FormalTests.test_stopped_writer_published) ... ok
test_tail_ahead_rejected (__main__.FormalTests.test_tail_ahead_rejected) ... ok
test_time_cutoff (__main__.FormalTests.test_time_cutoff) ... ok
test_wrap_witness (__main__.FormalTests.test_wrap_witness) ... ok

----------------------------------------------------------------------
Ran 34 tests in 1.091s

OK
python3 tests/test_formal_results.py
test_changed_boundary_witness (__main__.ReceiptTests.test_changed_boundary_witness) ... ok
test_changed_handoff_edge (__main__.ReceiptTests.test_changed_handoff_edge) ... ok
test_changed_targeted_trace (__main__.ReceiptTests.test_changed_targeted_trace) ... ok
test_claim_full_qualification (__main__.ReceiptTests.test_claim_full_qualification) ... ok
test_duplicate_keys (__main__.ReceiptTests.test_duplicate_keys) ... ok
test_external_tool_claim (__main__.ReceiptTests.test_external_tool_claim) ... ok
test_fabricated_mutant_transition (__main__.ReceiptTests.test_fabricated_mutant_transition) ... ok
test_incomplete_as_pass (__main__.ReceiptTests.test_incomplete_as_pass) ... ok
test_laundered_expected_exit (__main__.ReceiptTests.test_laundered_expected_exit) ... ok
test_missing_case (__main__.ReceiptTests.test_missing_case) ... ok
test_numeric_infinity (__main__.ReceiptTests.test_numeric_infinity) ... ok
test_python_optimized_cli_rejects (__main__.ReceiptTests.test_python_optimized_cli_rejects) ... ok
test_removed_source_identity (__main__.ReceiptTests.test_removed_source_identity) ... ok
test_valid_all_auxiliary_replay (__main__.ReceiptTests.test_valid_all_auxiliary_replay) ... ok
test_wrong_bound (__main__.ReceiptTests.test_wrong_bound) ... ok

----------------------------------------------------------------------
Ran 15 tests in 8.458s

OK
python3 tests/test_chaos_results.py
test_all_saved_native_fixtures (__main__.ChaosOracleTests.test_all_saved_native_fixtures) ... ok
test_async_dropped_pending_message (__main__.ChaosOracleTests.test_async_dropped_pending_message) ... ok
test_async_is_not_zero_loss (__main__.ChaosOracleTests.test_async_is_not_zero_loss) ... ok
test_async_orphan_unrecorded (__main__.ChaosOracleTests.test_async_orphan_unrecorded) ... ok
test_bad_gate_bits (__main__.ChaosOracleTests.test_bad_gate_bits) ... ok
test_bad_gate_count (__main__.ChaosOracleTests.test_bad_gate_count) ... ok
test_bool_integer (__main__.ChaosOracleTests.test_bool_integer) ... ok
test_child_future_clock (__main__.ChaosOracleTests.test_child_future_clock) ... ok
test_child_sequence (__main__.ChaosOracleTests.test_child_sequence) ... ok
test_cli_optimized_rejects_mutant (__main__.ChaosOracleTests.test_cli_optimized_rejects_mutant) ... ok
test_clock_reverse (__main__.ChaosOracleTests.test_clock_reverse) ... ok
test_count_wrong (__main__.ChaosOracleTests.test_count_wrong) ... ok
test_duplicate_free_token (__main__.ChaosOracleTests.test_duplicate_free_token) ... ok
test_duplicate_json_keys (__main__.ChaosOracleTests.test_duplicate_json_keys) ... ok
test_early_timeout (__main__.ChaosOracleTests.test_early_timeout) ... ok
test_exit_signal_wrong (__main__.ChaosOracleTests.test_exit_signal_wrong) ... ok
test_false_hook_claim (__main__.ChaosOracleTests.test_false_hook_claim) ... ok
test_foreign_pid (__main__.ChaosOracleTests.test_foreign_pid) ... ok
test_free_epoch_bad (__main__.ChaosOracleTests.test_free_epoch_bad) ... ok
test_header_corruption (__main__.ChaosOracleTests.test_header_corruption) ... ok
test_illegal_resumed_commit (__main__.ChaosOracleTests.test_illegal_resumed_commit) ... ok
test_incomplete_campaign (__main__.ChaosOracleTests.test_incomplete_campaign) ... ok
test_late_publication_omitted (__main__.ChaosOracleTests.test_late_publication_omitted) ... ok
test_loss_hidden_by_count (__main__.ChaosOracleTests.test_loss_hidden_by_count) ... ok
test_missing_completion (__main__.ChaosOracleTests.test_missing_completion) ... ok
test_missing_name_cleanup (__main__.ChaosOracleTests.test_missing_name_cleanup) ... ok
test_nohook_storm_with_hooks (__main__.ChaosOracleTests.test_nohook_storm_with_hooks) ... ok
test_nonfinite (__main__.ChaosOracleTests.test_nonfinite) ... ok
test_orphan_identity_changed (__main__.ChaosOracleTests.test_orphan_identity_changed) ... ok
test_orphan_phase_corruption (__main__.ChaosOracleTests.test_orphan_phase_corruption) ... ok
test_premature_destruction_allowed (__main__.ChaosOracleTests.test_premature_destruction_allowed) ... ok
test_resource_budget (__main__.ChaosOracleTests.test_resource_budget) ... ok
test_reused_parent_address (__main__.ChaosOracleTests.test_reused_parent_address) ... ok
test_reused_session (__main__.ChaosOracleTests.test_reused_session) ... ok
test_sequence_gap (__main__.ChaosOracleTests.test_sequence_gap) ... ok
test_spsc_reclamation_lie (__main__.ChaosOracleTests.test_spsc_reclamation_lie) ... ok
test_spsc_status_mutation (__main__.ChaosOracleTests.test_spsc_status_mutation) ... ok
test_standard_population (__main__.ChaosOracleTests.test_standard_population) ... ok
test_stop_not_terminal (__main__.ChaosOracleTests.test_stop_not_terminal) ... ok
test_storm_no_deliveries (__main__.ChaosOracleTests.test_storm_no_deliveries) ... ok
test_timeout_custody (__main__.ChaosOracleTests.test_timeout_custody) ... ok
test_timeout_does_not_fence (__main__.ChaosOracleTests.test_timeout_does_not_fence) ... ok
test_timeout_does_not_reclaim (__main__.ChaosOracleTests.test_timeout_does_not_reclaim) ... ok
test_too_large_frontier (__main__.ChaosOracleTests.test_too_large_frontier) ... ok
test_uncommitted_sentinel_delivered (__main__.ChaosOracleTests.test_uncommitted_sentinel_delivered) ... ok
test_unknown_campaign_profile (__main__.ChaosOracleTests.test_unknown_campaign_profile) ... ok
test_unreaped_complete (__main__.ChaosOracleTests.test_unreaped_complete) ... ok
test_wrong_hook_cut (__main__.ChaosOracleTests.test_wrong_hook_cut) ... ok
test_wrong_live_cycle (__main__.ChaosOracleTests.test_wrong_live_cycle) ... ok
test_wrong_snapshot_scope (__main__.ChaosOracleTests.test_wrong_snapshot_scope) ... ok

----------------------------------------------------------------------
Ran 50 tests in 0.658s

OK
python3 tools/check_chaos.py --build build/clang-chaos
write_claim_ncq_1p1c_t000: PASS_WITHIN_SCOPE messages=20000
read_claim_ncq_1p1c_t000: PASS_WITHIN_SCOPE messages=20000
late_publication_ncq_1p1c_t000: PASS_WITHIN_SCOPE messages=20000
resume_write_ncq_1p1c_t000: PASS_WITHIN_SCOPE messages=20000
resume_read_ncq_1p1c_t000: PASS_WITHIN_SCOPE messages=20000
resume_write_spsc_1p1c_t000: PASS_WITHIN_SCOPE messages=10000
resume_read_spsc_1p1c_t000: PASS_WITHIN_SCOPE messages=10000
random_abort_kill_ncq_1p1c_t000: PASS_WITHIN_SCOPE messages=20000
storm_ncq_4p4c_t000: PASS_WITHIN_SCOPE messages=16000
resources_t000: PASS_WITHIN_SCOPE messages=0
{"status": "COMPLETE", "plan_sha256": "ac5a6b270028c27aa514080b2794bee96eeb70363b479483b6e5a4d7a7dbdf72", "cases": ["write_claim_ncq_1p1c_t000", "read_claim_ncq_1p1c_t000", "late_publication_ncq_1p1c_t000", "resume_write_ncq_1p1c_t000", "resume_read_ncq_1p1c_t000", "resume_write_spsc_1p1c_t000", "resume_read_spsc_1p1c_t000", "random_abort_kill_ncq_1p1c_t000", "storm_ncq_4p4c_t000", "resources_t000"], "messages": 156000}
{"status": "PASS_WITHIN_SCOPE", "cases": 10, "measured_messages": 156000}
