write_claim_ncq_1p1c_t000: PASS_WITHIN_SCOPE messages=20000
write_reserved_ncq_1p1c_t000: PASS_WITHIN_SCOPE messages=20000
write_committed_ncq_1p1c_t000: PASS_WITHIN_SCOPE messages=20000
write_published_ncq_1p1c_t000: PASS_WITHIN_SCOPE messages=20000
read_claim_ncq_1p1c_t000: PASS_WITHIN_SCOPE messages=20000
read_returning_ncq_1p1c_t000: PASS_WITHIN_SCOPE messages=20000
read_returned_ncq_1p1c_t000: PASS_WITHIN_SCOPE messages=20000
late_publication_ncq_1p1c_t000: PASS_WITHIN_SCOPE messages=20000
write_partial_ncq_1p1c_t000: PASS_WITHIN_SCOPE messages=20000
read_held_ncq_1p1c_t000: PASS_WITHIN_SCOPE messages=20000
resume_write_ncq_1p1c_t000: PASS_WITHIN_SCOPE messages=20000
resume_read_ncq_1p1c_t000: PASS_WITHIN_SCOPE messages=20000
async_resume_write_ncq_1p1c_t000: PASS_WITHIN_SCOPE messages=1004206
write_partial_spsc_1p1c_t000: PASS_WITHIN_SCOPE messages=10000
read_held_spsc_1p1c_t000: PASS_WITHIN_SCOPE messages=10000
resume_write_spsc_1p1c_t000: PASS_WITHIN_SCOPE messages=10000
resume_read_spsc_1p1c_t000: PASS_WITHIN_SCOPE messages=10000
random_abort_kill_ncq_1p1c_t000: PASS_WITHIN_SCOPE messages=20000
storm_spsc_1p1c_t000: PASS_WITHIN_SCOPE messages=32000
storm_ncq_1p1c_t000: PASS_WITHIN_SCOPE messages=32000
storm_ncq_4p4c_t000: PASS_WITHIN_SCOPE messages=32000
storm_ncq_16p1c_t000: PASS_WITHIN_SCOPE messages=32000
storm_ncq_1p16c_t000: PASS_WITHIN_SCOPE messages=32000
storm_ncq_16p16c_t000: PASS_WITHIN_SCOPE messages=32000
storm_restart_spsc_1p1c_t000: PASS_WITHIN_SCOPE messages=32000
storm_restart_ncq_1p1c_t000: PASS_WITHIN_SCOPE messages=32000
storm_restart_ncq_4p4c_t000: PASS_WITHIN_SCOPE messages=32000
storm_restart_ncq_16p1c_t000: PASS_WITHIN_SCOPE messages=32000
storm_restart_ncq_1p16c_t000: PASS_WITHIN_SCOPE messages=32000
storm_restart_ncq_16p16c_t000: PASS_WITHIN_SCOPE messages=32000
resources_t000: PASS_WITHIN_SCOPE messages=0
write_claim_ncq_1p1c_t001: PASS_WITHIN_SCOPE messages=20000
write_reserved_ncq_1p1c_t001: PASS_WITHIN_SCOPE messages=20000
write_committed_ncq_1p1c_t001: PASS_WITHIN_SCOPE messages=20000
write_published_ncq_1p1c_t001: PASS_WITHIN_SCOPE messages=20000
read_claim_ncq_1p1c_t001: PASS_WITHIN_SCOPE messages=20000
read_returning_ncq_1p1c_t001: PASS_WITHIN_SCOPE messages=20000
read_returned_ncq_1p1c_t001: PASS_WITHIN_SCOPE messages=20000
late_publication_ncq_1p1c_t001: PASS_WITHIN_SCOPE messages=20000
write_partial_ncq_1p1c_t001: PASS_WITHIN_SCOPE messages=20000
read_held_ncq_1p1c_t001: PASS_WITHIN_SCOPE messages=20000
resume_write_ncq_1p1c_t001: PASS_WITHIN_SCOPE messages=20000
resume_read_ncq_1p1c_t001: PASS_WITHIN_SCOPE messages=20000
async_resume_write_ncq_1p1c_t001: PASS_WITHIN_SCOPE messages=1026508
write_partial_spsc_1p1c_t001: PASS_WITHIN_SCOPE messages=10000
read_held_spsc_1p1c_t001: PASS_WITHIN_SCOPE messages=10000
resume_write_spsc_1p1c_t001: PASS_WITHIN_SCOPE messages=10000
resume_read_spsc_1p1c_t001: PASS_WITHIN_SCOPE messages=10000
random_abort_kill_ncq_1p1c_t001: PASS_WITHIN_SCOPE messages=20000
storm_spsc_1p1c_t001: PASS_WITHIN_SCOPE messages=32000
storm_ncq_1p1c_t001: PASS_WITHIN_SCOPE messages=32000
storm_ncq_4p4c_t001: PASS_WITHIN_SCOPE messages=32000
storm_ncq_16p1c_t001: PASS_WITHIN_SCOPE messages=32000
storm_ncq_1p16c_t001: PASS_WITHIN_SCOPE messages=32000
storm_ncq_16p16c_t001: PASS_WITHIN_SCOPE messages=32000
storm_restart_spsc_1p1c_t001: PASS_WITHIN_SCOPE messages=32000
storm_restart_ncq_1p1c_t001: PASS_WITHIN_SCOPE messages=32000
storm_restart_ncq_4p4c_t001: PASS_WITHIN_SCOPE messages=32000
storm_restart_ncq_16p1c_t001: PASS_WITHIN_SCOPE messages=32000
storm_restart_ncq_1p16c_t001: PASS_WITHIN_SCOPE messages=32000
storm_restart_ncq_16p16c_t001: PASS_WITHIN_SCOPE messages=32000
resources_t001: PASS_WITHIN_SCOPE messages=0
write_claim_ncq_1p1c_t002: PASS_WITHIN_SCOPE messages=20000
write_reserved_ncq_1p1c_t002: PASS_WITHIN_SCOPE messages=20000
write_committed_ncq_1p1c_t002: PASS_WITHIN_SCOPE messages=20000
write_published_ncq_1p1c_t002: PASS_WITHIN_SCOPE messages=20000
read_claim_ncq_1p1c_t002: PASS_WITHIN_SCOPE messages=20000
read_returning_ncq_1p1c_t002: PASS_WITHIN_SCOPE messages=20000
read_returned_ncq_1p1c_t002: PASS_WITHIN_SCOPE messages=20000
late_publication_ncq_1p1c_t002: PASS_WITHIN_SCOPE messages=20000
write_partial_ncq_1p1c_t002: PASS_WITHIN_SCOPE messages=20000
read_held_ncq_1p1c_t002: PASS_WITHIN_SCOPE messages=20000
resume_write_ncq_1p1c_t002: PASS_WITHIN_SCOPE messages=20000
resume_read_ncq_1p1c_t002: PASS_WITHIN_SCOPE messages=20000
async_resume_write_ncq_1p1c_t002: PASS_WITHIN_SCOPE messages=1869691
write_partial_spsc_1p1c_t002: PASS_WITHIN_SCOPE messages=10000
read_held_spsc_1p1c_t002: PASS_WITHIN_SCOPE messages=10000
resume_write_spsc_1p1c_t002: PASS_WITHIN_SCOPE messages=10000
resume_read_spsc_1p1c_t002: PASS_WITHIN_SCOPE messages=10000
random_abort_kill_ncq_1p1c_t002: PASS_WITHIN_SCOPE messages=20000
storm_spsc_1p1c_t002: PASS_WITHIN_SCOPE messages=32000
storm_ncq_1p1c_t002: PASS_WITHIN_SCOPE messages=32000
storm_ncq_4p4c_t002: PASS_WITHIN_SCOPE messages=32000
storm_ncq_16p1c_t002: PASS_WITHIN_SCOPE messages=32000
storm_ncq_1p16c_t002: PASS_WITHIN_SCOPE messages=32000
storm_ncq_16p16c_t002: PASS_WITHIN_SCOPE messages=32000
storm_restart_spsc_1p1c_t002: PASS_WITHIN_SCOPE messages=32000
storm_restart_ncq_1p1c_t002: PASS_WITHIN_SCOPE messages=32000
storm_restart_ncq_4p4c_t002: PASS_WITHIN_SCOPE messages=32000
storm_restart_ncq_16p1c_t002: PASS_WITHIN_SCOPE messages=32000
storm_restart_ncq_1p16c_t002: PASS_WITHIN_SCOPE messages=32000
storm_restart_ncq_16p16c_t002: PASS_WITHIN_SCOPE messages=32000
resources_t002: PASS_WITHIN_SCOPE messages=0
{"status": "COMPLETE", "plan_sha256": "997b67073524eb2a1d185fabef1775d877952d286f02920ba3cecb693128687b", "cases": ["write_claim_ncq_1p1c_t000", "write_reserved_ncq_1p1c_t000", "write_committed_ncq_1p1c_t000", "write_published_ncq_1p1c_t000", "read_claim_ncq_1p1c_t000", "read_returning_ncq_1p1c_t000", "read_returned_ncq_1p1c_t000", "late_publication_ncq_1p1c_t000", "write_partial_ncq_1p1c_t000", "read_held_ncq_1p1c_t000", "resume_write_ncq_1p1c_t000", "resume_read_ncq_1p1c_t000", "async_resume_write_ncq_1p1c_t000", "write_partial_spsc_1p1c_t000", "read_held_spsc_1p1c_t000", "resume_write_spsc_1p1c_t000", "resume_read_spsc_1p1c_t000", "random_abort_kill_ncq_1p1c_t000", "storm_spsc_1p1c_t000", "storm_ncq_1p1c_t000", "storm_ncq_4p4c_t000", "storm_ncq_16p1c_t000", "storm_ncq_1p16c_t000", "storm_ncq_16p16c_t000", "storm_restart_spsc_1p1c_t000", "storm_restart_ncq_1p1c_t000", "storm_restart_ncq_4p4c_t000", "storm_restart_ncq_16p1c_t000", "storm_restart_ncq_1p16c_t000", "storm_restart_ncq_16p16c_t000", "resources_t000", "write_claim_ncq_1p1c_t001", "write_reserved_ncq_1p1c_t001", "write_committed_ncq_1p1c_t001", "write_published_ncq_1p1c_t001", "read_claim_ncq_1p1c_t001", "read_returning_ncq_1p1c_t001", "read_returned_ncq_1p1c_t001", "late_publication_ncq_1p1c_t001", "write_partial_ncq_1p1c_t001", "read_held_ncq_1p1c_t001", "resume_write_ncq_1p1c_t001", "resume_read_ncq_1p1c_t001", "async_resume_write_ncq_1p1c_t001", "write_partial_spsc_1p1c_t001", "read_held_spsc_1p1c_t001", "resume_write_spsc_1p1c_t001", "resume_read_spsc_1p1c_t001", "random_abort_kill_ncq_1p1c_t001", "storm_spsc_1p1c_t001", "storm_ncq_1p1c_t001", "storm_ncq_4p4c_t001", "storm_ncq_16p1c_t001", "storm_ncq_1p16c_t001", "storm_ncq_16p16c_t001", "storm_restart_spsc_1p1c_t001", "storm_restart_ncq_1p1c_t001", "storm_restart_ncq_4p4c_t001", "storm_restart_ncq_16p1c_t001", "storm_restart_ncq_1p16c_t001", "storm_restart_ncq_16p16c_t001", "resources_t001", "write_claim_ncq_1p1c_t002", "write_reserved_ncq_1p1c_t002", "write_committed_ncq_1p1c_t002", "write_published_ncq_1p1c_t002", "read_claim_ncq_1p1c_t002", "read_returning_ncq_1p1c_t002", "read_returned_ncq_1p1c_t002", "late_publication_ncq_1p1c_t002", "write_partial_ncq_1p1c_t002", "read_held_ncq_1p1c_t002", "resume_write_ncq_1p1c_t002", "resume_read_ncq_1p1c_t002", "async_resume_write_ncq_1p1c_t002", "write_partial_spsc_1p1c_t002", "read_held_spsc_1p1c_t002", "resume_write_spsc_1p1c_t002", "resume_read_spsc_1p1c_t002", "random_abort_kill_ncq_1p1c_t002", "storm_spsc_1p1c_t002", "storm_ncq_1p1c_t002", "storm_ncq_4p4c_t002", "storm_ncq_16p1c_t002", "storm_ncq_1p16c_t002", "storm_ncq_16p16c_t002", "storm_restart_spsc_1p1c_t002", "storm_restart_ncq_1p1c_t002", "storm_restart_ncq_4p4c_t002", "storm_restart_ncq_16p1c_t002", "storm_restart_ncq_1p16c_t002", "storm_restart_ncq_16p16c_t002", "resources_t002"], "messages": 5952405}
