-- Install configuration: "Release"
-- Installing: /mnt/data/turn16_work/elite-ringbuffer-1.1.0/build/gcc-relocate-fixed/original-prefix/bin/live_throughput_demo
-- Set non-toolchain portion of runtime path of "/mnt/data/turn16_work/elite-ringbuffer-1.1.0/build/gcc-relocate-fixed/original-prefix/bin/live_throughput_demo" to "$ORIGIN/../lib"
-- Installing: /mnt/data/turn16_work/elite-ringbuffer-1.1.0/build/gcc-relocate-fixed/original-prefix/lib/libelite_ringbuffer.a
-- Installing: /mnt/data/turn16_work/elite-ringbuffer-1.1.0/build/gcc-relocate-fixed/original-prefix/lib/libelite_ringbuffer.so.1.1.0
-- Installing: /mnt/data/turn16_work/elite-ringbuffer-1.1.0/build/gcc-relocate-fixed/original-prefix/lib/libelite_ringbuffer.so.1
-- Installing: /mnt/data/turn16_work/elite-ringbuffer-1.1.0/build/gcc-relocate-fixed/original-prefix/lib/libelite_ringbuffer.so
-- Installing: /mnt/data/turn16_work/elite-ringbuffer-1.1.0/build/gcc-relocate-fixed/original-prefix/include/elite_ringbuffer.h
-- Installing: /mnt/data/turn16_work/elite-ringbuffer-1.1.0/build/gcc-relocate-fixed/original-prefix/include/elite_api.h
-- Installing: /mnt/data/turn16_work/elite-ringbuffer-1.1.0/build/gcc-relocate-fixed/original-prefix/include/elite_version.h
-- Installing: /mnt/data/turn16_work/elite-ringbuffer-1.1.0/build/gcc-relocate-fixed/original-prefix/share/man/man3/elite_ringbuffer.3
-- Installing: /mnt/data/turn16_work/elite-ringbuffer-1.1.0/build/gcc-relocate-fixed/original-prefix/share/man/man7/eliteipc.7
-- Installing: /mnt/data/turn16_work/elite-ringbuffer-1.1.0/build/gcc-relocate-fixed/original-prefix/share/elite_ringbuffer/LICENSE
-- Installing: /mnt/data/turn16_work/elite-ringbuffer-1.1.0/build/gcc-relocate-fixed/original-prefix/share/elite_ringbuffer/NOTICE.md
-- Installing: /mnt/data/turn16_work/elite-ringbuffer-1.1.0/build/gcc-relocate-fixed/original-prefix/lib/cmake/elite_ringbuffer/elite_ringbufferTargets.cmake
-- Installing: /mnt/data/turn16_work/elite-ringbuffer-1.1.0/build/gcc-relocate-fixed/original-prefix/lib/cmake/elite_ringbuffer/elite_ringbufferTargets-release.cmake
-- Installing: /mnt/data/turn16_work/elite-ringbuffer-1.1.0/build/gcc-relocate-fixed/original-prefix/lib/cmake/elite_ringbuffer/elite_ringbufferConfig.cmake
-- Installing: /mnt/data/turn16_work/elite-ringbuffer-1.1.0/build/gcc-relocate-fixed/original-prefix/lib/cmake/elite_ringbuffer/elite_ringbufferConfigVersion.cmake
-- Installing: /mnt/data/turn16_work/elite-ringbuffer-1.1.0/build/gcc-relocate-fixed/original-prefix/lib/pkgconfig/elite_ringbuffer.pc
-- The C compiler identification is GNU 14.2.0
-- The CXX compiler identification is GNU 14.2.0
-- Detecting C compiler ABI info
-- Detecting C compiler ABI info - done
-- Check for working C compiler: /usr/bin/cc - skipped
-- Detecting C compile features
-- Detecting C compile features - done
-- Detecting CXX compiler ABI info
-- Detecting CXX compiler ABI info - done
-- Check for working CXX compiler: /usr/bin/c++ - skipped
-- Detecting CXX compile features
-- Detecting CXX compile features - done
-- Performing Test CMAKE_HAVE_LIBC_PTHREAD
-- Performing Test CMAKE_HAVE_LIBC_PTHREAD - Success
-- Found Threads: TRUE
-- Configuring done (2.2s)
-- Generating done (0.0s)
-- Build files have been written to: /mnt/data/turn16_work/elite-ringbuffer-1.1.0/build/gcc-relocate-fixed/consumer
[ 25%] Building CXX object CMakeFiles/consumer_cpp.dir/consumer.cpp.o
[ 50%] Building C object CMakeFiles/consumer.dir/consumer.c.o
[ 75%] Linking C executable consumer
[100%] Linking CXX executable consumer_cpp
[100%] Built target consumer
[100%] Built target consumer_cpp
Internal ctest changing into directory: /mnt/data/turn16_work/elite-ringbuffer-1.1.0/build/gcc-relocate-fixed/consumer
Test project /mnt/data/turn16_work/elite-ringbuffer-1.1.0/build/gcc-relocate-fixed/consumer
    Start 1: installed_c
1/2 Test #1: installed_c ......................   Passed    0.01 sec
    Start 2: installed_cpp
2/2 Test #2: installed_cpp ....................   Passed    0.01 sec

100% tests passed, 0 tests failed out of 2

Total Test time (real) =   0.02 sec
ELITEIPC 1.1.0 | SPSC | two processes / two POSIX rings / 64B
Directional rate counts 2 records per RTT. p50/p99 are RAW RTT, not one-way.
No warmup, no CPU pinning, no latency certification. q+Enter or Ctrl-C to stop.
[################################]   1/1    2.428 Mmsg/s  p50=725 ns  p99=977 ns RTT  checked=1000
COMPLETE roundtrips=1000 directional_records=2000 checked_windows=1 leases_ended=yes objects_destroyed=yes
PASS: relocated C/C++ imported target, installed demo and man pages
