COMMAND=['make', 'CC=gcc', 'tsan']
make BUILD=build/tsan OPT='-O1 -g -fno-omit-frame-pointer -fno-optimize-sibling-calls -fno-lto -fsanitize=thread' LDFLAGS='-fsanitize=thread' build/tsan/test_adversarial
make[1]: Entering directory '/mnt/data/turn10_work/elite-ringbuffer-1.0.1'
mkdir -p build/tsan
gcc -Iinclude -Isrc -D_POSIX_C_SOURCE=200809L -D_DEFAULT_SOURCE -std=c11 -O1 -g -fno-omit-frame-pointer -fno-optimize-sibling-calls -fno-lto -fsanitize=thread -Wall -Wextra -Werror -pedantic -Wconversion -Wsign-conversion -Wshadow -Wstrict-prototypes -Wmissing-prototypes -Wformat=2 -Wundef -fPIC -pthread -march=x86-64 -mtune=generic -DELITE_TESTING -MMD -MP -c src/elite_core.c -o build/tsan/test_elite_core.o
gcc -Iinclude -Isrc -D_POSIX_C_SOURCE=200809L -D_DEFAULT_SOURCE -std=c11 -O1 -g -fno-omit-frame-pointer -fno-optimize-sibling-calls -fno-lto -fsanitize=thread -Wall -Wextra -Werror -pedantic -Wconversion -Wsign-conversion -Wshadow -Wstrict-prototypes -Wmissing-prototypes -Wformat=2 -Wundef -fPIC -pthread -march=x86-64 -mtune=generic -DELITE_TESTING -MMD -MP -c src/elite_format.c -o build/tsan/test_elite_format.o
gcc -Iinclude -Isrc -D_POSIX_C_SOURCE=200809L -D_DEFAULT_SOURCE -std=c11 -O1 -g -fno-omit-frame-pointer -fno-optimize-sibling-calls -fno-lto -fsanitize=thread -Wall -Wextra -Werror -pedantic -Wconversion -Wsign-conversion -Wshadow -Wstrict-prototypes -Wmissing-prototypes -Wformat=2 -Wundef -fPIC -pthread -march=x86-64 -mtune=generic -DELITE_TESTING -MMD -MP -c src/elite_spsc.c -o build/tsan/test_elite_spsc.o
gcc -Iinclude -Isrc -D_POSIX_C_SOURCE=200809L -D_DEFAULT_SOURCE -std=c11 -O1 -g -fno-omit-frame-pointer -fno-optimize-sibling-calls -fno-lto -fsanitize=thread -Wall -Wextra -Werror -pedantic -Wconversion -Wsign-conversion -Wshadow -Wstrict-prototypes -Wmissing-prototypes -Wformat=2 -Wundef -fPIC -pthread -march=x86-64 -mtune=generic -DELITE_TESTING -MMD -MP -c src/elite_mpmc_ncq.c -o build/tsan/test_elite_mpmc_ncq.o
gcc -Iinclude -Isrc -D_POSIX_C_SOURCE=200809L -D_DEFAULT_SOURCE -std=c11 -O1 -g -fno-omit-frame-pointer -fno-optimize-sibling-calls -fno-lto -fsanitize=thread -Wall -Wextra -Werror -pedantic -Wconversion -Wsign-conversion -Wshadow -Wstrict-prototypes -Wmissing-prototypes -Wformat=2 -Wundef -fPIC -pthread -march=x86-64 -mtune=generic -DELITE_TESTING -MMD -MP -c src/elite_shm.c -o build/tsan/test_elite_shm.o
gcc -Iinclude -Isrc -D_POSIX_C_SOURCE=200809L -D_DEFAULT_SOURCE -std=c11 -O1 -g -fno-omit-frame-pointer -fno-optimize-sibling-calls -fno-lto -fsanitize=thread -Wall -Wextra -Werror -pedantic -Wconversion -Wsign-conversion -Wshadow -Wstrict-prototypes -Wmissing-prototypes -Wformat=2 -Wundef -fPIC -pthread -march=x86-64 -mtune=generic -DELITE_TESTING -MMD -MP -c src/elite_wait.c -o build/tsan/test_elite_wait.o
gcc -Iinclude -Isrc -D_POSIX_C_SOURCE=200809L -D_DEFAULT_SOURCE -std=c11 -O1 -g -fno-omit-frame-pointer -fno-optimize-sibling-calls -fno-lto -fsanitize=thread -Wall -Wextra -Werror -pedantic -Wconversion -Wsign-conversion -Wshadow -Wstrict-prototypes -Wmissing-prototypes -Wformat=2 -Wundef -fPIC -pthread -march=x86-64 -mtune=generic -DELITE_TESTING -MMD -MP -c src/elite_version.c -o build/tsan/test_elite_version.o
gcc -Iinclude -Isrc -D_POSIX_C_SOURCE=200809L -D_DEFAULT_SOURCE -std=c11 -O1 -g -fno-omit-frame-pointer -fno-optimize-sibling-calls -fno-lto -fsanitize=thread -Wall -Wextra -Werror -pedantic -Wconversion -Wsign-conversion -Wshadow -Wstrict-prototypes -Wmissing-prototypes -Wformat=2 -Wundef -fPIC -pthread -march=x86-64 -mtune=generic -fPIE -DELITE_TESTING -fsanitize=thread -pie -o build/tsan/test_adversarial tests/test_adversarial.c build/tsan/test_elite_core.o build/tsan/test_elite_format.o build/tsan/test_elite_spsc.o build/tsan/test_elite_mpmc_ncq.o build/tsan/test_elite_shm.o build/tsan/test_elite_wait.o build/tsan/test_elite_version.o -pthread
make[1]: Leaving directory '/mnt/data/turn10_work/elite-ringbuffer-1.0.1'
TSAN_OPTIONS=halt_on_error=1:exitcode=66:force_seq_cst_atomics=0:report_atomic_races=1:ignore_interceptors_accesses=0:ignore_noninstrumented_modules=0 build/tsan/test_adversarial threads
PASS one_mapping_threads 2P2C messages=100000 exact_membership=yes
PASS controlled publication point=2 healthy_lifecycles_while_paused=10000
PASS controlled publication point=5 healthy_lifecycles_while_paused=10000
PASS controlled stale_head discards_old_entry_after_101_competing_claims
PASS controlled late_returner no_post_LP_descriptor_write
PASS integrity mode=1 retained_corrupt_token_not_reclaimed
PASS integrity mode=2 retained_corrupt_token_not_reclaimed
PASS SPSC finite_wait wake_before_or_after_block and_retirement
PASS adversarial_histories=8

EXIT_CODE=0
