mkdir -p build/asan12
python3 tools/cache_build_info.py --out "build/asan12/cache_build_info.h" --cc "gcc" --cppflags="-Iinclude -Isrc -D_POSIX_C_SOURCE=200809L -D_DEFAULT_SOURCE -Ibenchmarks -Ibuild/asan12" --cflags="-std=c11 -O1 -g -fno-omit-frame-pointer -fno-optimize-sibling-calls -fno-lto -fsanitize=address,undefined -fno-sanitize-recover=all -Wall -Wextra -Werror -pedantic -Wconversion -Wsign-conversion -Wshadow -Wstrict-prototypes -Wmissing-prototypes -Wformat=2 -Wundef -fPIC -pthread -march=x86-64 -mtune=generic -fPIE" --ldflags="-fsanitize=address,undefined -pie" --ldlibs="-pthread"
gcc -Iinclude -Isrc -D_POSIX_C_SOURCE=200809L -D_DEFAULT_SOURCE -std=c11 -O1 -g -fno-omit-frame-pointer -fno-optimize-sibling-calls -fno-lto -fsanitize=address,undefined -fno-sanitize-recover=all -Wall -Wextra -Werror -pedantic -Wconversion -Wsign-conversion -Wshadow -Wstrict-prototypes -Wmissing-prototypes -Wformat=2 -Wundef -fPIC -pthread -march=x86-64 -mtune=generic -MMD -MP -c src/elite_topology.c -o build/asan12/elite_topology.o
ar rcs build/asan12/libelite_topology.a build/asan12/elite_topology.o
gcc -Iinclude -Isrc -D_POSIX_C_SOURCE=200809L -D_DEFAULT_SOURCE -std=c11 -O1 -g -fno-omit-frame-pointer -fno-optimize-sibling-calls -fno-lto -fsanitize=address,undefined -fno-sanitize-recover=all -Wall -Wextra -Werror -pedantic -Wconversion -Wsign-conversion -Wshadow -Wstrict-prototypes -Wmissing-prototypes -Wformat=2 -Wundef -fPIC -pthread -march=x86-64 -mtune=generic -MMD -MP -c src/elite_core.c -o build/asan12/elite_core.o
gcc -Iinclude -Isrc -D_POSIX_C_SOURCE=200809L -D_DEFAULT_SOURCE -std=c11 -O1 -g -fno-omit-frame-pointer -fno-optimize-sibling-calls -fno-lto -fsanitize=address,undefined -fno-sanitize-recover=all -Wall -Wextra -Werror -pedantic -Wconversion -Wsign-conversion -Wshadow -Wstrict-prototypes -Wmissing-prototypes -Wformat=2 -Wundef -fPIC -pthread -march=x86-64 -mtune=generic -MMD -MP -c src/elite_format.c -o build/asan12/elite_format.o
gcc -Iinclude -Isrc -D_POSIX_C_SOURCE=200809L -D_DEFAULT_SOURCE -std=c11 -O1 -g -fno-omit-frame-pointer -fno-optimize-sibling-calls -fno-lto -fsanitize=address,undefined -fno-sanitize-recover=all -Wall -Wextra -Werror -pedantic -Wconversion -Wsign-conversion -Wshadow -Wstrict-prototypes -Wmissing-prototypes -Wformat=2 -Wundef -fPIC -pthread -march=x86-64 -mtune=generic -MMD -MP -c src/elite_spsc.c -o build/asan12/elite_spsc.o
gcc -Iinclude -Isrc -D_POSIX_C_SOURCE=200809L -D_DEFAULT_SOURCE -std=c11 -O1 -g -fno-omit-frame-pointer -fno-optimize-sibling-calls -fno-lto -fsanitize=address,undefined -fno-sanitize-recover=all -Wall -Wextra -Werror -pedantic -Wconversion -Wsign-conversion -Wshadow -Wstrict-prototypes -Wmissing-prototypes -Wformat=2 -Wundef -fPIC -pthread -march=x86-64 -mtune=generic -MMD -MP -c src/elite_mpmc_ncq.c -o build/asan12/elite_mpmc_ncq.o
gcc -Iinclude -Isrc -D_POSIX_C_SOURCE=200809L -D_DEFAULT_SOURCE -std=c11 -O1 -g -fno-omit-frame-pointer -fno-optimize-sibling-calls -fno-lto -fsanitize=address,undefined -fno-sanitize-recover=all -Wall -Wextra -Werror -pedantic -Wconversion -Wsign-conversion -Wshadow -Wstrict-prototypes -Wmissing-prototypes -Wformat=2 -Wundef -fPIC -pthread -march=x86-64 -mtune=generic -MMD -MP -c src/elite_shm.c -o build/asan12/elite_shm.o
gcc -Iinclude -Isrc -D_POSIX_C_SOURCE=200809L -D_DEFAULT_SOURCE -std=c11 -O1 -g -fno-omit-frame-pointer -fno-optimize-sibling-calls -fno-lto -fsanitize=address,undefined -fno-sanitize-recover=all -Wall -Wextra -Werror -pedantic -Wconversion -Wsign-conversion -Wshadow -Wstrict-prototypes -Wmissing-prototypes -Wformat=2 -Wundef -fPIC -pthread -march=x86-64 -mtune=generic -MMD -MP -c src/elite_wait.c -o build/asan12/elite_wait.o
gcc -Iinclude -Isrc -D_POSIX_C_SOURCE=200809L -D_DEFAULT_SOURCE -std=c11 -O1 -g -fno-omit-frame-pointer -fno-optimize-sibling-calls -fno-lto -fsanitize=address,undefined -fno-sanitize-recover=all -Wall -Wextra -Werror -pedantic -Wconversion -Wsign-conversion -Wshadow -Wstrict-prototypes -Wmissing-prototypes -Wformat=2 -Wundef -fPIC -pthread -march=x86-64 -mtune=generic -MMD -MP -c src/elite_version.c -o build/asan12/elite_version.o
ar rcs build/asan12/libelite_ringbuffer.a build/asan12/elite_core.o build/asan12/elite_format.o build/asan12/elite_spsc.o build/asan12/elite_mpmc_ncq.o build/asan12/elite_shm.o build/asan12/elite_wait.o build/asan12/elite_version.o
gcc -Iinclude -Isrc -D_POSIX_C_SOURCE=200809L -D_DEFAULT_SOURCE -Ibenchmarks -Ibuild/asan12 -std=c11 -O1 -g -fno-omit-frame-pointer -fno-optimize-sibling-calls -fno-lto -fsanitize=address,undefined -fno-sanitize-recover=all -Wall -Wextra -Werror -pedantic -Wconversion -Wsign-conversion -Wshadow -Wstrict-prototypes -Wmissing-prototypes -Wformat=2 -Wundef -fPIC -pthread -march=x86-64 -mtune=generic -fPIE -fsanitize=address,undefined -pie -o build/asan12/bench_matrix benchmarks/bench_matrix.c benchmarks/bench_common.c src/elite_topology.c benchmarks/bench_identity.c benchmarks/bench_ratio.c build/asan12/libelite_topology.a build/asan12/libelite_ringbuffer.a -pthread
gcc -Iinclude -Isrc -D_POSIX_C_SOURCE=200809L -D_DEFAULT_SOURCE -std=c11 -O1 -g -fno-omit-frame-pointer -fno-optimize-sibling-calls -fno-lto -fsanitize=address,undefined -fno-sanitize-recover=all -Wall -Wextra -Werror -pedantic -Wconversion -Wsign-conversion -Wshadow -Wstrict-prototypes -Wmissing-prototypes -Wformat=2 -Wundef -fPIC -pthread -march=x86-64 -mtune=generic -fPIE -fsanitize=address,undefined -pie -o build/asan12/bench_topology benchmarks/bench_topology.c build/asan12/libelite_topology.a -pthread
gcc -Iinclude -Isrc -D_POSIX_C_SOURCE=200809L -D_DEFAULT_SOURCE -Ibenchmarks -std=c11 -O1 -g -fno-omit-frame-pointer -fno-optimize-sibling-calls -fno-lto -fsanitize=address,undefined -fno-sanitize-recover=all -Wall -Wextra -Werror -pedantic -Wconversion -Wsign-conversion -Wshadow -Wstrict-prototypes -Wmissing-prototypes -Wformat=2 -Wundef -fPIC -pthread -march=x86-64 -mtune=generic -fsanitize=address,undefined -shared -o build/asan12/libelite_matrix_bridge.so benchmarks/matrix_bridge.c benchmarks/bench_common.c src/elite_topology.c build/asan12/libelite_ringbuffer.a -pthread
gcc -Iinclude -Isrc -D_POSIX_C_SOURCE=200809L -D_DEFAULT_SOURCE -std=c11 -O1 -g -fno-omit-frame-pointer -fno-optimize-sibling-calls -fno-lto -fsanitize=address,undefined -fno-sanitize-recover=all -Wall -Wextra -Werror -pedantic -Wconversion -Wsign-conversion -Wshadow -Wstrict-prototypes -Wmissing-prototypes -Wformat=2 -Wundef -fPIC -pthread -march=x86-64 -mtune=generic -fPIE -fsanitize=address,undefined -pie -o build/asan12/test_topology tests/test_topology.c build/asan12/libelite_topology.a -pthread
build/asan12/test_topology
PASS topology parser: sparse IDs, bounds, duplicate rejection, units, overflow, nulls
ELITE_TOPOLOGY_BINARY=/mnt/data/turn12_work/elite-ringbuffer-1.0.1-turn12/build/asan12/bench_topology python3 tests/test_topology.py
test_ambiguous_node_not_certified (__main__.Fixtures.test_ambiguous_node_not_certified) ... ok
test_cgroup_resource_budget (__main__.Fixtures.test_cgroup_resource_budget) ... ok
test_conflicting_nodes (__main__.Fixtures.test_conflicting_nodes) ... ok
test_escape_cgroup_rejected (__main__.Fixtures.test_escape_cgroup_rejected) ... ok
test_known_cross_numa_shape (__main__.Fixtures.test_known_cross_numa_shape) ... ok
test_limit_no_truncation (__main__.Fixtures.test_limit_no_truncation) ... ok
test_malformed_cpu_list (__main__.Fixtures.test_malformed_cpu_list) ... ok
test_memory_unknown (__main__.Fixtures.test_memory_unknown) ... ok
test_missing_cache_is_partial (__main__.Fixtures.test_missing_cache_is_partial) ... ok
test_no_live_claim_from_fixture (__main__.Fixtures.test_no_live_claim_from_fixture) ... ok
test_no_node_guess (__main__.Fixtures.test_no_node_guess) ... ok
test_no_per_cpu_pe_fabrication (__main__.Fixtures.test_no_per_cpu_pe_fabrication) ... ok
test_not_instruction_only_l2 (__main__.Fixtures.test_not_instruction_only_l2) ... ok
test_oversized_mountinfo (__main__.Fixtures.test_oversized_mountinfo) ... ok
test_same_data_l2 (__main__.Fixtures.test_same_data_l2) ... ok
test_sparse_numa_and_smt (__main__.Fixtures.test_sparse_numa_and_smt) ... ok
test_topology_not_residency (__main__.Fixtures.test_topology_not_residency) ... ok
test_unlimited_is_not_zero (__main__.Fixtures.test_unlimited_is_not_zero) ... ok
test_v1_not_unlimited (__main__.Fixtures.test_v1_not_unlimited) ... ok
test_visible_ancestor_quota (__main__.Fixtures.test_visible_ancestor_quota) ... ok
test_wrong_same_numa (__main__.Fixtures.test_wrong_same_numa) ... ok

----------------------------------------------------------------------
Ran 21 tests in 0.320s

OK
