clang -Iinclude -Isrc -D_POSIX_C_SOURCE=200809L -D_DEFAULT_SOURCE -std=c11 -O3 -g -DNDEBUG -fno-omit-frame-pointer -fno-lto -Wall -Wextra -Werror -pedantic -Wconversion -Wsign-conversion -Wshadow -Wstrict-prototypes -Wmissing-prototypes -Wformat=2 -Wundef -fPIC -pthread -march=x86-64 -mtune=generic -fPIE  -pie -o build/clang/test_core tests/test_core.c build/clang/libelite_ringbuffer.a -pthread
clang -Iinclude -Isrc -D_POSIX_C_SOURCE=200809L -D_DEFAULT_SOURCE -std=c11 -O3 -g -DNDEBUG -fno-omit-frame-pointer -fno-lto -Wall -Wextra -Werror -pedantic -Wconversion -Wsign-conversion -Wshadow -Wstrict-prototypes -Wmissing-prototypes -Wformat=2 -Wundef -fPIC -pthread -march=x86-64 -mtune=generic -fPIE  -pie -o build/clang/test_ipc tests/test_ipc.c build/clang/libelite_ringbuffer.a -pthread
clang -Iinclude -Isrc -D_POSIX_C_SOURCE=200809L -D_DEFAULT_SOURCE -std=c11 -O3 -g -DNDEBUG -fno-omit-frame-pointer -fno-lto -Wall -Wextra -Werror -pedantic -Wconversion -Wsign-conversion -Wshadow -Wstrict-prototypes -Wmissing-prototypes -Wformat=2 -Wundef -fPIC -pthread -march=x86-64 -mtune=generic -fPIE  -pie -o build/clang/example examples/local_roundtrip.c build/clang/libelite_ringbuffer.a -pthread
build/clang/test_core
parser_single_byte_mutations_rejected=512
PASS core_groups=68 shared_header=2048 descriptor=128 participant=256
build/clang/test_ipc spsc 1 1 100000
PASS native_spawn_ipc mode=SPSC producers=1 consumers=1 messages=100000 bytes_each=64 duplicates=0 missing=0 bad_payloads=0 all_tokens_returned=yes controller_elapsed_ns=38507722 (not_latency)
build/clang/test_ipc ncq 4 4 100000
PASS native_spawn_ipc mode=NCQ-SC64 producers=4 consumers=4 messages=100000 bytes_each=64 duplicates=0 missing=0 bad_payloads=0 all_tokens_returned=yes controller_elapsed_ns=29805584 (not_latency)
clang -Iinclude -Isrc -D_POSIX_C_SOURCE=200809L -D_DEFAULT_SOURCE -std=c11 -O3 -g -DNDEBUG -fno-omit-frame-pointer -fno-lto -Wall -Wextra -Werror -pedantic -Wconversion -Wsign-conversion -Wshadow -Wstrict-prototypes -Wmissing-prototypes -Wformat=2 -Wundef -fPIC -pthread -march=x86-64 -mtune=generic -DELITE_TESTING -MMD -MP -c src/elite_core.c -o build/clang/test_elite_core.o
clang -Iinclude -Isrc -D_POSIX_C_SOURCE=200809L -D_DEFAULT_SOURCE -std=c11 -O3 -g -DNDEBUG -fno-omit-frame-pointer -fno-lto -Wall -Wextra -Werror -pedantic -Wconversion -Wsign-conversion -Wshadow -Wstrict-prototypes -Wmissing-prototypes -Wformat=2 -Wundef -fPIC -pthread -march=x86-64 -mtune=generic -DELITE_TESTING -MMD -MP -c src/elite_format.c -o build/clang/test_elite_format.o
clang -Iinclude -Isrc -D_POSIX_C_SOURCE=200809L -D_DEFAULT_SOURCE -std=c11 -O3 -g -DNDEBUG -fno-omit-frame-pointer -fno-lto -Wall -Wextra -Werror -pedantic -Wconversion -Wsign-conversion -Wshadow -Wstrict-prototypes -Wmissing-prototypes -Wformat=2 -Wundef -fPIC -pthread -march=x86-64 -mtune=generic -DELITE_TESTING -MMD -MP -c src/elite_spsc.c -o build/clang/test_elite_spsc.o
clang -Iinclude -Isrc -D_POSIX_C_SOURCE=200809L -D_DEFAULT_SOURCE -std=c11 -O3 -g -DNDEBUG -fno-omit-frame-pointer -fno-lto -Wall -Wextra -Werror -pedantic -Wconversion -Wsign-conversion -Wshadow -Wstrict-prototypes -Wmissing-prototypes -Wformat=2 -Wundef -fPIC -pthread -march=x86-64 -mtune=generic -DELITE_TESTING -MMD -MP -c src/elite_mpmc_ncq.c -o build/clang/test_elite_mpmc_ncq.o
clang -Iinclude -Isrc -D_POSIX_C_SOURCE=200809L -D_DEFAULT_SOURCE -std=c11 -O3 -g -DNDEBUG -fno-omit-frame-pointer -fno-lto -Wall -Wextra -Werror -pedantic -Wconversion -Wsign-conversion -Wshadow -Wstrict-prototypes -Wmissing-prototypes -Wformat=2 -Wundef -fPIC -pthread -march=x86-64 -mtune=generic -DELITE_TESTING -MMD -MP -c src/elite_shm.c -o build/clang/test_elite_shm.o
clang -Iinclude -Isrc -D_POSIX_C_SOURCE=200809L -D_DEFAULT_SOURCE -std=c11 -O3 -g -DNDEBUG -fno-omit-frame-pointer -fno-lto -Wall -Wextra -Werror -pedantic -Wconversion -Wsign-conversion -Wshadow -Wstrict-prototypes -Wmissing-prototypes -Wformat=2 -Wundef -fPIC -pthread -march=x86-64 -mtune=generic -DELITE_TESTING -MMD -MP -c src/elite_wait.c -o build/clang/test_elite_wait.o
clang -Iinclude -Isrc -D_POSIX_C_SOURCE=200809L -D_DEFAULT_SOURCE -std=c11 -O3 -g -DNDEBUG -fno-omit-frame-pointer -fno-lto -Wall -Wextra -Werror -pedantic -Wconversion -Wsign-conversion -Wshadow -Wstrict-prototypes -Wmissing-prototypes -Wformat=2 -Wundef -fPIC -pthread -march=x86-64 -mtune=generic -DELITE_TESTING -MMD -MP -c src/elite_version.c -o build/clang/test_elite_version.o
clang -Iinclude -Isrc -D_POSIX_C_SOURCE=200809L -D_DEFAULT_SOURCE -std=c11 -O3 -g -DNDEBUG -fno-omit-frame-pointer -fno-lto -Wall -Wextra -Werror -pedantic -Wconversion -Wsign-conversion -Wshadow -Wstrict-prototypes -Wmissing-prototypes -Wformat=2 -Wundef -fPIC -pthread -march=x86-64 -mtune=generic -fPIE -DELITE_TESTING  -pie -o build/clang/test_adversarial tests/test_adversarial.c build/clang/test_elite_core.o build/clang/test_elite_format.o build/clang/test_elite_spsc.o build/clang/test_elite_mpmc_ncq.o build/clang/test_elite_shm.o build/clang/test_elite_wait.o build/clang/test_elite_version.o -pthread
build/clang/test_adversarial
PASS one_mapping_threads 2P2C messages=100000 exact_membership=yes
PASS controlled publication point=2 healthy_lifecycles_while_paused=10000
PASS controlled publication point=5 healthy_lifecycles_while_paused=10000
PASS controlled stale_head discards_old_entry_after_101_competing_claims
PASS controlled late_returner no_post_LP_descriptor_write
PASS integrity mode=1 retained_corrupt_token_not_reclaimed
PASS integrity mode=2 retained_corrupt_token_not_reclaimed
PASS SPSC finite_wait wake_before_or_after_block and_retirement
PASS adversarial_histories=8
clang -Iinclude -Isrc -D_POSIX_C_SOURCE=200809L -D_DEFAULT_SOURCE -std=c11 -O3 -g -DNDEBUG -fno-omit-frame-pointer -fno-lto -Wall -Wextra -Werror -pedantic -Wconversion -Wsign-conversion -Wshadow -Wstrict-prototypes -Wmissing-prototypes -Wformat=2 -Wundef -fPIC -pthread -march=x86-64 -mtune=generic -fPIE -DELITE_TESTING  -pie -o build/clang/test_limits tests/test_limits.c build/clang/test_elite_core.o build/clang/test_elite_format.o build/clang/test_elite_spsc.o build/clang/test_elite_mpmc_ncq.o build/clang/test_elite_shm.o build/clang/test_elite_wait.o build/clang/test_elite_version.o -pthread
build/clang/test_limits
PASS near_limit mode=1 limit=TICKET no_wrap_and_no_terminal_publication
PASS near_limit mode=1 limit=EPOCH no_wrap_and_no_terminal_publication
PASS near_limit mode=2 limit=TICKET no_wrap_and_no_terminal_publication
PASS near_limit mode=2 limit=EPOCH no_wrap_and_no_terminal_publication
clang -Iinclude -Isrc -D_POSIX_C_SOURCE=200809L -D_DEFAULT_SOURCE -std=c11 -O3 -g -DNDEBUG -fno-omit-frame-pointer -fno-lto -Wall -Wextra -Werror -pedantic -Wconversion -Wsign-conversion -Wshadow -Wstrict-prototypes -Wmissing-prototypes -Wformat=2 -Wundef -fPIC -pthread -march=x86-64 -mtune=generic -fPIE -DELITE_TESTING  -pie -o build/clang/test_chaos tests/test_chaos.c build/clang/test_elite_core.o build/clang/test_elite_format.o build/clang/test_elite_spsc.o build/clang/test_elite_mpmc_ncq.o build/clang/test_elite_shm.o build/clang/test_elite_wait.o build/clang/test_elite_version.o -pthread
build/clang/test_chaos
PASS native_SIGKILL cut=MID_WRITE healthy_lifecycles_before_fencing=10000 no_token_theft=yes
PASS native_SIGKILL cut=POST_PUBLICATION_PRE_TAIL healthy_lifecycles_before_fencing=10000 no_token_theft=yes
PASS native_SIGSTOP_successor_SIGCONT old_writer_did_not_modify_successor
PASS native_chaos_scenarios=3
clang -Iinclude -Isrc -D_POSIX_C_SOURCE=200809L -D_DEFAULT_SOURCE -std=c11 -O3 -g -DNDEBUG -fno-omit-frame-pointer -fno-lto -Wall -Wextra -Werror -pedantic -Wconversion -Wsign-conversion -Wshadow -Wstrict-prototypes -Wmissing-prototypes -Wformat=2 -Wundef -fPIC -pthread -march=x86-64 -mtune=generic -fPIE  -pie -o build/clang/fuzz_prefix tests/fuzz_prefix.c build/clang/libelite_ringbuffer.a -pthread
build/clang/fuzz_prefix 1000000
PASS stable_prefix_corpus inputs=1000000 accepted_valid_mutations=89908 rejected=910092 seed=744125b77cc09301
build/clang/test_benchmark_tools
PASS benchmark tool groups=8 exact-ranks p99.99 rounding zeros payload negative-control
python3 tools/build_python.py --cc "clang" --build "build/clang" 
clang -std=c11 -O3 -g -Wall -Wextra -Werror -pedantic -fPIC -isystem /usr/include/python3.13 -shared /mnt/data/turn12_work/elite-ringbuffer-1.0.1-turn12/bindings/python/elite_buffer.c -o /mnt/data/turn12_work/elite-ringbuffer-1.0.1-turn12/build/clang/python/_elite_buffer.cpython-313-x86_64-linux-gnu.so
ELITE_LIBRARY="/mnt/data/turn12_work/elite-ringbuffer-1.0.1-turn12/build/clang/libelite_ringbuffer.so" PYTHONPATH="/mnt/data/turn12_work/elite-ringbuffer-1.0.1-turn12/build/clang/python:/mnt/data/turn12_work/elite-ringbuffer-1.0.1-turn12/bindings/python" python3 tools/check_python.py
test_bounds_before_narrowing (__main__.BindingTests.test_bounds_before_narrowing) ... ok
test_busy_detach_and_manager (__main__.BindingTests.test_busy_detach_and_manager) ... ok
test_cast_survives_root (__main__.BindingTests.test_cast_survives_root) ... ok
test_context_abort (__main__.BindingTests.test_context_abort) ... ok
test_crc_profile (__main__.BindingTests.test_crc_profile) ... ok
test_ctypes_export_retains_slot (__main__.BindingTests.test_ctypes_export_retains_slot) ... ok
test_direct_roundtrip (__main__.BindingTests.test_direct_roundtrip) ... ok
test_duplicate_attach_cleanup_does_not_resolve_original (__main__.BindingTests.test_duplicate_attach_cleanup_does_not_resolve_original) ... ok
test_duplicate_transfer (__main__.BindingTests.test_duplicate_transfer) ... ok
test_epoch_advances_on_abort (__main__.BindingTests.test_epoch_advances_on_abort) ... ok
test_explicit_copy (__main__.BindingTests.test_explicit_copy) ... ok
test_exporter_without_views_retains_ability (__main__.BindingTests.test_exporter_without_views_retains_ability) ... ok
test_gc_outer_lease_retained_by_alias (__main__.BindingTests.test_gc_outer_lease_retained_by_alias) ... ok
test_gc_uncommitted_write_aborts (__main__.BindingTests.test_gc_uncommitted_write_aborts) ... ok
test_multiple_roots (__main__.BindingTests.test_multiple_roots) ... ok
test_pattern_helper_all_bytes (__main__.BindingTests.test_pattern_helper_all_bytes) ... ok
test_read_context_exception_returns_token (__main__.BindingTests.test_read_context_exception_returns_token) ... ok
test_readonly_exporter (__main__.BindingTests.test_readonly_exporter) ... ok
test_received_mapping_survives_endpoint_name_drop (__main__.BindingTests.test_received_mapping_survives_endpoint_name_drop) ... ok
test_retirement_does_not_revoke_alias (__main__.BindingTests.test_retirement_does_not_revoke_alias) ... ok
test_role_rejected_before_attach (__main__.BindingTests.test_role_rejected_before_attach) ... ok
test_slice_survives_root (__main__.BindingTests.test_slice_survives_root) ... ok
test_threads_serialized_one_outstanding (__main__.BindingTests.test_threads_serialized_one_outstanding) ... ok
test_timeout_is_not_lease_revocation (__main__.BindingTests.test_timeout_is_not_lease_revocation) ... ok
test_version_layouts (__main__.BindingTests.test_version_layouts) ... ok
test_zero_length (__main__.BindingTests.test_zero_length) ... ok
test_binding_cleanup_registry_empty (__main__.ProcessTests.test_binding_cleanup_registry_empty) ... ok
test_grant_encoding_rejects_missing_fields (__main__.ProcessTests.test_grant_encoding_rejects_missing_fields) ... ok
test_inherited_handle_methods_reject (__main__.ProcessTests.test_inherited_handle_methods_reject) ... ok
test_kill_leaks_token_but_whole_generation_cleans (__main__.ProcessTests.test_kill_leaks_token_but_whole_generation_cleans) ... ok
test_normal_exit_closes_idle_generation (__main__.ProcessTests.test_normal_exit_closes_idle_generation) ... ok
test_pause_resume_distinct_successor (__main__.ProcessTests.test_pause_resume_distinct_successor) ... ok
test_python_mpmc_two_producers_two_consumers (__main__.ProcessTests.test_python_mpmc_two_producers_two_consumers) ... ok
test_spawned_python_publication (__main__.ProcessTests.test_spawned_python_publication) ... ok
test_throughput_driver (__main__.ProcessTests.test_throughput_driver) ... ok
test_uncertain_python_return_never_blindly_retries (__main__.ProcessTests.test_uncertain_python_return_never_blindly_retries) ... ok

----------------------------------------------------------------------
Ran 36 tests in 7.565s

OK
