mkdir -p build/clang
clang -Iinclude -Isrc -D_POSIX_C_SOURCE=200809L -D_DEFAULT_SOURCE -std=c11 -O3 -g -DNDEBUG -fno-omit-frame-pointer -fno-lto -Wall -Wextra -Werror -pedantic -Wconversion -Wsign-conversion -Wshadow -Wstrict-prototypes -Wmissing-prototypes -Wformat=2 -Wundef -fPIC -pthread -march=x86-64 -mtune=generic -MMD -MP -c src/elite_core.c -o build/clang/elite_core.o
clang -Iinclude -Isrc -D_POSIX_C_SOURCE=200809L -D_DEFAULT_SOURCE -std=c11 -O3 -g -DNDEBUG -fno-omit-frame-pointer -fno-lto -Wall -Wextra -Werror -pedantic -Wconversion -Wsign-conversion -Wshadow -Wstrict-prototypes -Wmissing-prototypes -Wformat=2 -Wundef -fPIC -pthread -march=x86-64 -mtune=generic -MMD -MP -c src/elite_format.c -o build/clang/elite_format.o
clang -Iinclude -Isrc -D_POSIX_C_SOURCE=200809L -D_DEFAULT_SOURCE -std=c11 -O3 -g -DNDEBUG -fno-omit-frame-pointer -fno-lto -Wall -Wextra -Werror -pedantic -Wconversion -Wsign-conversion -Wshadow -Wstrict-prototypes -Wmissing-prototypes -Wformat=2 -Wundef -fPIC -pthread -march=x86-64 -mtune=generic -MMD -MP -c src/elite_spsc.c -o build/clang/elite_spsc.o
clang -Iinclude -Isrc -D_POSIX_C_SOURCE=200809L -D_DEFAULT_SOURCE -std=c11 -O3 -g -DNDEBUG -fno-omit-frame-pointer -fno-lto -Wall -Wextra -Werror -pedantic -Wconversion -Wsign-conversion -Wshadow -Wstrict-prototypes -Wmissing-prototypes -Wformat=2 -Wundef -fPIC -pthread -march=x86-64 -mtune=generic -MMD -MP -c src/elite_mpmc_ncq.c -o build/clang/elite_mpmc_ncq.o
clang -Iinclude -Isrc -D_POSIX_C_SOURCE=200809L -D_DEFAULT_SOURCE -std=c11 -O3 -g -DNDEBUG -fno-omit-frame-pointer -fno-lto -Wall -Wextra -Werror -pedantic -Wconversion -Wsign-conversion -Wshadow -Wstrict-prototypes -Wmissing-prototypes -Wformat=2 -Wundef -fPIC -pthread -march=x86-64 -mtune=generic -MMD -MP -c src/elite_shm.c -o build/clang/elite_shm.o
clang -Iinclude -Isrc -D_POSIX_C_SOURCE=200809L -D_DEFAULT_SOURCE -std=c11 -O3 -g -DNDEBUG -fno-omit-frame-pointer -fno-lto -Wall -Wextra -Werror -pedantic -Wconversion -Wsign-conversion -Wshadow -Wstrict-prototypes -Wmissing-prototypes -Wformat=2 -Wundef -fPIC -pthread -march=x86-64 -mtune=generic -MMD -MP -c src/elite_wait.c -o build/clang/elite_wait.o
clang -Iinclude -Isrc -D_POSIX_C_SOURCE=200809L -D_DEFAULT_SOURCE -std=c11 -O3 -g -DNDEBUG -fno-omit-frame-pointer -fno-lto -Wall -Wextra -Werror -pedantic -Wconversion -Wsign-conversion -Wshadow -Wstrict-prototypes -Wmissing-prototypes -Wformat=2 -Wundef -fPIC -pthread -march=x86-64 -mtune=generic -MMD -MP -c src/elite_version.c -o build/clang/elite_version.o
ar rcs build/clang/libelite_ringbuffer.a build/clang/elite_core.o build/clang/elite_format.o build/clang/elite_spsc.o build/clang/elite_mpmc_ncq.o build/clang/elite_shm.o build/clang/elite_wait.o build/clang/elite_version.o
clang -Iinclude -Isrc -D_POSIX_C_SOURCE=200809L -D_DEFAULT_SOURCE -Ibenchmarks -std=c11 -O3 -g -DNDEBUG -fno-omit-frame-pointer -fno-lto -Wall -Wextra -Werror -pedantic -Wconversion -Wsign-conversion -Wshadow -Wstrict-prototypes -Wmissing-prototypes -Wformat=2 -Wundef -fPIC -pthread -march=x86-64 -mtune=generic -fPIE  -pie -o build/clang/bench_latency benchmarks/bench_latency.c benchmarks/bench_common.c src/elite_topology.c build/clang/libelite_ringbuffer.a -pthread
clang -Iinclude -Isrc -D_POSIX_C_SOURCE=200809L -D_DEFAULT_SOURCE -Ibenchmarks -std=c11 -O3 -g -DNDEBUG -fno-omit-frame-pointer -fno-lto -Wall -Wextra -Werror -pedantic -Wconversion -Wsign-conversion -Wshadow -Wstrict-prototypes -Wmissing-prototypes -Wformat=2 -Wundef -fPIC -pthread -march=x86-64 -mtune=generic -fPIE  -pie -o build/clang/bench_throughput benchmarks/bench_throughput.c benchmarks/bench_common.c src/elite_topology.c build/clang/libelite_ringbuffer.a -pthread
python3 tools/cache_build_info.py --out "build/clang/cache_build_info.h" --cc "clang" --cppflags="-Iinclude -Isrc -D_POSIX_C_SOURCE=200809L -D_DEFAULT_SOURCE -Ibenchmarks -Ibuild/clang" --cflags="-std=c11 -O3 -g -DNDEBUG -fno-omit-frame-pointer -fno-lto -Wall -Wextra -Werror -pedantic -Wconversion -Wsign-conversion -Wshadow -Wstrict-prototypes -Wmissing-prototypes -Wformat=2 -Wundef -fPIC -pthread -march=x86-64 -mtune=generic -fPIE" --ldflags=" -pie" --ldlibs="-pthread"
clang -Iinclude -Isrc -D_POSIX_C_SOURCE=200809L -D_DEFAULT_SOURCE -std=c11 -O3 -g -DNDEBUG -fno-omit-frame-pointer -fno-lto -Wall -Wextra -Werror -pedantic -Wconversion -Wsign-conversion -Wshadow -Wstrict-prototypes -Wmissing-prototypes -Wformat=2 -Wundef -fPIC -pthread -march=x86-64 -mtune=generic -MMD -MP -c src/elite_pmc.c -o build/clang/elite_pmc.o
ar rcs build/clang/libelite_pmc.a build/clang/elite_pmc.o
clang -Iinclude -Isrc -D_POSIX_C_SOURCE=200809L -D_DEFAULT_SOURCE -Ibenchmarks -Ibuild/clang -std=c11 -O3 -g -DNDEBUG -fno-omit-frame-pointer -fno-lto -Wall -Wextra -Werror -pedantic -Wconversion -Wsign-conversion -Wshadow -Wstrict-prototypes -Wmissing-prototypes -Wformat=2 -Wundef -fPIC -pthread -march=x86-64 -mtune=generic -fPIE  -pie -o build/clang/bench_cache benchmarks/bench_cache.c benchmarks/bench_common.c src/elite_topology.c benchmarks/bench_identity.c benchmarks/bench_ratio.c build/clang/libelite_pmc.a build/clang/libelite_ringbuffer.a -pthread
clang -Iinclude -Isrc -D_POSIX_C_SOURCE=200809L -D_DEFAULT_SOURCE -Ibenchmarks -std=c11 -O3 -g -DNDEBUG -fno-omit-frame-pointer -fno-lto -Wall -Wextra -Werror -pedantic -Wconversion -Wsign-conversion -Wshadow -Wstrict-prototypes -Wmissing-prototypes -Wformat=2 -Wundef -fPIC -pthread -march=x86-64 -mtune=generic -fPIE  -pie -o build/clang/bench_analyze benchmarks/bench_analyze.c benchmarks/bench_common.c src/elite_topology.c build/clang/libelite_ringbuffer.a -pthread
clang -Iinclude -Isrc -D_POSIX_C_SOURCE=200809L -D_DEFAULT_SOURCE -Ibenchmarks -std=c11 -O3 -g -DNDEBUG -fno-omit-frame-pointer -fno-lto -Wall -Wextra -Werror -pedantic -Wconversion -Wsign-conversion -Wshadow -Wstrict-prototypes -Wmissing-prototypes -Wformat=2 -Wundef -fPIC -pthread -march=x86-64 -mtune=generic -fPIE  -pie -o build/clang/test_benchmark_tools tests/test_benchmark_tools.c benchmarks/bench_common.c src/elite_topology.c build/clang/libelite_ringbuffer.a -pthread
clang -Iinclude -Isrc -D_POSIX_C_SOURCE=200809L -D_DEFAULT_SOURCE -std=c11 -O3 -g -DNDEBUG -fno-omit-frame-pointer -fno-lto -Wall -Wextra -Werror -pedantic -Wconversion -Wsign-conversion -Wshadow -Wstrict-prototypes -Wmissing-prototypes -Wformat=2 -Wundef -fPIC -pthread -march=x86-64 -mtune=generic -MMD -MP -c src/elite_topology.c -o build/clang/elite_topology.o
ar rcs build/clang/libelite_topology.a build/clang/elite_topology.o
clang -Iinclude -Isrc -D_POSIX_C_SOURCE=200809L -D_DEFAULT_SOURCE -Ibenchmarks -Ibuild/clang -std=c11 -O3 -g -DNDEBUG -fno-omit-frame-pointer -fno-lto -Wall -Wextra -Werror -pedantic -Wconversion -Wsign-conversion -Wshadow -Wstrict-prototypes -Wmissing-prototypes -Wformat=2 -Wundef -fPIC -pthread -march=x86-64 -mtune=generic -fPIE  -pie -o build/clang/bench_matrix benchmarks/bench_matrix.c benchmarks/bench_common.c src/elite_topology.c benchmarks/bench_identity.c benchmarks/bench_ratio.c build/clang/libelite_topology.a build/clang/libelite_ringbuffer.a -pthread
clang -Iinclude -Isrc -D_POSIX_C_SOURCE=200809L -D_DEFAULT_SOURCE -std=c11 -O3 -g -DNDEBUG -fno-omit-frame-pointer -fno-lto -Wall -Wextra -Werror -pedantic -Wconversion -Wsign-conversion -Wshadow -Wstrict-prototypes -Wmissing-prototypes -Wformat=2 -Wundef -fPIC -pthread -march=x86-64 -mtune=generic -fPIE  -pie -o build/clang/bench_topology benchmarks/bench_topology.c build/clang/libelite_topology.a -pthread
clang -Iinclude -Isrc -D_POSIX_C_SOURCE=200809L -D_DEFAULT_SOURCE -Ibenchmarks -std=c11 -O3 -g -DNDEBUG -fno-omit-frame-pointer -fno-lto -Wall -Wextra -Werror -pedantic -Wconversion -Wsign-conversion -Wshadow -Wstrict-prototypes -Wmissing-prototypes -Wformat=2 -Wundef -fPIC -pthread -march=x86-64 -mtune=generic  -shared -o build/clang/libelite_matrix_bridge.so benchmarks/matrix_bridge.c benchmarks/bench_common.c src/elite_topology.c build/clang/libelite_ringbuffer.a -pthread
clang -march=x86-64 -mtune=generic  -shared -Wl,-soname,libelite_ringbuffer.so -o build/clang/libelite_ringbuffer.so build/clang/elite_core.o build/clang/elite_format.o build/clang/elite_spsc.o build/clang/elite_mpmc_ncq.o build/clang/elite_shm.o build/clang/elite_wait.o build/clang/elite_version.o -pthread
python3 tools/build_python.py --cc "clang" --build "build/clang" 
clang -std=c11 -O3 -g -Wall -Wextra -Werror -pedantic -fPIC -isystem /usr/include/python3.13 -shared /mnt/data/turn12_work/elite-ringbuffer-1.0.1-turn12/bindings/python/elite_buffer.c -o /mnt/data/turn12_work/elite-ringbuffer-1.0.1-turn12/build/clang/python/_elite_buffer.cpython-313-x86_64-linux-gnu.so
clang -Iinclude -Isrc -D_POSIX_C_SOURCE=200809L -D_DEFAULT_SOURCE -std=c11 -O3 -g -DNDEBUG -fno-omit-frame-pointer -fno-lto -Wall -Wextra -Werror -pedantic -Wconversion -Wsign-conversion -Wshadow -Wstrict-prototypes -Wmissing-prototypes -Wformat=2 -Wundef -fPIC -pthread -march=x86-64 -mtune=generic -fPIE  -pie -o build/clang/test_topology tests/test_topology.c build/clang/libelite_topology.a -pthread
build/clang/test_topology
PASS topology parser: sparse IDs, bounds, duplicate rejection, units, overflow, nulls
ELITE_TOPOLOGY_BINARY=/mnt/data/turn12_work/elite-ringbuffer-1.0.1-turn12/build/clang/bench_topology python3 tests/test_topology.py
test_cgroup_resource_budget (__main__.Fixtures.test_cgroup_resource_budget) ... ok
test_conflicting_nodes (__main__.Fixtures.test_conflicting_nodes) ... ok
test_escape_cgroup_rejected (__main__.Fixtures.test_escape_cgroup_rejected) ... ok
test_limit_no_truncation (__main__.Fixtures.test_limit_no_truncation) ... ok
test_malformed_cpu_list (__main__.Fixtures.test_malformed_cpu_list) ... ok
test_memory_unknown (__main__.Fixtures.test_memory_unknown) ... ok
test_missing_cache_is_partial (__main__.Fixtures.test_missing_cache_is_partial) ... ok
test_no_live_claim_from_fixture (__main__.Fixtures.test_no_live_claim_from_fixture) ... ok
test_no_node_guess (__main__.Fixtures.test_no_node_guess) ... ok
test_no_per_cpu_pe_fabrication (__main__.Fixtures.test_no_per_cpu_pe_fabrication) ... ok
test_oversized_mountinfo (__main__.Fixtures.test_oversized_mountinfo) ... ok
test_sparse_numa_and_smt (__main__.Fixtures.test_sparse_numa_and_smt) ... ok
test_topology_not_residency (__main__.Fixtures.test_topology_not_residency) ... ok
test_unlimited_is_not_zero (__main__.Fixtures.test_unlimited_is_not_zero) ... ok
test_v1_not_unlimited (__main__.Fixtures.test_v1_not_unlimited) ... ok
test_visible_ancestor_quota (__main__.Fixtures.test_visible_ancestor_quota) ... ok

----------------------------------------------------------------------
Ran 16 tests in 0.120s

OK
clang -Iinclude -Isrc -D_POSIX_C_SOURCE=200809L -D_DEFAULT_SOURCE -Ibenchmarks -Ibuild/clang -std=c11 -O3 -g -DNDEBUG -fno-omit-frame-pointer -fno-lto -Wall -Wextra -Werror -pedantic -Wconversion -Wsign-conversion -Wshadow -Wstrict-prototypes -Wmissing-prototypes -Wformat=2 -Wundef -fPIC -pthread -march=x86-64 -mtune=generic -fPIE  -pie -o build/clang/test_pmc tests/test_pmc.c benchmarks/bench_identity.c build/clang/libelite_pmc.a -pthread
clang -Iinclude -Isrc -D_POSIX_C_SOURCE=200809L -D_DEFAULT_SOURCE -std=c11 -O3 -g -DNDEBUG -fno-omit-frame-pointer -fno-lto -Wall -Wextra -Werror -pedantic -Wconversion -Wsign-conversion -Wshadow -Wstrict-prototypes -Wmissing-prototypes -Wformat=2 -Wundef -fPIC -pthread -march=x86-64 -mtune=generic -fPIE  -pie -Wl,--wrap=syscall,--wrap=read,--wrap=ioctl,--wrap=close -o build/clang/test_pmc_backend tests/test_pmc_backend.c build/clang/libelite_pmc.a -pthread
build/clang/test_pmc_backend
PASS synthetic perf backend: 8 setup/read/enable/disable/denial/multiplex/error cases; no fake hardware evidence
clang -Iinclude -Isrc -D_POSIX_C_SOURCE=200809L -D_DEFAULT_SOURCE -Ibenchmarks -std=c11 -O3 -g -DNDEBUG -fno-omit-frame-pointer -fno-lto -Wall -Wextra -Werror -pedantic -Wconversion -Wsign-conversion -Wshadow -Wstrict-prototypes -Wmissing-prototypes -Wformat=2 -Wundef -fPIC -pthread -march=x86-64 -mtune=generic -fPIE  -pie -o build/clang/test_ratio tests/test_ratio.c benchmarks/bench_ratio.c -pthread
build/clang/test_pmc
PASS PMC decoder/errors/lifecycle/thread ownership, CPU snapshots, SHA256 empty/abc/million-a
python3 -m unittest discover -s tests -p 'test_cache_provenance.py' -v
test_all_supported_reordered_ids (test_cache_provenance.ProvenanceTests.test_all_supported_reordered_ids) ... ok
test_binary_hash_format (test_cache_provenance.ProvenanceTests.test_binary_hash_format) ... ok
test_bool_is_not_integer (test_cache_provenance.ProvenanceTests.test_bool_is_not_integer) ... ok
test_cache_not_coherence (test_cache_provenance.ProvenanceTests.test_cache_not_coherence) ... ok
test_campaign_missing_record (test_cache_provenance.ProvenanceTests.test_campaign_missing_record) ... ok
test_cli_malformed_and_optimized (test_cache_provenance.ProvenanceTests.test_cli_malformed_and_optimized) ... ok
test_counter_duplicate (test_cache_provenance.ProvenanceTests.test_counter_duplicate) ... ok
test_counter_loss (test_cache_provenance.ProvenanceTests.test_counter_loss) ... ok
test_duplicate_event_id (test_cache_provenance.ProvenanceTests.test_duplicate_event_id) ... ok
test_duplicate_worker_thread (test_cache_provenance.ProvenanceTests.test_duplicate_worker_thread) ... ok
test_elapsed_mismatch (test_cache_provenance.ProvenanceTests.test_elapsed_mismatch) ... ok
test_external_binary_and_source (test_cache_provenance.ProvenanceTests.test_external_binary_and_source) ... ok
test_fractional_mach_timebase (test_cache_provenance.ProvenanceTests.test_fractional_mach_timebase) ... ok
test_incomplete_native_PMC_state (test_cache_provenance.ProvenanceTests.test_incomplete_native_PMC_state) ... ok
test_invalid_frame_rejected (test_cache_provenance.ProvenanceTests.test_invalid_frame_rejected) ... ok
test_max_worker_end (test_cache_provenance.ProvenanceTests.test_max_worker_end) ... ok
test_missing_worker (test_cache_provenance.ProvenanceTests.test_missing_worker) ... ok
test_multiplex_incorrect_estimate (test_cache_provenance.ProvenanceTests.test_multiplex_incorrect_estimate) ... ok
test_multiplex_scaling (test_cache_provenance.ProvenanceTests.test_multiplex_scaling) ... ok
test_never_scheduled (test_cache_provenance.ProvenanceTests.test_never_scheduled) ... ok
test_never_scheduled_nonzero (test_cache_provenance.ProvenanceTests.test_never_scheduled_nonzero) ... ok
test_no_false_p_core_pinning (test_cache_provenance.ProvenanceTests.test_no_false_p_core_pinning) ... ok
test_no_infinity (test_cache_provenance.ProvenanceTests.test_no_infinity) ... ok
test_no_nan (test_cache_provenance.ProvenanceTests.test_no_nan) ... ok
test_no_unsupported_metrics (test_cache_provenance.ProvenanceTests.test_no_unsupported_metrics) ... ok
test_no_zero_invented_for_unavailable_event (test_cache_provenance.ProvenanceTests.test_no_zero_invented_for_unavailable_event) ... ok
test_one_ulp_admitted (test_cache_provenance.ProvenanceTests.test_one_ulp_admitted) ... ok
test_paranoid_classification_not_guessed (test_cache_provenance.ProvenanceTests.test_paranoid_classification_not_guessed) ... ok
test_process_accounting_decrease (test_cache_provenance.ProvenanceTests.test_process_accounting_decrease) ... ok
test_rate_mismatch (test_cache_provenance.ProvenanceTests.test_rate_mismatch) ... ok
test_raw_u64_subtraction_above_binary64_precision (test_cache_provenance.ProvenanceTests.test_raw_u64_subtraction_above_binary64_precision) ... ok
test_running_exceeds_enabled (test_cache_provenance.ProvenanceTests.test_running_exceeds_enabled) ... ok
test_source_snapshot_digest (test_cache_provenance.ProvenanceTests.test_source_snapshot_digest) ... ok
test_t0_wrap (test_cache_provenance.ProvenanceTests.test_t0_wrap) ... ok
test_timer_correlation_does_not_assume_frequency (test_cache_provenance.ProvenanceTests.test_timer_correlation_does_not_assume_frequency) ... ok
test_total_operations (test_cache_provenance.ProvenanceTests.test_total_operations) ... ok
test_two_ulp_rejected (test_cache_provenance.ProvenanceTests.test_two_ulp_rejected) ... ok
test_worker_delta (test_cache_provenance.ProvenanceTests.test_worker_delta) ... ok
test_zero_timebase (test_cache_provenance.ProvenanceTests.test_zero_timebase) ... ok

----------------------------------------------------------------------
Ran 39 tests in 2.627s

OK
python3 tools/check_cache_math.py --binary build/clang/test_ratio
{"status": "PASS", "synthetic_ratio_cases": 1004, "zero_denominator_rejected": true, "seed": 1111, "maximum_error_bound": "one binary64 ULP"}
