gcc -Iinclude -Isrc -D_POSIX_C_SOURCE=200809L -D_DEFAULT_SOURCE -std=c11 -O3 -g -DNDEBUG -fno-omit-frame-pointer -fno-lto -Wall -Wextra -Werror -pedantic -Wconversion -Wsign-conversion -Wshadow -Wstrict-prototypes -Wmissing-prototypes -Wformat=2 -Wundef -fPIC -pthread -march=x86-64 -mtune=generic -fPIE  -pie -o build/gcc/test_core tests/test_core.c build/gcc/libelite_ringbuffer.a -pthread
gcc -Iinclude -Isrc -D_POSIX_C_SOURCE=200809L -D_DEFAULT_SOURCE -std=c11 -O3 -g -DNDEBUG -fno-omit-frame-pointer -fno-lto -Wall -Wextra -Werror -pedantic -Wconversion -Wsign-conversion -Wshadow -Wstrict-prototypes -Wmissing-prototypes -Wformat=2 -Wundef -fPIC -pthread -march=x86-64 -mtune=generic -fPIE  -pie -o build/gcc/test_ipc tests/test_ipc.c build/gcc/libelite_ringbuffer.a -pthread
gcc -Iinclude -Isrc -D_POSIX_C_SOURCE=200809L -D_DEFAULT_SOURCE -std=c11 -O3 -g -DNDEBUG -fno-omit-frame-pointer -fno-lto -Wall -Wextra -Werror -pedantic -Wconversion -Wsign-conversion -Wshadow -Wstrict-prototypes -Wmissing-prototypes -Wformat=2 -Wundef -fPIC -pthread -march=x86-64 -mtune=generic -fPIE  -pie -o build/gcc/example examples/local_roundtrip.c build/gcc/libelite_ringbuffer.a -pthread
build/gcc/test_core
parser_single_byte_mutations_rejected=512
PASS core_groups=68 shared_header=2048 descriptor=128 participant=256
build/gcc/test_ipc spsc 1 1 100000
PASS native_spawn_ipc mode=SPSC producers=1 consumers=1 messages=100000 bytes_each=64 duplicates=0 missing=0 bad_payloads=0 all_tokens_returned=yes controller_elapsed_ns=13654987 (not_latency)
build/gcc/test_ipc ncq 4 4 100000
PASS native_spawn_ipc mode=NCQ-SC64 producers=4 consumers=4 messages=100000 bytes_each=64 duplicates=0 missing=0 bad_payloads=0 all_tokens_returned=yes controller_elapsed_ns=12505365 (not_latency)
gcc -Iinclude -Isrc -D_POSIX_C_SOURCE=200809L -D_DEFAULT_SOURCE -std=c11 -O3 -g -DNDEBUG -fno-omit-frame-pointer -fno-lto -Wall -Wextra -Werror -pedantic -Wconversion -Wsign-conversion -Wshadow -Wstrict-prototypes -Wmissing-prototypes -Wformat=2 -Wundef -fPIC -pthread -march=x86-64 -mtune=generic -DELITE_TESTING -MMD -MP -c src/elite_core.c -o build/gcc/test_elite_core.o
gcc -Iinclude -Isrc -D_POSIX_C_SOURCE=200809L -D_DEFAULT_SOURCE -std=c11 -O3 -g -DNDEBUG -fno-omit-frame-pointer -fno-lto -Wall -Wextra -Werror -pedantic -Wconversion -Wsign-conversion -Wshadow -Wstrict-prototypes -Wmissing-prototypes -Wformat=2 -Wundef -fPIC -pthread -march=x86-64 -mtune=generic -DELITE_TESTING -MMD -MP -c src/elite_format.c -o build/gcc/test_elite_format.o
gcc -Iinclude -Isrc -D_POSIX_C_SOURCE=200809L -D_DEFAULT_SOURCE -std=c11 -O3 -g -DNDEBUG -fno-omit-frame-pointer -fno-lto -Wall -Wextra -Werror -pedantic -Wconversion -Wsign-conversion -Wshadow -Wstrict-prototypes -Wmissing-prototypes -Wformat=2 -Wundef -fPIC -pthread -march=x86-64 -mtune=generic -DELITE_TESTING -MMD -MP -c src/elite_spsc.c -o build/gcc/test_elite_spsc.o
gcc -Iinclude -Isrc -D_POSIX_C_SOURCE=200809L -D_DEFAULT_SOURCE -std=c11 -O3 -g -DNDEBUG -fno-omit-frame-pointer -fno-lto -Wall -Wextra -Werror -pedantic -Wconversion -Wsign-conversion -Wshadow -Wstrict-prototypes -Wmissing-prototypes -Wformat=2 -Wundef -fPIC -pthread -march=x86-64 -mtune=generic -DELITE_TESTING -MMD -MP -c src/elite_mpmc_ncq.c -o build/gcc/test_elite_mpmc_ncq.o
gcc -Iinclude -Isrc -D_POSIX_C_SOURCE=200809L -D_DEFAULT_SOURCE -std=c11 -O3 -g -DNDEBUG -fno-omit-frame-pointer -fno-lto -Wall -Wextra -Werror -pedantic -Wconversion -Wsign-conversion -Wshadow -Wstrict-prototypes -Wmissing-prototypes -Wformat=2 -Wundef -fPIC -pthread -march=x86-64 -mtune=generic -DELITE_TESTING -MMD -MP -c src/elite_shm.c -o build/gcc/test_elite_shm.o
gcc -Iinclude -Isrc -D_POSIX_C_SOURCE=200809L -D_DEFAULT_SOURCE -std=c11 -O3 -g -DNDEBUG -fno-omit-frame-pointer -fno-lto -Wall -Wextra -Werror -pedantic -Wconversion -Wsign-conversion -Wshadow -Wstrict-prototypes -Wmissing-prototypes -Wformat=2 -Wundef -fPIC -pthread -march=x86-64 -mtune=generic -DELITE_TESTING -MMD -MP -c src/elite_wait.c -o build/gcc/test_elite_wait.o
gcc -Iinclude -Isrc -D_POSIX_C_SOURCE=200809L -D_DEFAULT_SOURCE -std=c11 -O3 -g -DNDEBUG -fno-omit-frame-pointer -fno-lto -Wall -Wextra -Werror -pedantic -Wconversion -Wsign-conversion -Wshadow -Wstrict-prototypes -Wmissing-prototypes -Wformat=2 -Wundef -fPIC -pthread -march=x86-64 -mtune=generic -DELITE_TESTING -MMD -MP -c src/elite_version.c -o build/gcc/test_elite_version.o
gcc -Iinclude -Isrc -D_POSIX_C_SOURCE=200809L -D_DEFAULT_SOURCE -std=c11 -O3 -g -DNDEBUG -fno-omit-frame-pointer -fno-lto -Wall -Wextra -Werror -pedantic -Wconversion -Wsign-conversion -Wshadow -Wstrict-prototypes -Wmissing-prototypes -Wformat=2 -Wundef -fPIC -pthread -march=x86-64 -mtune=generic -fPIE -DELITE_TESTING  -pie -o build/gcc/test_adversarial tests/test_adversarial.c build/gcc/test_elite_core.o build/gcc/test_elite_format.o build/gcc/test_elite_spsc.o build/gcc/test_elite_mpmc_ncq.o build/gcc/test_elite_shm.o build/gcc/test_elite_wait.o build/gcc/test_elite_version.o -pthread
build/gcc/test_adversarial
PASS one_mapping_threads 2P2C messages=100000 exact_membership=yes
PASS controlled publication point=2 healthy_lifecycles_while_paused=10000
PASS controlled publication point=5 healthy_lifecycles_while_paused=10000
PASS controlled stale_head discards_old_entry_after_101_competing_claims
PASS controlled late_returner no_post_LP_descriptor_write
PASS integrity mode=1 retained_corrupt_token_not_reclaimed
PASS integrity mode=2 retained_corrupt_token_not_reclaimed
PASS SPSC finite_wait wake_before_or_after_block and_retirement
PASS adversarial_histories=8
gcc -Iinclude -Isrc -D_POSIX_C_SOURCE=200809L -D_DEFAULT_SOURCE -std=c11 -O3 -g -DNDEBUG -fno-omit-frame-pointer -fno-lto -Wall -Wextra -Werror -pedantic -Wconversion -Wsign-conversion -Wshadow -Wstrict-prototypes -Wmissing-prototypes -Wformat=2 -Wundef -fPIC -pthread -march=x86-64 -mtune=generic -fPIE -DELITE_TESTING  -pie -o build/gcc/test_limits tests/test_limits.c build/gcc/test_elite_core.o build/gcc/test_elite_format.o build/gcc/test_elite_spsc.o build/gcc/test_elite_mpmc_ncq.o build/gcc/test_elite_shm.o build/gcc/test_elite_wait.o build/gcc/test_elite_version.o -pthread
build/gcc/test_limits
PASS near_limit mode=1 limit=TICKET no_wrap_and_no_terminal_publication
PASS near_limit mode=1 limit=EPOCH no_wrap_and_no_terminal_publication
PASS near_limit mode=2 limit=TICKET no_wrap_and_no_terminal_publication
PASS near_limit mode=2 limit=EPOCH no_wrap_and_no_terminal_publication
gcc -Iinclude -Isrc -D_POSIX_C_SOURCE=200809L -D_DEFAULT_SOURCE -std=c11 -O3 -g -DNDEBUG -fno-omit-frame-pointer -fno-lto -Wall -Wextra -Werror -pedantic -Wconversion -Wsign-conversion -Wshadow -Wstrict-prototypes -Wmissing-prototypes -Wformat=2 -Wundef -fPIC -pthread -march=x86-64 -mtune=generic -fPIE -DELITE_TESTING  -pie -o build/gcc/test_chaos tests/test_chaos.c build/gcc/test_elite_core.o build/gcc/test_elite_format.o build/gcc/test_elite_spsc.o build/gcc/test_elite_mpmc_ncq.o build/gcc/test_elite_shm.o build/gcc/test_elite_wait.o build/gcc/test_elite_version.o -pthread
build/gcc/test_chaos
PASS native_SIGKILL cut=MID_WRITE healthy_lifecycles_before_fencing=10000 no_token_theft=yes
PASS native_SIGKILL cut=POST_PUBLICATION_PRE_TAIL healthy_lifecycles_before_fencing=10000 no_token_theft=yes
PASS native_SIGSTOP_successor_SIGCONT old_writer_did_not_modify_successor
PASS native_chaos_scenarios=3
gcc -Iinclude -Isrc -D_POSIX_C_SOURCE=200809L -D_DEFAULT_SOURCE -std=c11 -O3 -g -DNDEBUG -fno-omit-frame-pointer -fno-lto -Wall -Wextra -Werror -pedantic -Wconversion -Wsign-conversion -Wshadow -Wstrict-prototypes -Wmissing-prototypes -Wformat=2 -Wundef -fPIC -pthread -march=x86-64 -mtune=generic -fPIE  -pie -o build/gcc/fuzz_prefix tests/fuzz_prefix.c build/gcc/libelite_ringbuffer.a -pthread
build/gcc/fuzz_prefix 1000000
PASS stable_prefix_corpus inputs=1000000 accepted_valid_mutations=89908 rejected=910092 seed=744125b77cc09301
build/gcc/test_benchmark_tools
PASS benchmark tool groups=8 exact-ranks p99.99 rounding zeros payload negative-control
python3 tools/build_python.py --cc "gcc" --build "build/gcc" 
gcc -std=c11 -O3 -g -Wall -Wextra -Werror -pedantic -fPIC -isystem /usr/include/python3.13 -shared /mnt/data/turn12_work/elite-ringbuffer-1.0.1-turn12/bindings/python/elite_buffer.c -o /mnt/data/turn12_work/elite-ringbuffer-1.0.1-turn12/build/gcc/python/_elite_buffer.cpython-313-x86_64-linux-gnu.so
ELITE_LIBRARY="/mnt/data/turn12_work/elite-ringbuffer-1.0.1-turn12/build/gcc/libelite_ringbuffer.so" PYTHONPATH="/mnt/data/turn12_work/elite-ringbuffer-1.0.1-turn12/build/gcc/python:/mnt/data/turn12_work/elite-ringbuffer-1.0.1-turn12/bindings/python" python3 tools/check_python.py
test_bounds_before_narrowing (__main__.BindingTests.test_bounds_before_narrowing) ... ok
test_busy_detach_and_manager (__main__.BindingTests.test_busy_detach_and_manager) ... ok
test_cast_survives_root (__main__.BindingTests.test_cast_survives_root) ... ok
test_context_abort (__main__.BindingTests.test_context_abort) ... ok
test_crc_profile (__main__.BindingTests.test_crc_profile) ... ok
test_ctypes_export_retains_slot (__main__.BindingTests.test_ctypes_export_retains_slot) ... ok
test_direct_roundtrip (__main__.BindingTests.test_direct_roundtrip) ... ok
test_duplicate_attach_cleanup_does_not_resolve_original (__main__.BindingTests.test_duplicate_attach_cleanup_does_not_resolve_original) ... ok
test_duplicate_transfer (__main__.BindingTests.test_duplicate_transfer) ... ok
test_epoch_advances_on_abort (__main__.BindingTests.test_epoch_advances_on_abort) ... ok
test_explicit_copy (__main__.BindingTests.test_explicit_copy) ... ok
test_exporter_without_views_retains_ability (__main__.BindingTests.test_exporter_without_views_retains_ability) ... ok
test_gc_outer_lease_retained_by_alias (__main__.BindingTests.test_gc_outer_lease_retained_by_alias) ... ok
test_gc_uncommitted_write_aborts (__main__.BindingTests.test_gc_uncommitted_write_aborts) ... ok
test_multiple_roots (__main__.BindingTests.test_multiple_roots) ... ok
test_pattern_helper_all_bytes (__main__.BindingTests.test_pattern_helper_all_bytes) ... ok
test_read_context_exception_returns_token (__main__.BindingTests.test_read_context_exception_returns_token) ... ok
test_readonly_exporter (__main__.BindingTests.test_readonly_exporter) ... ok
test_received_mapping_survives_endpoint_name_drop (__main__.BindingTests.test_received_mapping_survives_endpoint_name_drop) ... ok
test_retirement_does_not_revoke_alias (__main__.BindingTests.test_retirement_does_not_revoke_alias) ... ok
test_role_rejected_before_attach (__main__.BindingTests.test_role_rejected_before_attach) ... ok
test_slice_survives_root (__main__.BindingTests.test_slice_survives_root) ... ok
test_threads_serialized_one_outstanding (__main__.BindingTests.test_threads_serialized_one_outstanding) ... ok
test_timeout_is_not_lease_revocation (__main__.BindingTests.test_timeout_is_not_lease_revocation) ... ok
test_version_layouts (__main__.BindingTests.test_version_layouts) ... ok
test_zero_length (__main__.BindingTests.test_zero_length) ... ok
test_binding_cleanup_registry_empty (__main__.ProcessTests.test_binding_cleanup_registry_empty) ... ok
test_grant_encoding_rejects_missing_fields (__main__.ProcessTests.test_grant_encoding_rejects_missing_fields) ... ok
test_inherited_handle_methods_reject (__main__.ProcessTests.test_inherited_handle_methods_reject) ... ok
test_kill_leaks_token_but_whole_generation_cleans (__main__.ProcessTests.test_kill_leaks_token_but_whole_generation_cleans) ... ok
test_normal_exit_closes_idle_generation (__main__.ProcessTests.test_normal_exit_closes_idle_generation) ... ok
test_pause_resume_distinct_successor (__main__.ProcessTests.test_pause_resume_distinct_successor) ... ok
test_python_mpmc_two_producers_two_consumers (__main__.ProcessTests.test_python_mpmc_two_producers_two_consumers) ... ok
test_spawned_python_publication (__main__.ProcessTests.test_spawned_python_publication) ... ok
test_throughput_driver (__main__.ProcessTests.test_throughput_driver) ... ok
test_uncertain_python_return_never_blindly_retries (__main__.ProcessTests.test_uncertain_python_return_never_blindly_retries) ... ok

----------------------------------------------------------------------
Ran 36 tests in 7.850s

OK
build/gcc/test_topology
PASS topology parser: sparse IDs, bounds, duplicate rejection, units, overflow, nulls
ELITE_TOPOLOGY_BINARY=/mnt/data/turn12_work/elite-ringbuffer-1.0.1-turn12/build/gcc/bench_topology python3 tests/test_topology.py
test_ambiguous_node_not_certified (__main__.Fixtures.test_ambiguous_node_not_certified) ... ok
test_cgroup_resource_budget (__main__.Fixtures.test_cgroup_resource_budget) ... ok
test_conflicting_nodes (__main__.Fixtures.test_conflicting_nodes) ... ok
test_escape_cgroup_rejected (__main__.Fixtures.test_escape_cgroup_rejected) ... ok
test_known_cross_numa_shape (__main__.Fixtures.test_known_cross_numa_shape) ... ok
test_limit_no_truncation (__main__.Fixtures.test_limit_no_truncation) ... ok
test_malformed_cpu_list (__main__.Fixtures.test_malformed_cpu_list) ... ok
test_memory_unknown (__main__.Fixtures.test_memory_unknown) ... ok
test_missing_cache_is_partial (__main__.Fixtures.test_missing_cache_is_partial) ... ok
test_no_live_claim_from_fixture (__main__.Fixtures.test_no_live_claim_from_fixture) ... ok
test_no_node_guess (__main__.Fixtures.test_no_node_guess) ... ok
test_no_per_cpu_pe_fabrication (__main__.Fixtures.test_no_per_cpu_pe_fabrication) ... ok
test_not_instruction_only_l2 (__main__.Fixtures.test_not_instruction_only_l2) ... ok
test_oversized_mountinfo (__main__.Fixtures.test_oversized_mountinfo) ... ok
test_same_data_l2 (__main__.Fixtures.test_same_data_l2) ... ok
test_sparse_numa_and_smt (__main__.Fixtures.test_sparse_numa_and_smt) ... ok
test_topology_not_residency (__main__.Fixtures.test_topology_not_residency) ... ok
test_unlimited_is_not_zero (__main__.Fixtures.test_unlimited_is_not_zero) ... ok
test_v1_not_unlimited (__main__.Fixtures.test_v1_not_unlimited) ... ok
test_visible_ancestor_quota (__main__.Fixtures.test_visible_ancestor_quota) ... ok
test_wrong_same_numa (__main__.Fixtures.test_wrong_same_numa) ... ok

----------------------------------------------------------------------
Ran 21 tests in 0.155s

OK
python3 tests/test_matrix_results.py
test_bad_plan_hash (__main__.CampaignTests.test_bad_plan_hash) ... ok
test_changed_plan_workload (__main__.CampaignTests.test_changed_plan_workload) ... ok
test_duplicate_plan (__main__.CampaignTests.test_duplicate_plan) ... ok
test_invented_completed_count (__main__.CampaignTests.test_invented_completed_count) ... ok
test_manifest_guards_inventory (__main__.CampaignTests.test_manifest_guards_inventory) ... ok
test_missing_completion (__main__.CampaignTests.test_missing_completion) ... ok
test_missing_trial (__main__.CampaignTests.test_missing_trial) ... ok
test_renamed_trial (__main__.CampaignTests.test_renamed_trial) ... ok
test_skip_without_reason (__main__.CampaignTests.test_skip_without_reason) ... ok
test_valid_campaign (__main__.CampaignTests.test_valid_campaign) ... ok
test_affinity_lie (__main__.RecordTests.test_affinity_lie) ... ok
test_bad_capacity (__main__.RecordTests.test_bad_capacity) ... ok
test_bad_read_timestamp (__main__.RecordTests.test_bad_read_timestamp) ... ok
test_bandwidth (__main__.RecordTests.test_bandwidth) ... ok
test_boolean_arrival (__main__.RecordTests.test_boolean_arrival) ... ok
test_cli_under_optimized_python (__main__.RecordTests.test_cli_under_optimized_python) ... ok
test_duplicate_free_token (__main__.RecordTests.test_duplicate_free_token) ... ok
test_duplicate_json_key (__main__.RecordTests.test_duplicate_json_key) ... ok
test_duplicate_membership (__main__.RecordTests.test_duplicate_membership) ... ok
test_duplicate_worker (__main__.RecordTests.test_duplicate_worker) ... ok
test_elapsed (__main__.RecordTests.test_elapsed) ... ok
test_eligible_scope (__main__.RecordTests.test_eligible_scope) ... ok
test_epoch_mismatch (__main__.RecordTests.test_epoch_mismatch) ... ok
test_external_binary (__main__.RecordTests.test_external_binary) ... ok
test_fixed_schedule_not_closed_loop (__main__.RecordTests.test_fixed_schedule_not_closed_loop) ... ok
test_geometry (__main__.RecordTests.test_geometry) ... ok
test_invented_cross_numa (__main__.RecordTests.test_invented_cross_numa) ... ok
test_invented_pe (__main__.RecordTests.test_invented_pe) ... ok
test_invented_residency (__main__.RecordTests.test_invented_residency) ... ok
test_invented_uncertainty (__main__.RecordTests.test_invented_uncertainty) ... ok
test_max_integer (__main__.RecordTests.test_max_integer) ... ok
test_missing_membership (__main__.RecordTests.test_missing_membership) ... ok
test_missing_worker (__main__.RecordTests.test_missing_worker) ... ok
test_negative_tick (__main__.RecordTests.test_negative_tick) ... ok
test_no_final_tokens (__main__.RecordTests.test_no_final_tokens) ... ok
test_nonfinite (__main__.RecordTests.test_nonfinite) ... ok
test_rate (__main__.RecordTests.test_rate) ... ok
test_retained_phase (__main__.RecordTests.test_retained_phase) ... ok
test_retention_not_omitted (__main__.RecordTests.test_retention_not_omitted) ... ok
test_runtime (__main__.RecordTests.test_runtime) ... ok
test_shifted_offer (__main__.RecordTests.test_shifted_offer) ... ok
test_synthetic_hardware (__main__.RecordTests.test_synthetic_hardware) ... ok
test_truncated_trace (__main__.RecordTests.test_truncated_trace) ... ok
test_valid (__main__.RecordTests.test_valid) ... ok
test_warmup_reset (__main__.RecordTests.test_warmup_reset) ... ok
test_wrong_quantile (__main__.RecordTests.test_wrong_quantile) ... ok
test_wrong_sample_count (__main__.RecordTests.test_wrong_sample_count) ... ok
test_wrong_segment (__main__.RecordTests.test_wrong_segment) ... ok
test_wrong_union (__main__.RecordTests.test_wrong_union) ... ok
test_zero_timebase (__main__.RecordTests.test_zero_timebase) ... ok

----------------------------------------------------------------------
Ran 50 tests in 0.786s

OK
