RUN spsc-closed-small
RUN ncq-pop-1-1
RUN ncq-pop-2-2
RUN ncq-pop-4-4
RUN ncq-pop-8-8
RUN ncq-pop-16-1
RUN ncq-pop-1-16
RUN ncq-pop-16-16
RUN ncq-closed-small
RUN spsc-saturation-small
RUN ncq-fixed-rate
RUN ncq-bursts
RUN spsc-retained
RUN spsc-crc64
RUN spsc-helper-c-1m
RUN spsc-python-1m
RUN spsc-python-bytecode
RUN spsc-python-retained-gc
RUN spsc-llc-candidate
RUN ncq-retained
RUN ncq-crc64
RUN ncq-helper-c-1m
RUN ncq-python-1m
RUN ncq-python-bytecode
RUN ncq-python-retained-gc
RUN ncq-llc-candidate
RUN ncq-l2-candidate
RUN ncq-yield-requests
RUN python-asymmetric-1-16
RUN python-asymmetric-16-1
RUN reported-same-l2
PASS MATRIX 93 records 729216 messages
