mkdir -p build/final-asan
clang -Iinclude -Isrc -D_POSIX_C_SOURCE=200809L -D_DEFAULT_SOURCE -std=c11 -O1 -g -fno-omit-frame-pointer -fno-optimize-sibling-calls -fno-lto -fsanitize=address,undefined -fno-sanitize-recover=all -Wall -Wextra -Werror -pedantic -Wconversion -Wsign-conversion -Wshadow -Wstrict-prototypes -Wmissing-prototypes -Wformat=2 -Wundef -fPIC -pthread -march=x86-64 -mtune=generic -MMD -MP -c src/elite_core.c -o build/final-asan/elite_core.o
clang -Iinclude -Isrc -D_POSIX_C_SOURCE=200809L -D_DEFAULT_SOURCE -std=c11 -O1 -g -fno-omit-frame-pointer -fno-optimize-sibling-calls -fno-lto -fsanitize=address,undefined -fno-sanitize-recover=all -Wall -Wextra -Werror -pedantic -Wconversion -Wsign-conversion -Wshadow -Wstrict-prototypes -Wmissing-prototypes -Wformat=2 -Wundef -fPIC -pthread -march=x86-64 -mtune=generic -MMD -MP -c src/elite_format.c -o build/final-asan/elite_format.o
clang -Iinclude -Isrc -D_POSIX_C_SOURCE=200809L -D_DEFAULT_SOURCE -std=c11 -O1 -g -fno-omit-frame-pointer -fno-optimize-sibling-calls -fno-lto -fsanitize=address,undefined -fno-sanitize-recover=all -Wall -Wextra -Werror -pedantic -Wconversion -Wsign-conversion -Wshadow -Wstrict-prototypes -Wmissing-prototypes -Wformat=2 -Wundef -fPIC -pthread -march=x86-64 -mtune=generic -MMD -MP -c src/elite_spsc.c -o build/final-asan/elite_spsc.o
clang -Iinclude -Isrc -D_POSIX_C_SOURCE=200809L -D_DEFAULT_SOURCE -std=c11 -O1 -g -fno-omit-frame-pointer -fno-optimize-sibling-calls -fno-lto -fsanitize=address,undefined -fno-sanitize-recover=all -Wall -Wextra -Werror -pedantic -Wconversion -Wsign-conversion -Wshadow -Wstrict-prototypes -Wmissing-prototypes -Wformat=2 -Wundef -fPIC -pthread -march=x86-64 -mtune=generic -MMD -MP -c src/elite_mpmc_ncq.c -o build/final-asan/elite_mpmc_ncq.o
clang -Iinclude -Isrc -D_POSIX_C_SOURCE=200809L -D_DEFAULT_SOURCE -std=c11 -O1 -g -fno-omit-frame-pointer -fno-optimize-sibling-calls -fno-lto -fsanitize=address,undefined -fno-sanitize-recover=all -Wall -Wextra -Werror -pedantic -Wconversion -Wsign-conversion -Wshadow -Wstrict-prototypes -Wmissing-prototypes -Wformat=2 -Wundef -fPIC -pthread -march=x86-64 -mtune=generic -MMD -MP -c src/elite_shm.c -o build/final-asan/elite_shm.o
clang -Iinclude -Isrc -D_POSIX_C_SOURCE=200809L -D_DEFAULT_SOURCE -std=c11 -O1 -g -fno-omit-frame-pointer -fno-optimize-sibling-calls -fno-lto -fsanitize=address,undefined -fno-sanitize-recover=all -Wall -Wextra -Werror -pedantic -Wconversion -Wsign-conversion -Wshadow -Wstrict-prototypes -Wmissing-prototypes -Wformat=2 -Wundef -fPIC -pthread -march=x86-64 -mtune=generic -MMD -MP -c src/elite_wait.c -o build/final-asan/elite_wait.o
clang -Iinclude -Isrc -D_POSIX_C_SOURCE=200809L -D_DEFAULT_SOURCE -std=c11 -O1 -g -fno-omit-frame-pointer -fno-optimize-sibling-calls -fno-lto -fsanitize=address,undefined -fno-sanitize-recover=all -Wall -Wextra -Werror -pedantic -Wconversion -Wsign-conversion -Wshadow -Wstrict-prototypes -Wmissing-prototypes -Wformat=2 -Wundef -fPIC -pthread -march=x86-64 -mtune=generic -DELITE_TESTING -MMD -MP -c src/elite_core.c -o build/final-asan/test_elite_core.o
clang -Iinclude -Isrc -D_POSIX_C_SOURCE=200809L -D_DEFAULT_SOURCE -std=c11 -O1 -g -fno-omit-frame-pointer -fno-optimize-sibling-calls -fno-lto -fsanitize=address,undefined -fno-sanitize-recover=all -Wall -Wextra -Werror -pedantic -Wconversion -Wsign-conversion -Wshadow -Wstrict-prototypes -Wmissing-prototypes -Wformat=2 -Wundef -fPIC -pthread -march=x86-64 -mtune=generic -DELITE_TESTING -MMD -MP -c src/elite_format.c -o build/final-asan/test_elite_format.o
clang -Iinclude -Isrc -D_POSIX_C_SOURCE=200809L -D_DEFAULT_SOURCE -std=c11 -O1 -g -fno-omit-frame-pointer -fno-optimize-sibling-calls -fno-lto -fsanitize=address,undefined -fno-sanitize-recover=all -Wall -Wextra -Werror -pedantic -Wconversion -Wsign-conversion -Wshadow -Wstrict-prototypes -Wmissing-prototypes -Wformat=2 -Wundef -fPIC -pthread -march=x86-64 -mtune=generic -DELITE_TESTING -MMD -MP -c src/elite_spsc.c -o build/final-asan/test_elite_spsc.o
clang -Iinclude -Isrc -D_POSIX_C_SOURCE=200809L -D_DEFAULT_SOURCE -std=c11 -O1 -g -fno-omit-frame-pointer -fno-optimize-sibling-calls -fno-lto -fsanitize=address,undefined -fno-sanitize-recover=all -Wall -Wextra -Werror -pedantic -Wconversion -Wsign-conversion -Wshadow -Wstrict-prototypes -Wmissing-prototypes -Wformat=2 -Wundef -fPIC -pthread -march=x86-64 -mtune=generic -DELITE_TESTING -MMD -MP -c src/elite_mpmc_ncq.c -o build/final-asan/test_elite_mpmc_ncq.o
clang -Iinclude -Isrc -D_POSIX_C_SOURCE=200809L -D_DEFAULT_SOURCE -std=c11 -O1 -g -fno-omit-frame-pointer -fno-optimize-sibling-calls -fno-lto -fsanitize=address,undefined -fno-sanitize-recover=all -Wall -Wextra -Werror -pedantic -Wconversion -Wsign-conversion -Wshadow -Wstrict-prototypes -Wmissing-prototypes -Wformat=2 -Wundef -fPIC -pthread -march=x86-64 -mtune=generic -DELITE_TESTING -MMD -MP -c src/elite_shm.c -o build/final-asan/test_elite_shm.o
clang -Iinclude -Isrc -D_POSIX_C_SOURCE=200809L -D_DEFAULT_SOURCE -std=c11 -O1 -g -fno-omit-frame-pointer -fno-optimize-sibling-calls -fno-lto -fsanitize=address,undefined -fno-sanitize-recover=all -Wall -Wextra -Werror -pedantic -Wconversion -Wsign-conversion -Wshadow -Wstrict-prototypes -Wmissing-prototypes -Wformat=2 -Wundef -fPIC -pthread -march=x86-64 -mtune=generic -DELITE_TESTING -MMD -MP -c src/elite_wait.c -o build/final-asan/test_elite_wait.o
ar rcs build/final-asan/libelite_ringbuffer.a build/final-asan/elite_core.o build/final-asan/elite_format.o build/final-asan/elite_spsc.o build/final-asan/elite_mpmc_ncq.o build/final-asan/elite_shm.o build/final-asan/elite_wait.o
clang -Iinclude -Isrc -D_POSIX_C_SOURCE=200809L -D_DEFAULT_SOURCE -std=c11 -O1 -g -fno-omit-frame-pointer -fno-optimize-sibling-calls -fno-lto -fsanitize=address,undefined -fno-sanitize-recover=all -Wall -Wextra -Werror -pedantic -Wconversion -Wsign-conversion -Wshadow -Wstrict-prototypes -Wmissing-prototypes -Wformat=2 -Wundef -fPIC -pthread -march=x86-64 -mtune=generic -fPIE -fsanitize=address,undefined -pie -o build/final-asan/test_core tests/test_core.c build/final-asan/libelite_ringbuffer.a -pthread
clang -Iinclude -Isrc -D_POSIX_C_SOURCE=200809L -D_DEFAULT_SOURCE -std=c11 -O1 -g -fno-omit-frame-pointer -fno-optimize-sibling-calls -fno-lto -fsanitize=address,undefined -fno-sanitize-recover=all -Wall -Wextra -Werror -pedantic -Wconversion -Wsign-conversion -Wshadow -Wstrict-prototypes -Wmissing-prototypes -Wformat=2 -Wundef -fPIC -pthread -march=x86-64 -mtune=generic -fPIE -fsanitize=address,undefined -pie -o build/final-asan/fuzz_prefix tests/fuzz_prefix.c build/final-asan/libelite_ringbuffer.a -pthread
clang -Iinclude -Isrc -D_POSIX_C_SOURCE=200809L -D_DEFAULT_SOURCE -std=c11 -O1 -g -fno-omit-frame-pointer -fno-optimize-sibling-calls -fno-lto -fsanitize=address,undefined -fno-sanitize-recover=all -Wall -Wextra -Werror -pedantic -Wconversion -Wsign-conversion -Wshadow -Wstrict-prototypes -Wmissing-prototypes -Wformat=2 -Wundef -fPIC -pthread -march=x86-64 -mtune=generic -fPIE -DELITE_TESTING -fsanitize=address,undefined -pie -o build/final-asan/test_adversarial tests/test_adversarial.c build/final-asan/test_elite_core.o build/final-asan/test_elite_format.o build/final-asan/test_elite_spsc.o build/final-asan/test_elite_mpmc_ncq.o build/final-asan/test_elite_shm.o build/final-asan/test_elite_wait.o -pthread
parser_single_byte_mutations_rejected=512
PASS core_groups=68 shared_header=2048 descriptor=128 participant=256
PASS one_mapping_threads 2P2C messages=100000 exact_membership=yes
PASS controlled publication point=2 healthy_lifecycles_while_paused=10000
PASS controlled publication point=5 healthy_lifecycles_while_paused=10000
PASS controlled stale_head discards_old_entry_after_101_competing_claims
PASS controlled late_returner no_post_LP_descriptor_write
PASS integrity mode=1 retained_corrupt_token_not_reclaimed
PASS integrity mode=2 retained_corrupt_token_not_reclaimed
PASS SPSC finite_wait wake_before_or_after_block and_retirement
PASS adversarial_histories=8
PASS stable_prefix_corpus inputs=1000000 accepted_valid_mutations=89908 rejected=910092 seed=744125b77cc09301

exit_status=0
