Available flags for ThreadSanitizer:
	enable_annotations
		- Enable dynamic annotations, otherwise they are no-ops. (Current Value: true)
	suppress_equal_stacks
		- Suppress a race report if we've already output another race report with the same stack. (Current Value: true)
	report_bugs
		- Turns off bug reporting entirely (useful for benchmarking). (Current Value: true)
	report_thread_leaks
		- Report thread leaks at exit? (Current Value: true)
	report_destroy_locked
		- Report destruction of a locked mutex? (Current Value: true)
	report_mutex_bugs
		- Report incorrect usages of mutexes and mutex annotations? (Current Value: true)
	report_signal_unsafe
		- Report violations of async signal-safety (e.g. malloc() call from a signal handler). (Current Value: true)
	report_atomic_races
		- Report races between atomic and plain memory accesses. (Current Value: true)
	force_seq_cst_atomics
		- If set, all atomics are effectively sequentially consistent (seq_cst), regardless of what user actually specified. (Current Value: false)
	force_background_thread
		- If set, eagerly launch a background thread for memory reclamation instead of waiting for a user call to pthread_create. (Current Value: false)
	halt_on_error
		- Exit after first reported error. (Current Value: true)
	atexit_sleep_ms
		- Sleep in main thread before exiting for that many ms (useful to catch "at exit" races). (Current Value: 1000)
	profile_memory
		- If set, periodically write memory profile to that file. (Current Value: )
	flush_memory_ms
		- Flush shadow memory every X ms. (Current Value: 0)
	flush_symbolizer_ms
		- Flush symbolizer caches every X ms. (Current Value: 5000)
	memory_limit_mb
		- Resident memory limit in MB to aim at.If the process consumes more memory, then TSan will flush shadow memory. (Current Value: 0)
	stop_on_start
		- Stops on start until __tsan_resume() is called (for debugging). (Current Value: false)
	running_on_valgrind
		- Controls whether RunningOnValgrind() returns true or false. (Current Value: false)
	history_size
		- Per-thread history size, controls how many extra previous memory accesses are remembered per thread. (Current Value: 0x0)
	io_sync
		- Controls level of synchronization implied by IO operations. 0 - no synchronization 1 - reasonable level of synchronization (write->read)2 - global synchronization of all IO operations. (Current Value: 1)
	die_after_fork
		- Die after multi-threaded fork if the child creates new threads. (Current Value: true)
	suppressions
		- Suppressions file name. (Current Value: )
	ignore_interceptors_accesses
		- Ignore reads and writes from all interceptors. (Current Value: false)
	ignore_noninstrumented_modules
		- Interceptors should only detect races when called from instrumented modules. (Current Value: false)
	shared_ptr_interceptor
		- Track atomic reference counting in libc++ shared_ptr and weak_ptr. (Current Value: true)
	print_full_thread_history
		- If set, prints thread creation stacks for the threads involved in the report and their ancestors up to the main thread. (Current Value: false)
	second_deadlock_stack
		- Report where each mutex is locked in deadlock reports (Current Value: false)
	symbolize
		- If set, use the online symbolizer from common sanitizer runtime to turn virtual addresses to file/line locations. (Current Value: true)
	external_symbolizer_path
		- Path to external symbolizer. If empty, the tool will search $PATH for the symbolizer. (Current Value: <null>)
	allow_addr2line
		- If set, allows online symbolizer to run addr2line binary to symbolize stack traces (addr2line will only be used if llvm-symbolizer binary is unavailable. (Current Value: true)
	strip_path_prefix
		- Strips this prefix from file paths in error reports. (Current Value: )
	fast_unwind_on_check
		- If available, use the fast frame-pointer-based unwinder on internal CHECK failures. (Current Value: false)
	fast_unwind_on_fatal
		- If available, use the fast frame-pointer-based unwinder on fatal errors. (Current Value: false)
	fast_unwind_on_malloc
		- If available, use the fast frame-pointer-based unwinder on malloc/free. (Current Value: true)
	handle_ioctl
		- Intercept and handle ioctl requests. (Current Value: false)
	malloc_context_size
		- Max number of stack frames kept for each allocation/deallocation. (Current Value: 1)
	log_path
		- Write logs to "log_path.pid". The special values are "stdout" and "stderr". If unspecified, defaults to "stderr". (Current Value: <null>)
	log_exe_name
		- Mention name of executable when reporting error and append executable name to logs (as in "log_path.exe_name.pid"). (Current Value: false)
	log_suffix
		- String to append to log file name, e.g. ".txt". (Current Value: <null>)
	log_to_syslog
		- Write all sanitizer output to syslog in addition to other means of logging. (Current Value: false)
	verbosity
		- Verbosity level (0 - silent, 1 - a bit of output, 2+ - more output). (Current Value: 0)
	strip_env
		- Whether to remove the sanitizer from DYLD_INSERT_LIBRARIES to avoid passing it to children on Apple platforms. Default is true. (Current Value: true)
	verify_interceptors
		- Verify that interceptors are working on Apple platforms. Default is true. (Current Value: true)
	detect_leaks
		- Enable memory leak detection. (Current Value: true)
	leak_check_at_exit
		- Invoke leak checking in an atexit handler. Has no effect if detect_leaks=false, or if __lsan_do_leak_check() is called before the handler has a chance to run. (Current Value: true)
	allocator_may_return_null
		- If false, the allocator will crash instead of returning 0 on out-of-memory. (Current Value: false)
	print_summary
		- If false, disable printing error summaries in addition to error reports. (Current Value: true)
	print_module_map
		- Print the process module map where supported (0 - don't print, 1 - print only once before process exits, 2 - print after each report). (Current Value: 0)
	check_printf
		- Check printf arguments. (Current Value: true)
	handle_segv
		- Controls custom tool's SIGSEGV handler (0 - do not registers the handler, 1 - register the handler and allow user to set own, 2 - registers the handler and block user from changing it).  (Current Value: 1)
	handle_sigbus
		- Controls custom tool's SIGBUS handler (0 - do not registers the handler, 1 - register the handler and allow user to set own, 2 - registers the handler and block user from changing it).  (Current Value: 1)
	handle_abort
		- Controls custom tool's SIGABRT handler (0 - do not registers the handler, 1 - register the handler and allow user to set own, 2 - registers the handler and block user from changing it).  (Current Value: 0)
	handle_sigill
		- Controls custom tool's SIGILL handler (0 - do not registers the handler, 1 - register the handler and allow user to set own, 2 - registers the handler and block user from changing it).  (Current Value: 0)
	handle_sigtrap
		- Controls custom tool's SIGTRAP handler (0 - do not registers the handler, 1 - register the handler and allow user to set own, 2 - registers the handler and block user from changing it).  (Current Value: 0)
	handle_sigfpe
		- Controls custom tool's SIGFPE handler (0 - do not registers the handler, 1 - register the handler and allow user to set own, 2 - registers the handler and block user from changing it).  (Current Value: 1)
	allow_user_segv_handler
		- Deprecated. True has no effect, use handle_sigbus=1. If false, handle_*=1 will be upgraded to handle_*=2. (Current Value: true)
	use_sigaltstack
		- If set, uses alternate stack for signal handling. (Current Value: true)
	detect_deadlocks
		- If set, deadlock detection is enabled. (Current Value: true)
	clear_shadow_mmap_threshold
		- Large shadow regions are zero-filled using mmap(NORESERVE) instead of memset(). This is the threshold size in bytes. (Current Value: 0x10000)
	color
		- Colorize reports: (always|never|auto). (Current Value: auto)
	legacy_pthread_cond
		- Enables support for dynamic libraries linked with libpthread 2.2.5. (Current Value: false)
	intercept_tls_get_addr
		- Intercept __tls_get_addr. (Current Value: true)
	help
		- Print the flag descriptions. (Current Value: true)
	mmap_limit_mb
		- Limit the amount of mmap-ed memory (excluding shadow) in Mb; not a user-facing flag, used mosly for testing the tools (Current Value: 0x0)
	hard_rss_limit_mb
		- Hard RSS limit in Mb. If non-zero, a background thread is spawned at startup which periodically reads RSS and aborts the process if the limit is reached (Current Value: 0x0)
	soft_rss_limit_mb
		- Soft RSS limit in Mb. If non-zero, a background thread is spawned at startup which periodically reads RSS. If the limit is reached all subsequent malloc/new calls will fail or return NULL (depending on the value of allocator_may_return_null) until the RSS goes below the soft limit. This limit does not affect memory allocations other than malloc/new. (Current Value: 0x0)
	max_allocation_size_mb
		- If non-zero, malloc/new calls larger than this size will return nullptr (or crash if allocator_may_return_null=false). (Current Value: 0x0)
	heap_profile
		- Experimental heap profiler, asan-only (Current Value: false)
	allocator_release_to_os_interval_ms
		- Only affects a 64-bit allocator. If set, tries to release unused memory to the OS, but not more often than this interval (in milliseconds). Negative values mean do not attempt to release memory to the OS.
 (Current Value: 5000)
	can_use_proc_maps_statm
		- If false, do not attempt to read /proc/maps/statm. Mostly useful for testing sanitizers. (Current Value: true)
	coverage
		- If set, coverage information will be dumped at program shutdown (if the coverage instrumentation was enabled at compile time). (Current Value: false)
	coverage_dir
		- Target directory for coverage dumps. Defaults to the current directory. (Current Value: .)
	cov_8bit_counters_out
		- If non-empty, write 8bit counters to this file.  (Current Value: )
	cov_pcs_out
		- If non-empty, write the coverage pc table to this file.  (Current Value: )
	full_address_space
		- Sanitize complete address space; by default kernel area on 32-bit platforms will not be sanitized (Current Value: false)
	print_suppressions
		- Print matched suppressions at exit. (Current Value: false)
	disable_coredump
		- Disable core dumping. By default, disable_coredump=1 on 64-bit to avoid dumping a 16T+ core file. Ignored on OSes that don't dump core by default and for sanitizers that don't reserve lots of virtual memory. (Current Value: true)
	use_madv_dontdump
		- If set, instructs kernel to not store the (huge) shadow in core file. (Current Value: true)
	symbolize_inline_frames
		- Print inlined frames in stacktraces. Defaults to true. (Current Value: true)
	demangle
		- Print demangled symbols. (Current Value: true)
	symbolize_vs_style
		- Print file locations in Visual Studio style (e.g:  file(10,42): ... (Current Value: false)
	dedup_token_length
		- If positive, after printing a stack trace also print a short string token based on this number of frames that will simplify deduplication of the reports. Example: 'DEDUP_TOKEN: foo-bar-main'. Default is 0. (Current Value: 0)
	stack_trace_format
		- Format string used to render stack frames. See sanitizer_stacktrace_printer.h for the format description. Use DEFAULT to get default format. (Current Value:     #%n %f %S %M)
	compress_stack_depot
		- Compress stack depot to save memory. (Current Value: 0)
	no_huge_pages_for_shadow
		- If true, the shadow is not allowed to use huge pages.  (Current Value: true)
	strict_string_checks
		- If set check that string arguments are properly null-terminated (Current Value: false)
	intercept_strstr
		- If set, uses custom wrappers for strstr and strcasestr functions to find more errors. (Current Value: true)
	intercept_strspn
		- If set, uses custom wrappers for strspn and strcspn function to find more errors. (Current Value: true)
	intercept_strtok
		- If set, uses a custom wrapper for the strtok function to find more errors. (Current Value: true)
	intercept_strpbrk
		- If set, uses custom wrappers for strpbrk function to find more errors. (Current Value: true)
	intercept_strcmp
		- If set, uses custom wrappers for strcmp functions to find more errors. (Current Value: true)
	intercept_strlen
		- If set, uses custom wrappers for strlen and strnlen functions to find more errors. (Current Value: true)
	intercept_strndup
		- If set, uses custom wrappers for strndup functions to find more errors. (Current Value: true)
	intercept_strchr
		- If set, uses custom wrappers for strchr, strchrnul, and strrchr functions to find more errors. (Current Value: true)
	intercept_memcmp
		- If set, uses custom wrappers for memcmp function to find more errors. (Current Value: true)
	strict_memcmp
		- If true, assume that memcmp(p1, p2, n) always reads n bytes before comparing p1 and p2. (Current Value: true)
	intercept_memmem
		- If set, uses a wrapper for memmem() to find more errors. (Current Value: true)
	intercept_intrin
		- If set, uses custom wrappers for memset/memcpy/memmove intrinsics to find more errors. (Current Value: true)
	intercept_stat
		- If set, uses custom wrappers for *stat functions to find more errors. (Current Value: true)
	intercept_send
		- If set, uses custom wrappers for send* functions to find more errors. (Current Value: true)
	decorate_proc_maps
		- If set, decorate sanitizer mappings in /proc/self/maps with user-readable names (Current Value: false)
	exitcode
		- Override the program exit status if the tool found an error (Current Value: 66)
	abort_on_error
		- If set, the tool calls abort() instead of _exit() after printing the error report. (Current Value: false)
	suppress_equal_pcs
		- Deduplicate multiple reports for single source location in halt_on_error=false mode (asan only). (Current Value: true)
	print_cmdline
		- Print command line on crash (asan only). (Current Value: false)
	html_cov_report
		- Generate html coverage report. (Current Value: false)
	sancov_path
		- Sancov tool location. (Current Value: sancov)
	dump_instruction_bytes
		- If true, dump 16 bytes starting at the instruction that caused SEGV (Current Value: false)
	dump_registers
		- If true, dump values of CPU registers when SEGV happens. Only available on OS X for now. (Current Value: true)
	detect_write_exec
		- If true, triggers warning when writable-executable pages requests are being made (Current Value: false)
	test_only_emulate_no_memorymap
		- TEST ONLY fail to read memory mappings to emulate sanitized "init" (Current Value: false)
	test_only_replace_dlopen_main_program
		- TEST ONLY replace dlopen(<main program>,...) with dlopen(NULL) (Current Value: false)
	include
		- read more options from the given file (Current Value: )
	include_if_exists
		- read more options from the given file (if it exists) (Current Value: )
PASS one_mapping_threads 2P2C messages=100000 exact_membership=yes
PASS controlled publication point=2 healthy_lifecycles_while_paused=10000
PASS controlled publication point=5 healthy_lifecycles_while_paused=10000
PASS controlled stale_head discards_old_entry_after_101_competing_claims
PASS controlled late_returner no_post_LP_descriptor_write
PASS integrity mode=1 retained_corrupt_token_not_reclaimed
PASS integrity mode=2 retained_corrupt_token_not_reclaimed
PASS SPSC finite_wait wake_before_or_after_block and_retirement
PASS adversarial_histories=8
