test_alias_transfer_rejected (__main__.FormalTests.test_alias_transfer_rejected) ... ok
test_all_structural_mutants (__main__.FormalTests.test_all_structural_mutants) ... ok
test_budget_fails_closed (__main__.FormalTests.test_budget_fails_closed) ... ok
test_counter_bounds (__main__.FormalTests.test_counter_bounds) ... ok
test_duplicate_membership_rejected (__main__.FormalTests.test_duplicate_membership_rejected) ... ok
test_fake_witness_rejected (__main__.FormalTests.test_fake_witness_rejected) ... ok
test_finite_deadend_rejected (__main__.FormalTests.test_finite_deadend_rejected) ... ok
test_gate_races (__main__.FormalTests.test_gate_races) ... ok
test_hash_collision_does_not_merge (__main__.FormalTests.test_hash_collision_does_not_merge) ... ok
test_hb_transitive_closure (__main__.FormalTests.test_hb_transitive_closure) ... ok
test_inapplicable_mutation (__main__.FormalTests.test_inapplicable_mutation) ... ok
test_initial_conservation (__main__.FormalTests.test_initial_conservation) ... ok
test_invalid_capacity (__main__.FormalTests.test_invalid_capacity) ... ok
test_ncq_complete (__main__.FormalTests.test_ncq_complete) ... ok
test_ncq_reference_hb (__main__.FormalTests.test_ncq_reference_hb) ... ok
test_ncq_relaxed_install_epoch_race (__main__.FormalTests.test_ncq_relaxed_install_epoch_race) ... ok
test_ncq_relaxed_observation_epoch_race (__main__.FormalTests.test_ncq_relaxed_observation_epoch_race) ... ok
test_negative_spsc_role (__main__.FormalTests.test_negative_spsc_role) ... ok
test_nonprogress_cycle_detector (__main__.FormalTests.test_nonprogress_cycle_detector) ... ok
test_overbooked_endpoints (__main__.FormalTests.test_overbooked_endpoints) ... ok
test_progress_cycle_not_deadlock (__main__.FormalTests.test_progress_cycle_not_deadlock) ... ok
test_relaxed_CAS_retains_atomicity (__main__.FormalTests.test_relaxed_CAS_retains_atomicity) ... ok
test_source_anchors (__main__.FormalTests.test_source_anchors) ... ok
test_spsc_complete (__main__.FormalTests.test_spsc_complete) ... ok
test_spsc_publication_relaxed_races (__main__.FormalTests.test_spsc_publication_relaxed_races) ... ok
test_spsc_ra_graphs (__main__.FormalTests.test_spsc_ra_graphs) ... ok
test_spsc_recycle_relaxed_races (__main__.FormalTests.test_spsc_recycle_relaxed_races) ... ok
test_stale_consumer_across_laps (__main__.FormalTests.test_stale_consumer_across_laps) ... ok
test_stale_head_witness (__main__.FormalTests.test_stale_head_witness) ... ok
test_stopped_writer_private (__main__.FormalTests.test_stopped_writer_private) ... ok
test_stopped_writer_published (__main__.FormalTests.test_stopped_writer_published) ... ok
test_tail_ahead_rejected (__main__.FormalTests.test_tail_ahead_rejected) ... ok
test_time_cutoff (__main__.FormalTests.test_time_cutoff) ... ok
test_wrap_witness (__main__.FormalTests.test_wrap_witness) ... ok

----------------------------------------------------------------------
Ran 34 tests in 1.145s

OK
