build/clang/test_core
parser_single_byte_mutations_rejected=512
PASS core_groups=68 shared_header=2048 descriptor=128 participant=256
build/clang/test_ipc spsc 1 1 100000
PASS native_spawn_ipc mode=SPSC producers=1 consumers=1 messages=100000 bytes_each=64 duplicates=0 missing=0 bad_payloads=0 all_tokens_returned=yes controller_elapsed_ns=24645495 (not_latency)
build/clang/test_ipc ncq 4 4 100000
PASS native_spawn_ipc mode=NCQ-SC64 producers=4 consumers=4 messages=100000 bytes_each=64 duplicates=0 missing=0 bad_payloads=0 all_tokens_returned=yes controller_elapsed_ns=23759855 (not_latency)
build/clang/test_adversarial
PASS one_mapping_threads 2P2C messages=100000 exact_membership=yes
PASS controlled publication point=2 healthy_lifecycles_while_paused=10000
PASS controlled publication point=5 healthy_lifecycles_while_paused=10000
PASS controlled stale_head discards_old_entry_after_101_competing_claims
PASS controlled late_returner no_post_LP_descriptor_write
PASS integrity mode=1 retained_corrupt_token_not_reclaimed
PASS integrity mode=2 retained_corrupt_token_not_reclaimed
PASS SPSC finite_wait wake_before_or_after_block and_retirement
PASS adversarial_histories=8
build/clang/test_limits
PASS near_limit mode=1 limit=TICKET no_wrap_and_no_terminal_publication
PASS near_limit mode=1 limit=EPOCH no_wrap_and_no_terminal_publication
PASS near_limit mode=2 limit=TICKET no_wrap_and_no_terminal_publication
PASS near_limit mode=2 limit=EPOCH no_wrap_and_no_terminal_publication
build/clang/test_chaos
PASS native_SIGKILL cut=MID_WRITE healthy_lifecycles_before_fencing=10000 no_token_theft=yes
PASS native_SIGKILL cut=POST_PUBLICATION_PRE_TAIL healthy_lifecycles_before_fencing=10000 no_token_theft=yes
PASS native_SIGSTOP_successor_SIGCONT old_writer_did_not_modify_successor
PASS native_chaos_scenarios=3
build/clang/fuzz_prefix 1000000
PASS stable_prefix_corpus inputs=1000000 accepted_valid_mutations=89908 rejected=910092 seed=744125b77cc09301
clang -Iinclude -Isrc -D_POSIX_C_SOURCE=200809L -D_DEFAULT_SOURCE -Ibenchmarks -std=c11 -O3 -g -DNDEBUG -fno-omit-frame-pointer -fno-lto -Wall -Wextra -Werror -pedantic -Wconversion -Wsign-conversion -Wshadow -Wstrict-prototypes -Wmissing-prototypes -Wformat=2 -Wundef -fPIC -pthread -march=x86-64 -mtune=generic -fPIE  -pie -o build/clang/test_benchmark_tools tests/test_benchmark_tools.c benchmarks/bench_common.c src/elite_topology.c build/clang/libelite_ringbuffer.a -pthread
build/clang/test_benchmark_tools
PASS benchmark tool groups=8 exact-ranks p99.99 rounding zeros payload negative-control
build/clang/cpp_example
C++ opaque API 1.0.1: OK
python3 tools/build_python.py --cc "clang" --build "build/clang" 
clang -std=c11 -O3 -g -Wall -Wextra -Werror -pedantic -fPIC -isystem /usr/include/python3.13 -shared /mnt/data/turn13work/elite-ringbuffer-1.0.1-turn13/bindings/python/elite_buffer.c -o /mnt/data/turn13work/elite-ringbuffer-1.0.1-turn13/build/clang/python/_elite_buffer.cpython-313-x86_64-linux-gnu.so
ELITE_LIBRARY="/mnt/data/turn13work/elite-ringbuffer-1.0.1-turn13/build/clang/libelite_ringbuffer.so" PYTHONPATH="/mnt/data/turn13work/elite-ringbuffer-1.0.1-turn13/build/clang/python:/mnt/data/turn13work/elite-ringbuffer-1.0.1-turn13/bindings/python" python3 tools/check_python.py
test_bounds_before_narrowing (__main__.BindingTests.test_bounds_before_narrowing) ... ok
test_busy_detach_and_manager (__main__.BindingTests.test_busy_detach_and_manager) ... ok
test_cast_survives_root (__main__.BindingTests.test_cast_survives_root) ... ok
test_context_abort (__main__.BindingTests.test_context_abort) ... ok
test_crc_profile (__main__.BindingTests.test_crc_profile) ... ok
test_ctypes_export_retains_slot (__main__.BindingTests.test_ctypes_export_retains_slot) ... ok
test_direct_roundtrip (__main__.BindingTests.test_direct_roundtrip) ... ok
test_duplicate_attach_cleanup_does_not_resolve_original (__main__.BindingTests.test_duplicate_attach_cleanup_does_not_resolve_original) ... ok
test_duplicate_transfer (__main__.BindingTests.test_duplicate_transfer) ... ok
test_epoch_advances_on_abort (__main__.BindingTests.test_epoch_advances_on_abort) ... ok
test_explicit_copy (__main__.BindingTests.test_explicit_copy) ... ok
test_exporter_without_views_retains_ability (__main__.BindingTests.test_exporter_without_views_retains_ability) ... ok
test_gc_outer_lease_retained_by_alias (__main__.BindingTests.test_gc_outer_lease_retained_by_alias) ... ok
test_gc_uncommitted_write_aborts (__main__.BindingTests.test_gc_uncommitted_write_aborts) ... ok
test_multiple_roots (__main__.BindingTests.test_multiple_roots) ... ok
test_pattern_helper_all_bytes (__main__.BindingTests.test_pattern_helper_all_bytes) ... ok
test_read_context_exception_returns_token (__main__.BindingTests.test_read_context_exception_returns_token) ... ok
test_readonly_exporter (__main__.BindingTests.test_readonly_exporter) ... ok
test_received_mapping_survives_endpoint_name_drop (__main__.BindingTests.test_received_mapping_survives_endpoint_name_drop) ... ok
test_retirement_does_not_revoke_alias (__main__.BindingTests.test_retirement_does_not_revoke_alias) ... ok
test_role_rejected_before_attach (__main__.BindingTests.test_role_rejected_before_attach) ... ok
test_slice_survives_root (__main__.BindingTests.test_slice_survives_root) ... ok
test_threads_serialized_one_outstanding (__main__.BindingTests.test_threads_serialized_one_outstanding) ... ok
test_timeout_is_not_lease_revocation (__main__.BindingTests.test_timeout_is_not_lease_revocation) ... ok
test_version_layouts (__main__.BindingTests.test_version_layouts) ... ok
test_zero_length (__main__.BindingTests.test_zero_length) ... ok
test_binding_cleanup_registry_empty (__main__.ProcessTests.test_binding_cleanup_registry_empty) ... ok
test_grant_encoding_rejects_missing_fields (__main__.ProcessTests.test_grant_encoding_rejects_missing_fields) ... ok
test_inherited_handle_methods_reject (__main__.ProcessTests.test_inherited_handle_methods_reject) ... ok
test_kill_leaks_token_but_whole_generation_cleans (__main__.ProcessTests.test_kill_leaks_token_but_whole_generation_cleans) ... ok
test_normal_exit_closes_idle_generation (__main__.ProcessTests.test_normal_exit_closes_idle_generation) ... ok
test_pause_resume_distinct_successor (__main__.ProcessTests.test_pause_resume_distinct_successor) ... ok
test_python_mpmc_two_producers_two_consumers (__main__.ProcessTests.test_python_mpmc_two_producers_two_consumers) ... ok
test_spawned_python_publication (__main__.ProcessTests.test_spawned_python_publication) ... ok
test_throughput_driver (__main__.ProcessTests.test_throughput_driver) ... ok
test_uncertain_python_return_never_blindly_retries (__main__.ProcessTests.test_uncertain_python_return_never_blindly_retries) ... ok

----------------------------------------------------------------------
Ran 36 tests in 9.429s

OK
clang -Iinclude -Isrc -D_POSIX_C_SOURCE=200809L -D_DEFAULT_SOURCE -std=c11 -O3 -g -DNDEBUG -fno-omit-frame-pointer -fno-lto -Wall -Wextra -Werror -pedantic -Wconversion -Wsign-conversion -Wshadow -Wstrict-prototypes -Wmissing-prototypes -Wformat=2 -Wundef -fPIC -pthread -march=x86-64 -mtune=generic -MMD -MP -c src/elite_topology.c -o build/clang/elite_topology.o
ar rcs build/clang/libelite_topology.a build/clang/elite_topology.o
clang -Iinclude -Isrc -D_POSIX_C_SOURCE=200809L -D_DEFAULT_SOURCE -std=c11 -O3 -g -DNDEBUG -fno-omit-frame-pointer -fno-lto -Wall -Wextra -Werror -pedantic -Wconversion -Wsign-conversion -Wshadow -Wstrict-prototypes -Wmissing-prototypes -Wformat=2 -Wundef -fPIC -pthread -march=x86-64 -mtune=generic -fPIE  -pie -o build/clang/bench_topology benchmarks/bench_topology.c build/clang/libelite_topology.a -pthread
ELITE_LIBRARY="/mnt/data/turn13work/elite-ringbuffer-1.0.1-turn13/build/clang/libelite_ringbuffer.so" PYTHONPATH="/mnt/data/turn13work/elite-ringbuffer-1.0.1-turn13/build/clang/python:/mnt/data/turn13work/elite-ringbuffer-1.0.1-turn13/bindings/python" python3 tools/check_python.py --hardening
test_callback_exception_rolls_back_pending_count (test_adversarial_races.ExportTransactionTests.test_callback_exception_rolls_back_pending_count) ... ok
test_callback_failure_completes_requested_finalization (test_adversarial_races.ExportTransactionTests.test_callback_failure_completes_requested_finalization) ... ok
test_callback_result_decref_is_inside_transaction (test_adversarial_races.ExportTransactionTests.test_callback_result_decref_is_inside_transaction) ... ok
test_close_failure_can_retry_without_double_drop (test_adversarial_races.ExportTransactionTests.test_close_failure_can_retry_without_double_drop) ... ok
test_close_is_serialized_during_cleanup_callback (test_adversarial_races.ExportTransactionTests.test_close_is_serialized_during_cleanup_callback) ... ok
test_fillinfo_failure_completes_requested_finalization (test_adversarial_races.ExportTransactionTests.test_fillinfo_failure_completes_requested_finalization) ... ok
test_fillinfo_readonly_failure_rolls_back (test_adversarial_races.ExportTransactionTests.test_fillinfo_readonly_failure_rolls_back) ... ok
test_original_four_race_schedules (test_adversarial_races.ExportTransactionTests.test_original_four_race_schedules) ... ok
test_pending_export_blocks_abort_and_close (test_adversarial_races.ExportTransactionTests.test_pending_export_blocks_abort_and_close) ... ok
test_reentrant_close_rejected (test_adversarial_races.ExportTransactionTests.test_reentrant_close_rejected) ... ok
test_successful_export_defers_requested_finalization (test_adversarial_races.ExportTransactionTests.test_successful_export_defers_requested_finalization) ... ok
test_all_supported_reordered_ids (test_cache_provenance.ProvenanceTests.test_all_supported_reordered_ids) ... ok
test_binary_hash_format (test_cache_provenance.ProvenanceTests.test_binary_hash_format) ... ok
test_bool_is_not_integer (test_cache_provenance.ProvenanceTests.test_bool_is_not_integer) ... ok
test_cache_not_coherence (test_cache_provenance.ProvenanceTests.test_cache_not_coherence) ... ok
test_campaign_missing_record (test_cache_provenance.ProvenanceTests.test_campaign_missing_record) ... ok
test_cli_malformed_and_optimized (test_cache_provenance.ProvenanceTests.test_cli_malformed_and_optimized) ... ok
test_counter_duplicate (test_cache_provenance.ProvenanceTests.test_counter_duplicate) ... ok
test_counter_loss (test_cache_provenance.ProvenanceTests.test_counter_loss) ... ok
test_duplicate_event_id (test_cache_provenance.ProvenanceTests.test_duplicate_event_id) ... ok
test_duplicate_worker_thread (test_cache_provenance.ProvenanceTests.test_duplicate_worker_thread) ... ok
test_elapsed_mismatch (test_cache_provenance.ProvenanceTests.test_elapsed_mismatch) ... ok
test_external_binary_and_source (test_cache_provenance.ProvenanceTests.test_external_binary_and_source) ... ok
test_fractional_mach_timebase (test_cache_provenance.ProvenanceTests.test_fractional_mach_timebase) ... ok
test_incomplete_native_PMC_state (test_cache_provenance.ProvenanceTests.test_incomplete_native_PMC_state) ... ok
test_invalid_frame_rejected (test_cache_provenance.ProvenanceTests.test_invalid_frame_rejected) ... ok
test_max_worker_end (test_cache_provenance.ProvenanceTests.test_max_worker_end) ... ok
test_missing_worker (test_cache_provenance.ProvenanceTests.test_missing_worker) ... ok
test_multiplex_incorrect_estimate (test_cache_provenance.ProvenanceTests.test_multiplex_incorrect_estimate) ... ok
test_multiplex_scaling (test_cache_provenance.ProvenanceTests.test_multiplex_scaling) ... ok
test_never_scheduled (test_cache_provenance.ProvenanceTests.test_never_scheduled) ... ok
test_never_scheduled_nonzero (test_cache_provenance.ProvenanceTests.test_never_scheduled_nonzero) ... ok
test_no_false_p_core_pinning (test_cache_provenance.ProvenanceTests.test_no_false_p_core_pinning) ... ok
test_no_infinity (test_cache_provenance.ProvenanceTests.test_no_infinity) ... ok
test_no_nan (test_cache_provenance.ProvenanceTests.test_no_nan) ... ok
test_no_unsupported_metrics (test_cache_provenance.ProvenanceTests.test_no_unsupported_metrics) ... ok
test_no_zero_invented_for_unavailable_event (test_cache_provenance.ProvenanceTests.test_no_zero_invented_for_unavailable_event) ... ok
test_one_ulp_admitted (test_cache_provenance.ProvenanceTests.test_one_ulp_admitted) ... ok
test_paranoid_classification_not_guessed (test_cache_provenance.ProvenanceTests.test_paranoid_classification_not_guessed) ... ok
test_process_accounting_decrease (test_cache_provenance.ProvenanceTests.test_process_accounting_decrease) ... ok
test_rate_mismatch (test_cache_provenance.ProvenanceTests.test_rate_mismatch) ... ok
test_raw_u64_subtraction_above_binary64_precision (test_cache_provenance.ProvenanceTests.test_raw_u64_subtraction_above_binary64_precision) ... ok
test_running_exceeds_enabled (test_cache_provenance.ProvenanceTests.test_running_exceeds_enabled) ... ok
test_source_snapshot_digest (test_cache_provenance.ProvenanceTests.test_source_snapshot_digest) ... ok
test_t0_wrap (test_cache_provenance.ProvenanceTests.test_t0_wrap) ... ok
test_timer_correlation_does_not_assume_frequency (test_cache_provenance.ProvenanceTests.test_timer_correlation_does_not_assume_frequency) ... ok
test_total_operations (test_cache_provenance.ProvenanceTests.test_total_operations) ... ok
test_two_ulp_rejected (test_cache_provenance.ProvenanceTests.test_two_ulp_rejected) ... ok
test_worker_delta (test_cache_provenance.ProvenanceTests.test_worker_delta) ... ok
test_zero_timebase (test_cache_provenance.ProvenanceTests.test_zero_timebase) ... ok
test_alias_transfer_rejected (test_formal.FormalTests.test_alias_transfer_rejected) ... ok
test_all_structural_mutants (test_formal.FormalTests.test_all_structural_mutants) ... ok
test_budget_fails_closed (test_formal.FormalTests.test_budget_fails_closed) ... ok
test_counter_bounds (test_formal.FormalTests.test_counter_bounds) ... ok
test_duplicate_membership_rejected (test_formal.FormalTests.test_duplicate_membership_rejected) ... ok
test_fake_witness_rejected (test_formal.FormalTests.test_fake_witness_rejected) ... ok
test_finite_deadend_rejected (test_formal.FormalTests.test_finite_deadend_rejected) ... ok
test_gate_races (test_formal.FormalTests.test_gate_races) ... ok
test_hash_collision_does_not_merge (test_formal.FormalTests.test_hash_collision_does_not_merge) ... ok
test_hb_transitive_closure (test_formal.FormalTests.test_hb_transitive_closure) ... ok
test_inapplicable_mutation (test_formal.FormalTests.test_inapplicable_mutation) ... ok
test_initial_conservation (test_formal.FormalTests.test_initial_conservation) ... ok
test_invalid_capacity (test_formal.FormalTests.test_invalid_capacity) ... ok
test_ncq_complete (test_formal.FormalTests.test_ncq_complete) ... ok
test_ncq_reference_hb (test_formal.FormalTests.test_ncq_reference_hb) ... ok
test_ncq_relaxed_install_epoch_race (test_formal.FormalTests.test_ncq_relaxed_install_epoch_race) ... ok
test_ncq_relaxed_observation_epoch_race (test_formal.FormalTests.test_ncq_relaxed_observation_epoch_race) ... ok
test_negative_spsc_role (test_formal.FormalTests.test_negative_spsc_role) ... ok
test_nonprogress_cycle_detector (test_formal.FormalTests.test_nonprogress_cycle_detector) ... ok
test_overbooked_endpoints (test_formal.FormalTests.test_overbooked_endpoints) ... ok
test_progress_cycle_not_deadlock (test_formal.FormalTests.test_progress_cycle_not_deadlock) ... ok
test_relaxed_CAS_retains_atomicity (test_formal.FormalTests.test_relaxed_CAS_retains_atomicity) ... ok
test_source_anchors (test_formal.FormalTests.test_source_anchors) ... ok
test_spsc_complete (test_formal.FormalTests.test_spsc_complete) ... ok
test_spsc_publication_relaxed_races (test_formal.FormalTests.test_spsc_publication_relaxed_races) ... ok
test_spsc_ra_graphs (test_formal.FormalTests.test_spsc_ra_graphs) ... ok
test_spsc_recycle_relaxed_races (test_formal.FormalTests.test_spsc_recycle_relaxed_races) ... ok
test_stale_consumer_across_laps (test_formal.FormalTests.test_stale_consumer_across_laps) ... ok
test_stale_head_witness (test_formal.FormalTests.test_stale_head_witness) ... ok
test_stopped_writer_private (test_formal.FormalTests.test_stopped_writer_private) ... ok
test_stopped_writer_published (test_formal.FormalTests.test_stopped_writer_published) ... ok
test_tail_ahead_rejected (test_formal.FormalTests.test_tail_ahead_rejected) ... ok
test_time_cutoff (test_formal.FormalTests.test_time_cutoff) ... ok
test_wrap_witness (test_formal.FormalTests.test_wrap_witness) ... ok
test_changed_boundary_witness (test_formal_results.ReceiptTests.test_changed_boundary_witness) ... ok
test_changed_handoff_edge (test_formal_results.ReceiptTests.test_changed_handoff_edge) ... ok
test_changed_targeted_trace (test_formal_results.ReceiptTests.test_changed_targeted_trace) ... ok
test_claim_full_qualification (test_formal_results.ReceiptTests.test_claim_full_qualification) ... ok
test_duplicate_keys (test_formal_results.ReceiptTests.test_duplicate_keys) ... ok
test_external_tool_claim (test_formal_results.ReceiptTests.test_external_tool_claim) ... ok
test_fabricated_mutant_transition (test_formal_results.ReceiptTests.test_fabricated_mutant_transition) ... ok
test_incomplete_as_pass (test_formal_results.ReceiptTests.test_incomplete_as_pass) ... ok
test_laundered_expected_exit (test_formal_results.ReceiptTests.test_laundered_expected_exit) ... ok
test_missing_case (test_formal_results.ReceiptTests.test_missing_case) ... ok
test_numeric_infinity (test_formal_results.ReceiptTests.test_numeric_infinity) ... ok
test_python_optimized_cli_rejects (test_formal_results.ReceiptTests.test_python_optimized_cli_rejects) ... ok
test_removed_source_identity (test_formal_results.ReceiptTests.test_removed_source_identity) ... ok
test_valid_all_auxiliary_replay (test_formal_results.ReceiptTests.test_valid_all_auxiliary_replay) ... ok
test_wrong_bound (test_formal_results.ReceiptTests.test_wrong_bound) ... ok
test_cross_object_cycles (test_gc_cycle.GCLifetimeTests.test_cross_object_cycles) ... ok
test_cycle_ncq_read_endpoint (test_gc_cycle.GCLifetimeTests.test_cycle_ncq_read_endpoint) ... ok
test_cycle_ncq_read_lease (test_gc_cycle.GCLifetimeTests.test_cycle_ncq_read_lease) ... ok
test_cycle_ncq_read_manager (test_gc_cycle.GCLifetimeTests.test_cycle_ncq_read_manager) ... ok
test_cycle_ncq_write_endpoint (test_gc_cycle.GCLifetimeTests.test_cycle_ncq_write_endpoint) ... ok
test_cycle_ncq_write_lease (test_gc_cycle.GCLifetimeTests.test_cycle_ncq_write_lease) ... ok
test_cycle_ncq_write_manager (test_gc_cycle.GCLifetimeTests.test_cycle_ncq_write_manager) ... ok
test_cycle_spsc_read_endpoint (test_gc_cycle.GCLifetimeTests.test_cycle_spsc_read_endpoint) ... ok
test_cycle_spsc_read_lease (test_gc_cycle.GCLifetimeTests.test_cycle_spsc_read_lease) ... ok
test_cycle_spsc_read_manager (test_gc_cycle.GCLifetimeTests.test_cycle_spsc_read_manager) ... ok
test_cycle_spsc_write_endpoint (test_gc_cycle.GCLifetimeTests.test_cycle_spsc_write_endpoint) ... ok
test_cycle_spsc_write_lease (test_gc_cycle.GCLifetimeTests.test_cycle_spsc_write_lease) ... ok
test_cycle_spsc_write_manager (test_gc_cycle.GCLifetimeTests.test_cycle_spsc_write_manager) ... ok
test_downstream_ctypes_alias_keeps_pin (test_gc_cycle.GCLifetimeTests.test_downstream_ctypes_alias_keeps_pin) ... ok
test_external_slice_prevents_reclamation (test_gc_cycle.GCLifetimeTests.test_external_slice_prevents_reclamation) ... ok
test_finalizer_resurrects_live_view_without_revocation (test_gc_cycle.GCLifetimeTests.test_finalizer_resurrects_live_view_without_revocation) ... ok
test_repeated_cycles_no_failures (test_gc_cycle.GCLifetimeTests.test_repeated_cycles_no_failures) ... ok
test_two_independent_exports (test_gc_cycle.GCLifetimeTests.test_two_independent_exports) ... ok
test_zero_length_export_still_pins (test_gc_cycle.GCLifetimeTests.test_zero_length_export_still_pins) ... ok
test_lost_acquisition_result_is_visible_and_retained (test_hardening_failures.FailureRecoveryTests.test_lost_acquisition_result_is_visible_and_retained) ... ok
test_unraisable_hook_never_receives_freed_self (test_hardening_failures.FailureRecoveryTests.test_unraisable_hook_never_receives_freed_self) ... ok
test_bad_plan_hash (test_matrix_results.CampaignTests.test_bad_plan_hash) ... ok
test_changed_plan_workload (test_matrix_results.CampaignTests.test_changed_plan_workload) ... ok
test_duplicate_plan (test_matrix_results.CampaignTests.test_duplicate_plan) ... ok
test_invented_completed_count (test_matrix_results.CampaignTests.test_invented_completed_count) ... ok
test_manifest_guards_inventory (test_matrix_results.CampaignTests.test_manifest_guards_inventory) ... ok
test_missing_completion (test_matrix_results.CampaignTests.test_missing_completion) ... ok
test_missing_trial (test_matrix_results.CampaignTests.test_missing_trial) ... ok
test_renamed_trial (test_matrix_results.CampaignTests.test_renamed_trial) ... ok
test_skip_without_reason (test_matrix_results.CampaignTests.test_skip_without_reason) ... ok
test_valid_campaign (test_matrix_results.CampaignTests.test_valid_campaign) ... ok
test_affinity_lie (test_matrix_results.RecordTests.test_affinity_lie) ... ok
test_bad_capacity (test_matrix_results.RecordTests.test_bad_capacity) ... ok
test_bad_read_timestamp (test_matrix_results.RecordTests.test_bad_read_timestamp) ... ok
test_bandwidth (test_matrix_results.RecordTests.test_bandwidth) ... ok
test_boolean_arrival (test_matrix_results.RecordTests.test_boolean_arrival) ... ok
test_cli_under_optimized_python (test_matrix_results.RecordTests.test_cli_under_optimized_python) ... ok
test_duplicate_free_token (test_matrix_results.RecordTests.test_duplicate_free_token) ... ok
test_duplicate_json_key (test_matrix_results.RecordTests.test_duplicate_json_key) ... ok
test_duplicate_membership (test_matrix_results.RecordTests.test_duplicate_membership) ... ok
test_duplicate_worker (test_matrix_results.RecordTests.test_duplicate_worker) ... ok
test_elapsed (test_matrix_results.RecordTests.test_elapsed) ... ok
test_eligible_scope (test_matrix_results.RecordTests.test_eligible_scope) ... ok
test_epoch_mismatch (test_matrix_results.RecordTests.test_epoch_mismatch) ... ok
test_external_binary (test_matrix_results.RecordTests.test_external_binary) ... ok
test_fixed_schedule_not_closed_loop (test_matrix_results.RecordTests.test_fixed_schedule_not_closed_loop) ... ok
test_geometry (test_matrix_results.RecordTests.test_geometry) ... ok
test_invented_cross_numa (test_matrix_results.RecordTests.test_invented_cross_numa) ... ok
test_invented_pe (test_matrix_results.RecordTests.test_invented_pe) ... ok
test_invented_residency (test_matrix_results.RecordTests.test_invented_residency) ... ok
test_invented_uncertainty (test_matrix_results.RecordTests.test_invented_uncertainty) ... ok
test_max_integer (test_matrix_results.RecordTests.test_max_integer) ... ok
test_missing_membership (test_matrix_results.RecordTests.test_missing_membership) ... ok
test_missing_worker (test_matrix_results.RecordTests.test_missing_worker) ... ok
test_negative_tick (test_matrix_results.RecordTests.test_negative_tick) ... ok
test_no_final_tokens (test_matrix_results.RecordTests.test_no_final_tokens) ... ok
test_nonfinite (test_matrix_results.RecordTests.test_nonfinite) ... ok
test_rate (test_matrix_results.RecordTests.test_rate) ... ok
test_retained_phase (test_matrix_results.RecordTests.test_retained_phase) ... ok
test_retention_not_omitted (test_matrix_results.RecordTests.test_retention_not_omitted) ... ok
test_runtime (test_matrix_results.RecordTests.test_runtime) ... ok
test_shifted_offer (test_matrix_results.RecordTests.test_shifted_offer) ... ok
test_synthetic_hardware (test_matrix_results.RecordTests.test_synthetic_hardware) ... ok
test_truncated_trace (test_matrix_results.RecordTests.test_truncated_trace) ... ok
test_valid (test_matrix_results.RecordTests.test_valid) ... ok
test_warmup_reset (test_matrix_results.RecordTests.test_warmup_reset) ... ok
test_wrong_quantile (test_matrix_results.RecordTests.test_wrong_quantile) ... ok
test_wrong_sample_count (test_matrix_results.RecordTests.test_wrong_sample_count) ... ok
test_wrong_segment (test_matrix_results.RecordTests.test_wrong_segment) ... ok
test_wrong_union (test_matrix_results.RecordTests.test_wrong_union) ... ok
test_zero_timebase (test_matrix_results.RecordTests.test_zero_timebase) ... ok
test_bounds_before_narrowing (test_python_bindings.BindingTests.test_bounds_before_narrowing) ... ok
test_busy_detach_and_manager (test_python_bindings.BindingTests.test_busy_detach_and_manager) ... ok
test_cast_survives_root (test_python_bindings.BindingTests.test_cast_survives_root) ... ok
test_context_abort (test_python_bindings.BindingTests.test_context_abort) ... ok
test_crc_profile (test_python_bindings.BindingTests.test_crc_profile) ... ok
test_ctypes_export_retains_slot (test_python_bindings.BindingTests.test_ctypes_export_retains_slot) ... ok
test_direct_roundtrip (test_python_bindings.BindingTests.test_direct_roundtrip) ... ok
test_duplicate_attach_cleanup_does_not_resolve_original (test_python_bindings.BindingTests.test_duplicate_attach_cleanup_does_not_resolve_original) ... ok
test_duplicate_transfer (test_python_bindings.BindingTests.test_duplicate_transfer) ... ok
test_epoch_advances_on_abort (test_python_bindings.BindingTests.test_epoch_advances_on_abort) ... ok
test_explicit_copy (test_python_bindings.BindingTests.test_explicit_copy) ... ok
test_exporter_without_views_retains_ability (test_python_bindings.BindingTests.test_exporter_without_views_retains_ability) ... ok
test_gc_outer_lease_retained_by_alias (test_python_bindings.BindingTests.test_gc_outer_lease_retained_by_alias) ... ok
test_gc_uncommitted_write_aborts (test_python_bindings.BindingTests.test_gc_uncommitted_write_aborts) ... ok
test_multiple_roots (test_python_bindings.BindingTests.test_multiple_roots) ... ok
test_pattern_helper_all_bytes (test_python_bindings.BindingTests.test_pattern_helper_all_bytes) ... ok
test_read_context_exception_returns_token (test_python_bindings.BindingTests.test_read_context_exception_returns_token) ... ok
test_readonly_exporter (test_python_bindings.BindingTests.test_readonly_exporter) ... ok
test_received_mapping_survives_endpoint_name_drop (test_python_bindings.BindingTests.test_received_mapping_survives_endpoint_name_drop) ... ok
test_retirement_does_not_revoke_alias (test_python_bindings.BindingTests.test_retirement_does_not_revoke_alias) ... ok
test_role_rejected_before_attach (test_python_bindings.BindingTests.test_role_rejected_before_attach) ... ok
test_slice_survives_root (test_python_bindings.BindingTests.test_slice_survives_root) ... ok
test_threads_serialized_one_outstanding (test_python_bindings.BindingTests.test_threads_serialized_one_outstanding) ... ok
test_timeout_is_not_lease_revocation (test_python_bindings.BindingTests.test_timeout_is_not_lease_revocation) ... ok
test_version_layouts (test_python_bindings.BindingTests.test_version_layouts) ... ok
test_zero_length (test_python_bindings.BindingTests.test_zero_length) ... ok
test_binding_cleanup_registry_empty (test_python_bindings.ProcessTests.test_binding_cleanup_registry_empty) ... ok
test_grant_encoding_rejects_missing_fields (test_python_bindings.ProcessTests.test_grant_encoding_rejects_missing_fields) ... ok
test_inherited_handle_methods_reject (test_python_bindings.ProcessTests.test_inherited_handle_methods_reject) ... ok
test_kill_leaks_token_but_whole_generation_cleans (test_python_bindings.ProcessTests.test_kill_leaks_token_but_whole_generation_cleans) ... ok
test_normal_exit_closes_idle_generation (test_python_bindings.ProcessTests.test_normal_exit_closes_idle_generation) ... ok
test_pause_resume_distinct_successor (test_python_bindings.ProcessTests.test_pause_resume_distinct_successor) ... ok
test_python_mpmc_two_producers_two_consumers (test_python_bindings.ProcessTests.test_python_mpmc_two_producers_two_consumers) ... ok
test_spawned_python_publication (test_python_bindings.ProcessTests.test_spawned_python_publication) ... ok
test_throughput_driver (test_python_bindings.ProcessTests.test_throughput_driver) ... ok
test_uncertain_python_return_never_blindly_retries (test_python_bindings.ProcessTests.test_uncertain_python_return_never_blindly_retries) ... ok
test_cli_is_read_only_in_pristine_tree (test_release_integrity.ReleaseIntegrityTests.test_cli_is_read_only_in_pristine_tree) ... ok
test_deleted_audit_detected (test_release_integrity.ReleaseIntegrityTests.test_deleted_audit_detected) ... ok
test_pristine_passes (test_release_integrity.ReleaseIntegrityTests.test_pristine_passes) ... ok
test_required_license_edit_detected (test_release_integrity.ReleaseIntegrityTests.test_required_license_edit_detected) ... ok
test_source_coverage_cannot_be_silently_dropped (test_release_integrity.ReleaseIntegrityTests.test_source_coverage_cannot_be_silently_dropped) ... ok
test_strict_mode_rejects_build_overlay (test_release_integrity.ReleaseIntegrityTests.test_strict_mode_rejects_build_overlay) ... ok
test_symlink_rejected (test_release_integrity.ReleaseIntegrityTests.test_symlink_rejected) ... ok
test_unlisted_hidden_member_detected (test_release_integrity.ReleaseIntegrityTests.test_unlisted_hidden_member_detected) ... ok
test_ambiguous_node_not_certified (test_topology.Fixtures.test_ambiguous_node_not_certified) ... ERROR
test_cgroup_resource_budget (test_topology.Fixtures.test_cgroup_resource_budget) ... ERROR
test_conflicting_nodes (test_topology.Fixtures.test_conflicting_nodes) ... ERROR
test_escape_cgroup_rejected (test_topology.Fixtures.test_escape_cgroup_rejected) ... ERROR
test_known_cross_numa_shape (test_topology.Fixtures.test_known_cross_numa_shape) ... ERROR
test_limit_no_truncation (test_topology.Fixtures.test_limit_no_truncation) ... ERROR
test_malformed_cpu_list (test_topology.Fixtures.test_malformed_cpu_list) ... ERROR
test_memory_unknown (test_topology.Fixtures.test_memory_unknown) ... ERROR
test_missing_cache_is_partial (test_topology.Fixtures.test_missing_cache_is_partial) ... ERROR
test_no_live_claim_from_fixture (test_topology.Fixtures.test_no_live_claim_from_fixture) ... ERROR
test_no_node_guess (test_topology.Fixtures.test_no_node_guess) ... ERROR
test_no_per_cpu_pe_fabrication (test_topology.Fixtures.test_no_per_cpu_pe_fabrication) ... ERROR
test_not_instruction_only_l2 (test_topology.Fixtures.test_not_instruction_only_l2) ... ERROR
test_oversized_mountinfo (test_topology.Fixtures.test_oversized_mountinfo) ... ERROR
test_same_data_l2 (test_topology.Fixtures.test_same_data_l2) ... ERROR
test_sparse_numa_and_smt (test_topology.Fixtures.test_sparse_numa_and_smt) ... ERROR
test_topology_not_residency (test_topology.Fixtures.test_topology_not_residency) ... ERROR
test_unlimited_is_not_zero (test_topology.Fixtures.test_unlimited_is_not_zero) ... ERROR
test_v1_not_unlimited (test_topology.Fixtures.test_v1_not_unlimited) ... ERROR
test_visible_ancestor_quota (test_topology.Fixtures.test_visible_ancestor_quota) ... ERROR
test_wrong_same_numa (test_topology.Fixtures.test_wrong_same_numa) ... ERROR

======================================================================
ERROR: test_ambiguous_node_not_certified (test_topology.Fixtures.test_ambiguous_node_not_certified)
----------------------------------------------------------------------
Traceback (most recent call last):
  File "/mnt/data/turn13work/elite-ringbuffer-1.0.1-turn13/tests/test_topology.py", line 82, in test_ambiguous_node_not_certified
    t=self.live_shaped_fixture();t['nodes'][1]['cpus']['cpus']=[2,8,10]
  File "/mnt/data/turn13work/elite-ringbuffer-1.0.1-turn13/tests/test_topology.py", line 68, in live_shaped_fixture
    t=self.get();t['source_kind']='LIVE_OS_VISIBLE';return t
  File "/mnt/data/turn13work/elite-ringbuffer-1.0.1-turn13/tests/test_topology.py", line 31, in get
    def get(self):return json.loads(subprocess.check_output([str(BINARY),'--fixture',str(self.root)],text=True))
                                    ~~~~~~~~~~~~~~~~~~~~~~~^^^^^^^^^^^^^^^^^^^^^^^^^^^^^^^^^^^^^^^^^^^^^^^^^^^^
  File "/usr/lib/python3.13/subprocess.py", line 472, in check_output
    return run(*popenargs, stdout=PIPE, timeout=timeout, check=True,
           ~~~^^^^^^^^^^^^^^^^^^^^^^^^^^^^^^^^^^^^^^^^^^^^^^^^^^^^^^
               **kwargs).stdout
               ^^^^^^^^^
  File "/usr/lib/python3.13/subprocess.py", line 554, in run
    with Popen(*popenargs, **kwargs) as process:
         ~~~~~^^^^^^^^^^^^^^^^^^^^^^
  File "/usr/lib/python3.13/subprocess.py", line 1039, in __init__
    self._execute_child(args, executable, preexec_fn, close_fds,
    ~~~~~~~~~~~~~~~~~~~^^^^^^^^^^^^^^^^^^^^^^^^^^^^^^^^^^^^^^^^^
                        pass_fds, cwd, env,
                        ^^^^^^^^^^^^^^^^^^^
    ...<5 lines>...
                        gid, gids, uid, umask,
                        ^^^^^^^^^^^^^^^^^^^^^^
                        start_new_session, process_group)
                        ^^^^^^^^^^^^^^^^^^^^^^^^^^^^^^^^^
  File "/usr/lib/python3.13/subprocess.py", line 1857, in _execute_child
    self._posix_spawn(args, executable, env, restore_signals, close_fds,
    ~~~~~~~~~~~~~~~~~^^^^^^^^^^^^^^^^^^^^^^^^^^^^^^^^^^^^^^^^^^^^^^^^^^^
                      p2cread, p2cwrite,
                      ^^^^^^^^^^^^^^^^^^
                      c2pread, c2pwrite,
                      ^^^^^^^^^^^^^^^^^^
                      errread, errwrite)
                      ^^^^^^^^^^^^^^^^^^
  File "/usr/lib/python3.13/subprocess.py", line 1801, in _posix_spawn
    self.pid = os.posix_spawn(executable, args, env, **kwargs)
               ~~~~~~~~~~~~~~^^^^^^^^^^^^^^^^^^^^^^^^^^^^^^^^^
FileNotFoundError: [Errno 2] No such file or directory: '/mnt/data/turn13work/elite-ringbuffer-1.0.1-turn13/build/native/bench_topology'

======================================================================
ERROR: test_cgroup_resource_budget (test_topology.Fixtures.test_cgroup_resource_budget)
----------------------------------------------------------------------
Traceback (most recent call last):
  File "/mnt/data/turn13work/elite-ringbuffer-1.0.1-turn13/tests/test_topology.py", line 63, in test_cgroup_resource_budget
    t=self.get();self.assertEqual(machine_budget(t,4000000000),(2147483648-1048576)//2)
  File "/mnt/data/turn13work/elite-ringbuffer-1.0.1-turn13/tests/test_topology.py", line 31, in get
    def get(self):return json.loads(subprocess.check_output([str(BINARY),'--fixture',str(self.root)],text=True))
                                    ~~~~~~~~~~~~~~~~~~~~~~~^^^^^^^^^^^^^^^^^^^^^^^^^^^^^^^^^^^^^^^^^^^^^^^^^^^^
  File "/usr/lib/python3.13/subprocess.py", line 472, in check_output
    return run(*popenargs, stdout=PIPE, timeout=timeout, check=True,
           ~~~^^^^^^^^^^^^^^^^^^^^^^^^^^^^^^^^^^^^^^^^^^^^^^^^^^^^^^
               **kwargs).stdout
               ^^^^^^^^^
  File "/usr/lib/python3.13/subprocess.py", line 554, in run
    with Popen(*popenargs, **kwargs) as process:
         ~~~~~^^^^^^^^^^^^^^^^^^^^^^
  File "/usr/lib/python3.13/subprocess.py", line 1039, in __init__
    self._execute_child(args, executable, preexec_fn, close_fds,
    ~~~~~~~~~~~~~~~~~~~^^^^^^^^^^^^^^^^^^^^^^^^^^^^^^^^^^^^^^^^^
                        pass_fds, cwd, env,
                        ^^^^^^^^^^^^^^^^^^^
    ...<5 lines>...
                        gid, gids, uid, umask,
                        ^^^^^^^^^^^^^^^^^^^^^^
                        start_new_session, process_group)
                        ^^^^^^^^^^^^^^^^^^^^^^^^^^^^^^^^^
  File "/usr/lib/python3.13/subprocess.py", line 1857, in _execute_child
    self._posix_spawn(args, executable, env, restore_signals, close_fds,
    ~~~~~~~~~~~~~~~~~^^^^^^^^^^^^^^^^^^^^^^^^^^^^^^^^^^^^^^^^^^^^^^^^^^^
                      p2cread, p2cwrite,
                      ^^^^^^^^^^^^^^^^^^
                      c2pread, c2pwrite,
                      ^^^^^^^^^^^^^^^^^^
                      errread, errwrite)
                      ^^^^^^^^^^^^^^^^^^
  File "/usr/lib/python3.13/subprocess.py", line 1801, in _posix_spawn
    self.pid = os.posix_spawn(executable, args, env, **kwargs)
               ~~~~~~~~~~~~~~^^^^^^^^^^^^^^^^^^^^^^^^^^^^^^^^^
FileNotFoundError: [Errno 2] No such file or directory: '/mnt/data/turn13work/elite-ringbuffer-1.0.1-turn13/build/native/bench_topology'

======================================================================
ERROR: test_conflicting_nodes (test_topology.Fixtures.test_conflicting_nodes)
----------------------------------------------------------------------
Traceback (most recent call last):
  File "/mnt/data/turn13work/elite-ringbuffer-1.0.1-turn13/tests/test_topology.py", line 45, in test_conflicting_nodes
    self.put('/sys/devices/system/node/node9/cpulist','2');t=self.get();self.assertTrue(t['partial']);self.assertEqual(t['cpus'][0]['numa_node'],-2)
                                                             ~~~~~~~~^^
  File "/mnt/data/turn13work/elite-ringbuffer-1.0.1-turn13/tests/test_topology.py", line 31, in get
    def get(self):return json.loads(subprocess.check_output([str(BINARY),'--fixture',str(self.root)],text=True))
                                    ~~~~~~~~~~~~~~~~~~~~~~~^^^^^^^^^^^^^^^^^^^^^^^^^^^^^^^^^^^^^^^^^^^^^^^^^^^^
  File "/usr/lib/python3.13/subprocess.py", line 472, in check_output
    return run(*popenargs, stdout=PIPE, timeout=timeout, check=True,
           ~~~^^^^^^^^^^^^^^^^^^^^^^^^^^^^^^^^^^^^^^^^^^^^^^^^^^^^^^
               **kwargs).stdout
               ^^^^^^^^^
  File "/usr/lib/python3.13/subprocess.py", line 554, in run
    with Popen(*popenargs, **kwargs) as process:
         ~~~~~^^^^^^^^^^^^^^^^^^^^^^
  File "/usr/lib/python3.13/subprocess.py", line 1039, in __init__
    self._execute_child(args, executable, preexec_fn, close_fds,
    ~~~~~~~~~~~~~~~~~~~^^^^^^^^^^^^^^^^^^^^^^^^^^^^^^^^^^^^^^^^^
                        pass_fds, cwd, env,
                        ^^^^^^^^^^^^^^^^^^^
    ...<5 lines>...
                        gid, gids, uid, umask,
                        ^^^^^^^^^^^^^^^^^^^^^^
                        start_new_session, process_group)
                        ^^^^^^^^^^^^^^^^^^^^^^^^^^^^^^^^^
  File "/usr/lib/python3.13/subprocess.py", line 1857, in _execute_child
    self._posix_spawn(args, executable, env, restore_signals, close_fds,
    ~~~~~~~~~~~~~~~~~^^^^^^^^^^^^^^^^^^^^^^^^^^^^^^^^^^^^^^^^^^^^^^^^^^^
                      p2cread, p2cwrite,
                      ^^^^^^^^^^^^^^^^^^
                      c2pread, c2pwrite,
                      ^^^^^^^^^^^^^^^^^^
                      errread, errwrite)
                      ^^^^^^^^^^^^^^^^^^
  File "/usr/lib/python3.13/subprocess.py", line 1801, in _posix_spawn
    self.pid = os.posix_spawn(executable, args, env, **kwargs)
               ~~~~~~~~~~~~~~^^^^^^^^^^^^^^^^^^^^^^^^^^^^^^^^^
FileNotFoundError: [Errno 2] No such file or directory: '/mnt/data/turn13work/elite-ringbuffer-1.0.1-turn13/build/native/bench_topology'

======================================================================
ERROR: test_escape_cgroup_rejected (test_topology.Fixtures.test_escape_cgroup_rejected)
----------------------------------------------------------------------
Traceback (most recent call last):
  File "/mnt/data/turn13work/elite-ringbuffer-1.0.1-turn13/tests/test_topology.py", line 49, in test_escape_cgroup_rejected
    self.put('/proc/self/cgroup','0::/tenant/..');self.assertEqual(self.get()['cgroup_status'],'UNRESOLVED_MOUNT')
                                                                   ~~~~~~~~^^
  File "/mnt/data/turn13work/elite-ringbuffer-1.0.1-turn13/tests/test_topology.py", line 31, in get
    def get(self):return json.loads(subprocess.check_output([str(BINARY),'--fixture',str(self.root)],text=True))
                                    ~~~~~~~~~~~~~~~~~~~~~~~^^^^^^^^^^^^^^^^^^^^^^^^^^^^^^^^^^^^^^^^^^^^^^^^^^^^
  File "/usr/lib/python3.13/subprocess.py", line 472, in check_output
    return run(*popenargs, stdout=PIPE, timeout=timeout, check=True,
           ~~~^^^^^^^^^^^^^^^^^^^^^^^^^^^^^^^^^^^^^^^^^^^^^^^^^^^^^^
               **kwargs).stdout
               ^^^^^^^^^
  File "/usr/lib/python3.13/subprocess.py", line 554, in run
    with Popen(*popenargs, **kwargs) as process:
         ~~~~~^^^^^^^^^^^^^^^^^^^^^^
  File "/usr/lib/python3.13/subprocess.py", line 1039, in __init__
    self._execute_child(args, executable, preexec_fn, close_fds,
    ~~~~~~~~~~~~~~~~~~~^^^^^^^^^^^^^^^^^^^^^^^^^^^^^^^^^^^^^^^^^
                        pass_fds, cwd, env,
                        ^^^^^^^^^^^^^^^^^^^
    ...<5 lines>...
                        gid, gids, uid, umask,
                        ^^^^^^^^^^^^^^^^^^^^^^
                        start_new_session, process_group)
                        ^^^^^^^^^^^^^^^^^^^^^^^^^^^^^^^^^
  File "/usr/lib/python3.13/subprocess.py", line 1857, in _execute_child
    self._posix_spawn(args, executable, env, restore_signals, close_fds,
    ~~~~~~~~~~~~~~~~~^^^^^^^^^^^^^^^^^^^^^^^^^^^^^^^^^^^^^^^^^^^^^^^^^^^
                      p2cread, p2cwrite,
                      ^^^^^^^^^^^^^^^^^^
                      c2pread, c2pwrite,
                      ^^^^^^^^^^^^^^^^^^
                      errread, errwrite)
                      ^^^^^^^^^^^^^^^^^^
  File "/usr/lib/python3.13/subprocess.py", line 1801, in _posix_spawn
    self.pid = os.posix_spawn(executable, args, env, **kwargs)
               ~~~~~~~~~~~~~~^^^^^^^^^^^^^^^^^^^^^^^^^^^^^^^^^
FileNotFoundError: [Errno 2] No such file or directory: '/mnt/data/turn13work/elite-ringbuffer-1.0.1-turn13/build/native/bench_topology'

======================================================================
ERROR: test_known_cross_numa_shape (test_topology.Fixtures.test_known_cross_numa_shape)
----------------------------------------------------------------------
Traceback (most recent call last):
  File "/mnt/data/turn13work/elite-ringbuffer-1.0.1-turn13/tests/test_topology.py", line 78, in test_known_cross_numa_shape
    t=self.live_shaped_fixture();self.assertIn('CROSS_NUMA_CPU_ONLY',locality(t,self.workers([2,8]),'cross_numa'))
  File "/mnt/data/turn13work/elite-ringbuffer-1.0.1-turn13/tests/test_topology.py", line 68, in live_shaped_fixture
    t=self.get();t['source_kind']='LIVE_OS_VISIBLE';return t
  File "/mnt/data/turn13work/elite-ringbuffer-1.0.1-turn13/tests/test_topology.py", line 31, in get
    def get(self):return json.loads(subprocess.check_output([str(BINARY),'--fixture',str(self.root)],text=True))
                                    ~~~~~~~~~~~~~~~~~~~~~~~^^^^^^^^^^^^^^^^^^^^^^^^^^^^^^^^^^^^^^^^^^^^^^^^^^^^
  File "/usr/lib/python3.13/subprocess.py", line 472, in check_output
    return run(*popenargs, stdout=PIPE, timeout=timeout, check=True,
           ~~~^^^^^^^^^^^^^^^^^^^^^^^^^^^^^^^^^^^^^^^^^^^^^^^^^^^^^^
               **kwargs).stdout
               ^^^^^^^^^
  File "/usr/lib/python3.13/subprocess.py", line 554, in run
    with Popen(*popenargs, **kwargs) as process:
         ~~~~~^^^^^^^^^^^^^^^^^^^^^^
  File "/usr/lib/python3.13/subprocess.py", line 1039, in __init__
    self._execute_child(args, executable, preexec_fn, close_fds,
    ~~~~~~~~~~~~~~~~~~~^^^^^^^^^^^^^^^^^^^^^^^^^^^^^^^^^^^^^^^^^
                        pass_fds, cwd, env,
                        ^^^^^^^^^^^^^^^^^^^
    ...<5 lines>...
                        gid, gids, uid, umask,
                        ^^^^^^^^^^^^^^^^^^^^^^
                        start_new_session, process_group)
                        ^^^^^^^^^^^^^^^^^^^^^^^^^^^^^^^^^
  File "/usr/lib/python3.13/subprocess.py", line 1857, in _execute_child
    self._posix_spawn(args, executable, env, restore_signals, close_fds,
    ~~~~~~~~~~~~~~~~~^^^^^^^^^^^^^^^^^^^^^^^^^^^^^^^^^^^^^^^^^^^^^^^^^^^
                      p2cread, p2cwrite,
                      ^^^^^^^^^^^^^^^^^^
                      c2pread, c2pwrite,
                      ^^^^^^^^^^^^^^^^^^
                      errread, errwrite)
                      ^^^^^^^^^^^^^^^^^^
  File "/usr/lib/python3.13/subprocess.py", line 1801, in _posix_spawn
    self.pid = os.posix_spawn(executable, args, env, **kwargs)
               ~~~~~~~~~~~~~~^^^^^^^^^^^^^^^^^^^^^^^^^^^^^^^^^
FileNotFoundError: [Errno 2] No such file or directory: '/mnt/data/turn13work/elite-ringbuffer-1.0.1-turn13/build/native/bench_topology'

======================================================================
ERROR: test_limit_no_truncation (test_topology.Fixtures.test_limit_no_truncation)
----------------------------------------------------------------------
Traceback (most recent call last):
  File "/mnt/data/turn13work/elite-ringbuffer-1.0.1-turn13/tests/test_topology.py", line 47, in test_limit_no_truncation
    self.put('/sys/devices/system/cpu/online','0-1024');t=self.get();self.assertTrue(t['partial']);self.assertNotEqual(t['online_cpus']['error'],0)
                                                          ~~~~~~~~^^
  File "/mnt/data/turn13work/elite-ringbuffer-1.0.1-turn13/tests/test_topology.py", line 31, in get
    def get(self):return json.loads(subprocess.check_output([str(BINARY),'--fixture',str(self.root)],text=True))
                                    ~~~~~~~~~~~~~~~~~~~~~~~^^^^^^^^^^^^^^^^^^^^^^^^^^^^^^^^^^^^^^^^^^^^^^^^^^^^
  File "/usr/lib/python3.13/subprocess.py", line 472, in check_output
    return run(*popenargs, stdout=PIPE, timeout=timeout, check=True,
           ~~~^^^^^^^^^^^^^^^^^^^^^^^^^^^^^^^^^^^^^^^^^^^^^^^^^^^^^^
               **kwargs).stdout
               ^^^^^^^^^
  File "/usr/lib/python3.13/subprocess.py", line 554, in run
    with Popen(*popenargs, **kwargs) as process:
         ~~~~~^^^^^^^^^^^^^^^^^^^^^^
  File "/usr/lib/python3.13/subprocess.py", line 1039, in __init__
    self._execute_child(args, executable, preexec_fn, close_fds,
    ~~~~~~~~~~~~~~~~~~~^^^^^^^^^^^^^^^^^^^^^^^^^^^^^^^^^^^^^^^^^
                        pass_fds, cwd, env,
                        ^^^^^^^^^^^^^^^^^^^
    ...<5 lines>...
                        gid, gids, uid, umask,
                        ^^^^^^^^^^^^^^^^^^^^^^
                        start_new_session, process_group)
                        ^^^^^^^^^^^^^^^^^^^^^^^^^^^^^^^^^
  File "/usr/lib/python3.13/subprocess.py", line 1857, in _execute_child
    self._posix_spawn(args, executable, env, restore_signals, close_fds,
    ~~~~~~~~~~~~~~~~~^^^^^^^^^^^^^^^^^^^^^^^^^^^^^^^^^^^^^^^^^^^^^^^^^^^
                      p2cread, p2cwrite,
                      ^^^^^^^^^^^^^^^^^^
                      c2pread, c2pwrite,
                      ^^^^^^^^^^^^^^^^^^
                      errread, errwrite)
                      ^^^^^^^^^^^^^^^^^^
  File "/usr/lib/python3.13/subprocess.py", line 1801, in _posix_spawn
    self.pid = os.posix_spawn(executable, args, env, **kwargs)
               ~~~~~~~~~~~~~~^^^^^^^^^^^^^^^^^^^^^^^^^^^^^^^^^
FileNotFoundError: [Errno 2] No such file or directory: '/mnt/data/turn13work/elite-ringbuffer-1.0.1-turn13/build/native/bench_topology'

======================================================================
ERROR: test_malformed_cpu_list (test_topology.Fixtures.test_malformed_cpu_list)
----------------------------------------------------------------------
Traceback (most recent call last):
  File "/mnt/data/turn13work/elite-ringbuffer-1.0.1-turn13/tests/test_topology.py", line 39, in test_malformed_cpu_list
    self.put('/proc/self/allowed_cpus','2,2');t=self.get();self.assertTrue(t['partial']);self.assertEqual(t['cpus'],[]);self.assertNotEqual(t['allowed_cpus']['error'],0)
                                                ~~~~~~~~^^
  File "/mnt/data/turn13work/elite-ringbuffer-1.0.1-turn13/tests/test_topology.py", line 31, in get
    def get(self):return json.loads(subprocess.check_output([str(BINARY),'--fixture',str(self.root)],text=True))
                                    ~~~~~~~~~~~~~~~~~~~~~~~^^^^^^^^^^^^^^^^^^^^^^^^^^^^^^^^^^^^^^^^^^^^^^^^^^^^
  File "/usr/lib/python3.13/subprocess.py", line 472, in check_output
    return run(*popenargs, stdout=PIPE, timeout=timeout, check=True,
           ~~~^^^^^^^^^^^^^^^^^^^^^^^^^^^^^^^^^^^^^^^^^^^^^^^^^^^^^^
               **kwargs).stdout
               ^^^^^^^^^
  File "/usr/lib/python3.13/subprocess.py", line 554, in run
    with Popen(*popenargs, **kwargs) as process:
         ~~~~~^^^^^^^^^^^^^^^^^^^^^^
  File "/usr/lib/python3.13/subprocess.py", line 1039, in __init__
    self._execute_child(args, executable, preexec_fn, close_fds,
    ~~~~~~~~~~~~~~~~~~~^^^^^^^^^^^^^^^^^^^^^^^^^^^^^^^^^^^^^^^^^
                        pass_fds, cwd, env,
                        ^^^^^^^^^^^^^^^^^^^
    ...<5 lines>...
                        gid, gids, uid, umask,
                        ^^^^^^^^^^^^^^^^^^^^^^
                        start_new_session, process_group)
                        ^^^^^^^^^^^^^^^^^^^^^^^^^^^^^^^^^
  File "/usr/lib/python3.13/subprocess.py", line 1857, in _execute_child
    self._posix_spawn(args, executable, env, restore_signals, close_fds,
    ~~~~~~~~~~~~~~~~~^^^^^^^^^^^^^^^^^^^^^^^^^^^^^^^^^^^^^^^^^^^^^^^^^^^
                      p2cread, p2cwrite,
                      ^^^^^^^^^^^^^^^^^^
                      c2pread, c2pwrite,
                      ^^^^^^^^^^^^^^^^^^
                      errread, errwrite)
                      ^^^^^^^^^^^^^^^^^^
  File "/usr/lib/python3.13/subprocess.py", line 1801, in _posix_spawn
    self.pid = os.posix_spawn(executable, args, env, **kwargs)
               ~~~~~~~~~~~~~~^^^^^^^^^^^^^^^^^^^^^^^^^^^^^^^^^
FileNotFoundError: [Errno 2] No such file or directory: '/mnt/data/turn13work/elite-ringbuffer-1.0.1-turn13/build/native/bench_topology'

======================================================================
ERROR: test_memory_unknown (test_topology.Fixtures.test_memory_unknown)
----------------------------------------------------------------------
Traceback (most recent call last):
  File "/mnt/data/turn13work/elite-ringbuffer-1.0.1-turn13/tests/test_topology.py", line 57, in test_memory_unknown
    (self.root/'proc/meminfo').unlink();self.assertIsNone(val(self.get()['physical_memory_bytes']))
                                                              ~~~~~~~~^^
  File "/mnt/data/turn13work/elite-ringbuffer-1.0.1-turn13/tests/test_topology.py", line 31, in get
    def get(self):return json.loads(subprocess.check_output([str(BINARY),'--fixture',str(self.root)],text=True))
                                    ~~~~~~~~~~~~~~~~~~~~~~~^^^^^^^^^^^^^^^^^^^^^^^^^^^^^^^^^^^^^^^^^^^^^^^^^^^^
  File "/usr/lib/python3.13/subprocess.py", line 472, in check_output
    return run(*popenargs, stdout=PIPE, timeout=timeout, check=True,
           ~~~^^^^^^^^^^^^^^^^^^^^^^^^^^^^^^^^^^^^^^^^^^^^^^^^^^^^^^
               **kwargs).stdout
               ^^^^^^^^^
  File "/usr/lib/python3.13/subprocess.py", line 554, in run
    with Popen(*popenargs, **kwargs) as process:
         ~~~~~^^^^^^^^^^^^^^^^^^^^^^
  File "/usr/lib/python3.13/subprocess.py", line 1039, in __init__
    self._execute_child(args, executable, preexec_fn, close_fds,
    ~~~~~~~~~~~~~~~~~~~^^^^^^^^^^^^^^^^^^^^^^^^^^^^^^^^^^^^^^^^^
                        pass_fds, cwd, env,
                        ^^^^^^^^^^^^^^^^^^^
    ...<5 lines>...
                        gid, gids, uid, umask,
                        ^^^^^^^^^^^^^^^^^^^^^^
                        start_new_session, process_group)
                        ^^^^^^^^^^^^^^^^^^^^^^^^^^^^^^^^^
  File "/usr/lib/python3.13/subprocess.py", line 1857, in _execute_child
    self._posix_spawn(args, executable, env, restore_signals, close_fds,
    ~~~~~~~~~~~~~~~~~^^^^^^^^^^^^^^^^^^^^^^^^^^^^^^^^^^^^^^^^^^^^^^^^^^^
                      p2cread, p2cwrite,
                      ^^^^^^^^^^^^^^^^^^
                      c2pread, c2pwrite,
                      ^^^^^^^^^^^^^^^^^^
                      errread, errwrite)
                      ^^^^^^^^^^^^^^^^^^
  File "/usr/lib/python3.13/subprocess.py", line 1801, in _posix_spawn
    self.pid = os.posix_spawn(executable, args, env, **kwargs)
               ~~~~~~~~~~~~~~^^^^^^^^^^^^^^^^^^^^^^^^^^^^^^^^^
FileNotFoundError: [Errno 2] No such file or directory: '/mnt/data/turn13work/elite-ringbuffer-1.0.1-turn13/build/native/bench_topology'

======================================================================
ERROR: test_missing_cache_is_partial (test_topology.Fixtures.test_missing_cache_is_partial)
----------------------------------------------------------------------
Traceback (most recent call last):
  File "/mnt/data/turn13work/elite-ringbuffer-1.0.1-turn13/tests/test_topology.py", line 41, in test_missing_cache_is_partial
    (self.root/'sys/devices/system/cpu/cpu2/cache/index1/size').unlink();t=self.get();self.assertTrue(t['partial']);self.assertIsNone(t['cpus'][0]['caches'][1]['bytes']['value'])
                                                                           ~~~~~~~~^^
  File "/mnt/data/turn13work/elite-ringbuffer-1.0.1-turn13/tests/test_topology.py", line 31, in get
    def get(self):return json.loads(subprocess.check_output([str(BINARY),'--fixture',str(self.root)],text=True))
                                    ~~~~~~~~~~~~~~~~~~~~~~~^^^^^^^^^^^^^^^^^^^^^^^^^^^^^^^^^^^^^^^^^^^^^^^^^^^^
  File "/usr/lib/python3.13/subprocess.py", line 472, in check_output
    return run(*popenargs, stdout=PIPE, timeout=timeout, check=True,
           ~~~^^^^^^^^^^^^^^^^^^^^^^^^^^^^^^^^^^^^^^^^^^^^^^^^^^^^^^
               **kwargs).stdout
               ^^^^^^^^^
  File "/usr/lib/python3.13/subprocess.py", line 554, in run
    with Popen(*popenargs, **kwargs) as process:
         ~~~~~^^^^^^^^^^^^^^^^^^^^^^
  File "/usr/lib/python3.13/subprocess.py", line 1039, in __init__
    self._execute_child(args, executable, preexec_fn, close_fds,
    ~~~~~~~~~~~~~~~~~~~^^^^^^^^^^^^^^^^^^^^^^^^^^^^^^^^^^^^^^^^^
                        pass_fds, cwd, env,
                        ^^^^^^^^^^^^^^^^^^^
    ...<5 lines>...
                        gid, gids, uid, umask,
                        ^^^^^^^^^^^^^^^^^^^^^^
                        start_new_session, process_group)
                        ^^^^^^^^^^^^^^^^^^^^^^^^^^^^^^^^^
  File "/usr/lib/python3.13/subprocess.py", line 1857, in _execute_child
    self._posix_spawn(args, executable, env, restore_signals, close_fds,
    ~~~~~~~~~~~~~~~~~^^^^^^^^^^^^^^^^^^^^^^^^^^^^^^^^^^^^^^^^^^^^^^^^^^^
                      p2cread, p2cwrite,
                      ^^^^^^^^^^^^^^^^^^
                      c2pread, c2pwrite,
                      ^^^^^^^^^^^^^^^^^^
                      errread, errwrite)
                      ^^^^^^^^^^^^^^^^^^
  File "/usr/lib/python3.13/subprocess.py", line 1801, in _posix_spawn
    self.pid = os.posix_spawn(executable, args, env, **kwargs)
               ~~~~~~~~~~~~~~^^^^^^^^^^^^^^^^^^^^^^^^^^^^^^^^^
FileNotFoundError: [Errno 2] No such file or directory: '/mnt/data/turn13work/elite-ringbuffer-1.0.1-turn13/build/native/bench_topology'

======================================================================
ERROR: test_no_live_claim_from_fixture (test_topology.Fixtures.test_no_live_claim_from_fixture)
----------------------------------------------------------------------
Traceback (most recent call last):
  File "/mnt/data/turn13work/elite-ringbuffer-1.0.1-turn13/tests/test_topology.py", line 55, in test_no_live_claim_from_fixture
    with self.assertRaises(Invalid):topology(self.get())
                                             ~~~~~~~~^^
  File "/mnt/data/turn13work/elite-ringbuffer-1.0.1-turn13/tests/test_topology.py", line 31, in get
    def get(self):return json.loads(subprocess.check_output([str(BINARY),'--fixture',str(self.root)],text=True))
                                    ~~~~~~~~~~~~~~~~~~~~~~~^^^^^^^^^^^^^^^^^^^^^^^^^^^^^^^^^^^^^^^^^^^^^^^^^^^^
  File "/usr/lib/python3.13/subprocess.py", line 472, in check_output
    return run(*popenargs, stdout=PIPE, timeout=timeout, check=True,
           ~~~^^^^^^^^^^^^^^^^^^^^^^^^^^^^^^^^^^^^^^^^^^^^^^^^^^^^^^
               **kwargs).stdout
               ^^^^^^^^^
  File "/usr/lib/python3.13/subprocess.py", line 554, in run
    with Popen(*popenargs, **kwargs) as process:
         ~~~~~^^^^^^^^^^^^^^^^^^^^^^
  File "/usr/lib/python3.13/subprocess.py", line 1039, in __init__
    self._execute_child(args, executable, preexec_fn, close_fds,
    ~~~~~~~~~~~~~~~~~~~^^^^^^^^^^^^^^^^^^^^^^^^^^^^^^^^^^^^^^^^^
                        pass_fds, cwd, env,
                        ^^^^^^^^^^^^^^^^^^^
    ...<5 lines>...
                        gid, gids, uid, umask,
                        ^^^^^^^^^^^^^^^^^^^^^^
                        start_new_session, process_group)
                        ^^^^^^^^^^^^^^^^^^^^^^^^^^^^^^^^^
  File "/usr/lib/python3.13/subprocess.py", line 1857, in _execute_child
    self._posix_spawn(args, executable, env, restore_signals, close_fds,
    ~~~~~~~~~~~~~~~~~^^^^^^^^^^^^^^^^^^^^^^^^^^^^^^^^^^^^^^^^^^^^^^^^^^^
                      p2cread, p2cwrite,
                      ^^^^^^^^^^^^^^^^^^
                      c2pread, c2pwrite,
                      ^^^^^^^^^^^^^^^^^^
                      errread, errwrite)
                      ^^^^^^^^^^^^^^^^^^
  File "/usr/lib/python3.13/subprocess.py", line 1801, in _posix_spawn
    self.pid = os.posix_spawn(executable, args, env, **kwargs)
               ~~~~~~~~~~~~~~^^^^^^^^^^^^^^^^^^^^^^^^^^^^^^^^^
FileNotFoundError: [Errno 2] No such file or directory: '/mnt/data/turn13work/elite-ringbuffer-1.0.1-turn13/build/native/bench_topology'

======================================================================
ERROR: test_no_node_guess (test_topology.Fixtures.test_no_node_guess)
----------------------------------------------------------------------
Traceback (most recent call last):
  File "/mnt/data/turn13work/elite-ringbuffer-1.0.1-turn13/tests/test_topology.py", line 43, in test_no_node_guess
    self.put('/sys/devices/system/node/node3/cpulist','');t=self.get();self.assertEqual(t['cpus'][0]['numa_node'],-1)
                                                            ~~~~~~~~^^
  File "/mnt/data/turn13work/elite-ringbuffer-1.0.1-turn13/tests/test_topology.py", line 31, in get
    def get(self):return json.loads(subprocess.check_output([str(BINARY),'--fixture',str(self.root)],text=True))
                                    ~~~~~~~~~~~~~~~~~~~~~~~^^^^^^^^^^^^^^^^^^^^^^^^^^^^^^^^^^^^^^^^^^^^^^^^^^^^
  File "/usr/lib/python3.13/subprocess.py", line 472, in check_output
    return run(*popenargs, stdout=PIPE, timeout=timeout, check=True,
           ~~~^^^^^^^^^^^^^^^^^^^^^^^^^^^^^^^^^^^^^^^^^^^^^^^^^^^^^^
               **kwargs).stdout
               ^^^^^^^^^
  File "/usr/lib/python3.13/subprocess.py", line 554, in run
    with Popen(*popenargs, **kwargs) as process:
         ~~~~~^^^^^^^^^^^^^^^^^^^^^^
  File "/usr/lib/python3.13/subprocess.py", line 1039, in __init__
    self._execute_child(args, executable, preexec_fn, close_fds,
    ~~~~~~~~~~~~~~~~~~~^^^^^^^^^^^^^^^^^^^^^^^^^^^^^^^^^^^^^^^^^
                        pass_fds, cwd, env,
                        ^^^^^^^^^^^^^^^^^^^
    ...<5 lines>...
                        gid, gids, uid, umask,
                        ^^^^^^^^^^^^^^^^^^^^^^
                        start_new_session, process_group)
                        ^^^^^^^^^^^^^^^^^^^^^^^^^^^^^^^^^
  File "/usr/lib/python3.13/subprocess.py", line 1857, in _execute_child
    self._posix_spawn(args, executable, env, restore_signals, close_fds,
    ~~~~~~~~~~~~~~~~~^^^^^^^^^^^^^^^^^^^^^^^^^^^^^^^^^^^^^^^^^^^^^^^^^^^
                      p2cread, p2cwrite,
                      ^^^^^^^^^^^^^^^^^^
                      c2pread, c2pwrite,
                      ^^^^^^^^^^^^^^^^^^
                      errread, errwrite)
                      ^^^^^^^^^^^^^^^^^^
  File "/usr/lib/python3.13/subprocess.py", line 1801, in _posix_spawn
    self.pid = os.posix_spawn(executable, args, env, **kwargs)
               ~~~~~~~~~~~~~~^^^^^^^^^^^^^^^^^^^^^^^^^^^^^^^^^
FileNotFoundError: [Errno 2] No such file or directory: '/mnt/data/turn13work/elite-ringbuffer-1.0.1-turn13/build/native/bench_topology'

======================================================================
ERROR: test_no_per_cpu_pe_fabrication (test_topology.Fixtures.test_no_per_cpu_pe_fabrication)
----------------------------------------------------------------------
Traceback (most recent call last):
  File "/mnt/data/turn13work/elite-ringbuffer-1.0.1-turn13/tests/test_topology.py", line 59, in test_no_per_cpu_pe_fabrication
    t=self.get();self.assertEqual(t['worker_cluster_mapping'],'NOT_ESTABLISHED');self.assertEqual(t['host_cluster_class'],'TOPOLOGY_CLUSTER_UNKNOWN')
  File "/mnt/data/turn13work/elite-ringbuffer-1.0.1-turn13/tests/test_topology.py", line 31, in get
    def get(self):return json.loads(subprocess.check_output([str(BINARY),'--fixture',str(self.root)],text=True))
                                    ~~~~~~~~~~~~~~~~~~~~~~~^^^^^^^^^^^^^^^^^^^^^^^^^^^^^^^^^^^^^^^^^^^^^^^^^^^^
  File "/usr/lib/python3.13/subprocess.py", line 472, in check_output
    return run(*popenargs, stdout=PIPE, timeout=timeout, check=True,
           ~~~^^^^^^^^^^^^^^^^^^^^^^^^^^^^^^^^^^^^^^^^^^^^^^^^^^^^^^
               **kwargs).stdout
               ^^^^^^^^^
  File "/usr/lib/python3.13/subprocess.py", line 554, in run
    with Popen(*popenargs, **kwargs) as process:
         ~~~~~^^^^^^^^^^^^^^^^^^^^^^
  File "/usr/lib/python3.13/subprocess.py", line 1039, in __init__
    self._execute_child(args, executable, preexec_fn, close_fds,
    ~~~~~~~~~~~~~~~~~~~^^^^^^^^^^^^^^^^^^^^^^^^^^^^^^^^^^^^^^^^^
                        pass_fds, cwd, env,
                        ^^^^^^^^^^^^^^^^^^^
    ...<5 lines>...
                        gid, gids, uid, umask,
                        ^^^^^^^^^^^^^^^^^^^^^^
                        start_new_session, process_group)
                        ^^^^^^^^^^^^^^^^^^^^^^^^^^^^^^^^^
  File "/usr/lib/python3.13/subprocess.py", line 1857, in _execute_child
    self._posix_spawn(args, executable, env, restore_signals, close_fds,
    ~~~~~~~~~~~~~~~~~^^^^^^^^^^^^^^^^^^^^^^^^^^^^^^^^^^^^^^^^^^^^^^^^^^^
                      p2cread, p2cwrite,
                      ^^^^^^^^^^^^^^^^^^
                      c2pread, c2pwrite,
                      ^^^^^^^^^^^^^^^^^^
                      errread, errwrite)
                      ^^^^^^^^^^^^^^^^^^
  File "/usr/lib/python3.13/subprocess.py", line 1801, in _posix_spawn
    self.pid = os.posix_spawn(executable, args, env, **kwargs)
               ~~~~~~~~~~~~~~^^^^^^^^^^^^^^^^^^^^^^^^^^^^^^^^^
FileNotFoundError: [Errno 2] No such file or directory: '/mnt/data/turn13work/elite-ringbuffer-1.0.1-turn13/build/native/bench_topology'

======================================================================
ERROR: test_not_instruction_only_l2 (test_topology.Fixtures.test_not_instruction_only_l2)
----------------------------------------------------------------------
Traceback (most recent call last):
  File "/mnt/data/turn13work/elite-ringbuffer-1.0.1-turn13/tests/test_topology.py", line 72, in test_not_instruction_only_l2
    t=self.live_shaped_fixture()
  File "/mnt/data/turn13work/elite-ringbuffer-1.0.1-turn13/tests/test_topology.py", line 68, in live_shaped_fixture
    t=self.get();t['source_kind']='LIVE_OS_VISIBLE';return t
  File "/mnt/data/turn13work/elite-ringbuffer-1.0.1-turn13/tests/test_topology.py", line 31, in get
    def get(self):return json.loads(subprocess.check_output([str(BINARY),'--fixture',str(self.root)],text=True))
                                    ~~~~~~~~~~~~~~~~~~~~~~~^^^^^^^^^^^^^^^^^^^^^^^^^^^^^^^^^^^^^^^^^^^^^^^^^^^^
  File "/usr/lib/python3.13/subprocess.py", line 472, in check_output
    return run(*popenargs, stdout=PIPE, timeout=timeout, check=True,
           ~~~^^^^^^^^^^^^^^^^^^^^^^^^^^^^^^^^^^^^^^^^^^^^^^^^^^^^^^
               **kwargs).stdout
               ^^^^^^^^^
  File "/usr/lib/python3.13/subprocess.py", line 554, in run
    with Popen(*popenargs, **kwargs) as process:
         ~~~~~^^^^^^^^^^^^^^^^^^^^^^
  File "/usr/lib/python3.13/subprocess.py", line 1039, in __init__
    self._execute_child(args, executable, preexec_fn, close_fds,
    ~~~~~~~~~~~~~~~~~~~^^^^^^^^^^^^^^^^^^^^^^^^^^^^^^^^^^^^^^^^^
                        pass_fds, cwd, env,
                        ^^^^^^^^^^^^^^^^^^^
    ...<5 lines>...
                        gid, gids, uid, umask,
                        ^^^^^^^^^^^^^^^^^^^^^^
                        start_new_session, process_group)
                        ^^^^^^^^^^^^^^^^^^^^^^^^^^^^^^^^^
  File "/usr/lib/python3.13/subprocess.py", line 1857, in _execute_child
    self._posix_spawn(args, executable, env, restore_signals, close_fds,
    ~~~~~~~~~~~~~~~~~^^^^^^^^^^^^^^^^^^^^^^^^^^^^^^^^^^^^^^^^^^^^^^^^^^^
                      p2cread, p2cwrite,
                      ^^^^^^^^^^^^^^^^^^
                      c2pread, c2pwrite,
                      ^^^^^^^^^^^^^^^^^^
                      errread, errwrite)
                      ^^^^^^^^^^^^^^^^^^
  File "/usr/lib/python3.13/subprocess.py", line 1801, in _posix_spawn
    self.pid = os.posix_spawn(executable, args, env, **kwargs)
               ~~~~~~~~~~~~~~^^^^^^^^^^^^^^^^^^^^^^^^^^^^^^^^^
FileNotFoundError: [Errno 2] No such file or directory: '/mnt/data/turn13work/elite-ringbuffer-1.0.1-turn13/build/native/bench_topology'

======================================================================
ERROR: test_oversized_mountinfo (test_topology.Fixtures.test_oversized_mountinfo)
----------------------------------------------------------------------
Traceback (most recent call last):
  File "/mnt/data/turn13work/elite-ringbuffer-1.0.1-turn13/tests/test_topology.py", line 51, in test_oversized_mountinfo
    self.put('/proc/self/mountinfo','x'*20000);self.assertEqual(self.get()['cgroup_status'],'MOUNTINFO_UNAVAILABLE_OR_TOO_LARGE')
                                                                ~~~~~~~~^^
  File "/mnt/data/turn13work/elite-ringbuffer-1.0.1-turn13/tests/test_topology.py", line 31, in get
    def get(self):return json.loads(subprocess.check_output([str(BINARY),'--fixture',str(self.root)],text=True))
                                    ~~~~~~~~~~~~~~~~~~~~~~~^^^^^^^^^^^^^^^^^^^^^^^^^^^^^^^^^^^^^^^^^^^^^^^^^^^^
  File "/usr/lib/python3.13/subprocess.py", line 472, in check_output
    return run(*popenargs, stdout=PIPE, timeout=timeout, check=True,
           ~~~^^^^^^^^^^^^^^^^^^^^^^^^^^^^^^^^^^^^^^^^^^^^^^^^^^^^^^
               **kwargs).stdout
               ^^^^^^^^^
  File "/usr/lib/python3.13/subprocess.py", line 554, in run
    with Popen(*popenargs, **kwargs) as process:
         ~~~~~^^^^^^^^^^^^^^^^^^^^^^
  File "/usr/lib/python3.13/subprocess.py", line 1039, in __init__
    self._execute_child(args, executable, preexec_fn, close_fds,
    ~~~~~~~~~~~~~~~~~~~^^^^^^^^^^^^^^^^^^^^^^^^^^^^^^^^^^^^^^^^^
                        pass_fds, cwd, env,
                        ^^^^^^^^^^^^^^^^^^^
    ...<5 lines>...
                        gid, gids, uid, umask,
                        ^^^^^^^^^^^^^^^^^^^^^^
                        start_new_session, process_group)
                        ^^^^^^^^^^^^^^^^^^^^^^^^^^^^^^^^^
  File "/usr/lib/python3.13/subprocess.py", line 1857, in _execute_child
    self._posix_spawn(args, executable, env, restore_signals, close_fds,
    ~~~~~~~~~~~~~~~~~^^^^^^^^^^^^^^^^^^^^^^^^^^^^^^^^^^^^^^^^^^^^^^^^^^^
                      p2cread, p2cwrite,
                      ^^^^^^^^^^^^^^^^^^
                      c2pread, c2pwrite,
                      ^^^^^^^^^^^^^^^^^^
                      errread, errwrite)
                      ^^^^^^^^^^^^^^^^^^
  File "/usr/lib/python3.13/subprocess.py", line 1801, in _posix_spawn
    self.pid = os.posix_spawn(executable, args, env, **kwargs)
               ~~~~~~~~~~~~~~^^^^^^^^^^^^^^^^^^^^^^^^^^^^^^^^^
FileNotFoundError: [Errno 2] No such file or directory: '/mnt/data/turn13work/elite-ringbuffer-1.0.1-turn13/build/native/bench_topology'

======================================================================
ERROR: test_same_data_l2 (test_topology.Fixtures.test_same_data_l2)
----------------------------------------------------------------------
Traceback (most recent call last):
  File "/mnt/data/turn13work/elite-ringbuffer-1.0.1-turn13/tests/test_topology.py", line 70, in test_same_data_l2
    t=self.live_shaped_fixture();self.assertIn('SHARED_L2',locality(t,self.workers([2,4]),'same_l2'))
  File "/mnt/data/turn13work/elite-ringbuffer-1.0.1-turn13/tests/test_topology.py", line 68, in live_shaped_fixture
    t=self.get();t['source_kind']='LIVE_OS_VISIBLE';return t
  File "/mnt/data/turn13work/elite-ringbuffer-1.0.1-turn13/tests/test_topology.py", line 31, in get
    def get(self):return json.loads(subprocess.check_output([str(BINARY),'--fixture',str(self.root)],text=True))
                                    ~~~~~~~~~~~~~~~~~~~~~~~^^^^^^^^^^^^^^^^^^^^^^^^^^^^^^^^^^^^^^^^^^^^^^^^^^^^
  File "/usr/lib/python3.13/subprocess.py", line 472, in check_output
    return run(*popenargs, stdout=PIPE, timeout=timeout, check=True,
           ~~~^^^^^^^^^^^^^^^^^^^^^^^^^^^^^^^^^^^^^^^^^^^^^^^^^^^^^^
               **kwargs).stdout
               ^^^^^^^^^
  File "/usr/lib/python3.13/subprocess.py", line 554, in run
    with Popen(*popenargs, **kwargs) as process:
         ~~~~~^^^^^^^^^^^^^^^^^^^^^^
  File "/usr/lib/python3.13/subprocess.py", line 1039, in __init__
    self._execute_child(args, executable, preexec_fn, close_fds,
    ~~~~~~~~~~~~~~~~~~~^^^^^^^^^^^^^^^^^^^^^^^^^^^^^^^^^^^^^^^^^
                        pass_fds, cwd, env,
                        ^^^^^^^^^^^^^^^^^^^
    ...<5 lines>...
                        gid, gids, uid, umask,
                        ^^^^^^^^^^^^^^^^^^^^^^
                        start_new_session, process_group)
                        ^^^^^^^^^^^^^^^^^^^^^^^^^^^^^^^^^
  File "/usr/lib/python3.13/subprocess.py", line 1857, in _execute_child
    self._posix_spawn(args, executable, env, restore_signals, close_fds,
    ~~~~~~~~~~~~~~~~~^^^^^^^^^^^^^^^^^^^^^^^^^^^^^^^^^^^^^^^^^^^^^^^^^^^
                      p2cread, p2cwrite,
                      ^^^^^^^^^^^^^^^^^^
                      c2pread, c2pwrite,
                      ^^^^^^^^^^^^^^^^^^
                      errread, errwrite)
                      ^^^^^^^^^^^^^^^^^^
  File "/usr/lib/python3.13/subprocess.py", line 1801, in _posix_spawn
    self.pid = os.posix_spawn(executable, args, env, **kwargs)
               ~~~~~~~~~~~~~~^^^^^^^^^^^^^^^^^^^^^^^^^^^^^^^^^
FileNotFoundError: [Errno 2] No such file or directory: '/mnt/data/turn13work/elite-ringbuffer-1.0.1-turn13/build/native/bench_topology'

======================================================================
ERROR: test_sparse_numa_and_smt (test_topology.Fixtures.test_sparse_numa_and_smt)
----------------------------------------------------------------------
Traceback (most recent call last):
  File "/mnt/data/turn13work/elite-ringbuffer-1.0.1-turn13/tests/test_topology.py", line 33, in test_sparse_numa_and_smt
    t=self.get();cs=topology(t,synthetic=True);self.assertEqual(set(cs),{2,4,8,10});self.assertEqual(cs[8]['numa_node'],8);self.assertEqual(val(t['physical_cpus']),2);self.assertEqual(cs[2]['smt_siblings']['cpus'],[2,4])
  File "/mnt/data/turn13work/elite-ringbuffer-1.0.1-turn13/tests/test_topology.py", line 31, in get
    def get(self):return json.loads(subprocess.check_output([str(BINARY),'--fixture',str(self.root)],text=True))
                                    ~~~~~~~~~~~~~~~~~~~~~~~^^^^^^^^^^^^^^^^^^^^^^^^^^^^^^^^^^^^^^^^^^^^^^^^^^^^
  File "/usr/lib/python3.13/subprocess.py", line 472, in check_output
    return run(*popenargs, stdout=PIPE, timeout=timeout, check=True,
           ~~~^^^^^^^^^^^^^^^^^^^^^^^^^^^^^^^^^^^^^^^^^^^^^^^^^^^^^^
               **kwargs).stdout
               ^^^^^^^^^
  File "/usr/lib/python3.13/subprocess.py", line 554, in run
    with Popen(*popenargs, **kwargs) as process:
         ~~~~~^^^^^^^^^^^^^^^^^^^^^^
  File "/usr/lib/python3.13/subprocess.py", line 1039, in __init__
    self._execute_child(args, executable, preexec_fn, close_fds,
    ~~~~~~~~~~~~~~~~~~~^^^^^^^^^^^^^^^^^^^^^^^^^^^^^^^^^^^^^^^^^
                        pass_fds, cwd, env,
                        ^^^^^^^^^^^^^^^^^^^
    ...<5 lines>...
                        gid, gids, uid, umask,
                        ^^^^^^^^^^^^^^^^^^^^^^
                        start_new_session, process_group)
                        ^^^^^^^^^^^^^^^^^^^^^^^^^^^^^^^^^
  File "/usr/lib/python3.13/subprocess.py", line 1857, in _execute_child
    self._posix_spawn(args, executable, env, restore_signals, close_fds,
    ~~~~~~~~~~~~~~~~~^^^^^^^^^^^^^^^^^^^^^^^^^^^^^^^^^^^^^^^^^^^^^^^^^^^
                      p2cread, p2cwrite,
                      ^^^^^^^^^^^^^^^^^^
                      c2pread, c2pwrite,
                      ^^^^^^^^^^^^^^^^^^
                      errread, errwrite)
                      ^^^^^^^^^^^^^^^^^^
  File "/usr/lib/python3.13/subprocess.py", line 1801, in _posix_spawn
    self.pid = os.posix_spawn(executable, args, env, **kwargs)
               ~~~~~~~~~~~~~~^^^^^^^^^^^^^^^^^^^^^^^^^^^^^^^^^
FileNotFoundError: [Errno 2] No such file or directory: '/mnt/data/turn13work/elite-ringbuffer-1.0.1-turn13/build/native/bench_topology'

======================================================================
ERROR: test_topology_not_residency (test_topology.Fixtures.test_topology_not_residency)
----------------------------------------------------------------------
Traceback (most recent call last):
  File "/mnt/data/turn13work/elite-ringbuffer-1.0.1-turn13/tests/test_topology.py", line 61, in test_topology_not_residency
    t=self.get();b=cache_bounds(t,[],1024,65536);self.assertTrue(b['pool_capacity_below_all_reported_l2']);self.assertEqual(b['cache_residency'],'NOT_ESTABLISHED')
  File "/mnt/data/turn13work/elite-ringbuffer-1.0.1-turn13/tests/test_topology.py", line 31, in get
    def get(self):return json.loads(subprocess.check_output([str(BINARY),'--fixture',str(self.root)],text=True))
                                    ~~~~~~~~~~~~~~~~~~~~~~~^^^^^^^^^^^^^^^^^^^^^^^^^^^^^^^^^^^^^^^^^^^^^^^^^^^^
  File "/usr/lib/python3.13/subprocess.py", line 472, in check_output
    return run(*popenargs, stdout=PIPE, timeout=timeout, check=True,
           ~~~^^^^^^^^^^^^^^^^^^^^^^^^^^^^^^^^^^^^^^^^^^^^^^^^^^^^^^
               **kwargs).stdout
               ^^^^^^^^^
  File "/usr/lib/python3.13/subprocess.py", line 554, in run
    with Popen(*popenargs, **kwargs) as process:
         ~~~~~^^^^^^^^^^^^^^^^^^^^^^
  File "/usr/lib/python3.13/subprocess.py", line 1039, in __init__
    self._execute_child(args, executable, preexec_fn, close_fds,
    ~~~~~~~~~~~~~~~~~~~^^^^^^^^^^^^^^^^^^^^^^^^^^^^^^^^^^^^^^^^^
                        pass_fds, cwd, env,
                        ^^^^^^^^^^^^^^^^^^^
    ...<5 lines>...
                        gid, gids, uid, umask,
                        ^^^^^^^^^^^^^^^^^^^^^^
                        start_new_session, process_group)
                        ^^^^^^^^^^^^^^^^^^^^^^^^^^^^^^^^^
  File "/usr/lib/python3.13/subprocess.py", line 1857, in _execute_child
    self._posix_spawn(args, executable, env, restore_signals, close_fds,
    ~~~~~~~~~~~~~~~~~^^^^^^^^^^^^^^^^^^^^^^^^^^^^^^^^^^^^^^^^^^^^^^^^^^^
                      p2cread, p2cwrite,
                      ^^^^^^^^^^^^^^^^^^
                      c2pread, c2pwrite,
                      ^^^^^^^^^^^^^^^^^^
                      errread, errwrite)
                      ^^^^^^^^^^^^^^^^^^
  File "/usr/lib/python3.13/subprocess.py", line 1801, in _posix_spawn
    self.pid = os.posix_spawn(executable, args, env, **kwargs)
               ~~~~~~~~~~~~~~^^^^^^^^^^^^^^^^^^^^^^^^^^^^^^^^^
FileNotFoundError: [Errno 2] No such file or directory: '/mnt/data/turn13work/elite-ringbuffer-1.0.1-turn13/build/native/bench_topology'

======================================================================
ERROR: test_unlimited_is_not_zero (test_topology.Fixtures.test_unlimited_is_not_zero)
----------------------------------------------------------------------
Traceback (most recent call last):
  File "/mnt/data/turn13work/elite-ringbuffer-1.0.1-turn13/tests/test_topology.py", line 37, in test_unlimited_is_not_zero
    self.put('/cg/job/cpu.max','max 100000');self.put('/cg/job/memory.max','max\n');g=self.get()['cgroups'][0];self.assertIsNone(val(g['quota_us']));self.assertTrue(g['quota_unlimited']);self.assertTrue(g['memory_unlimited'])
                                                                                      ~~~~~~~~^^
  File "/mnt/data/turn13work/elite-ringbuffer-1.0.1-turn13/tests/test_topology.py", line 31, in get
    def get(self):return json.loads(subprocess.check_output([str(BINARY),'--fixture',str(self.root)],text=True))
                                    ~~~~~~~~~~~~~~~~~~~~~~~^^^^^^^^^^^^^^^^^^^^^^^^^^^^^^^^^^^^^^^^^^^^^^^^^^^^
  File "/usr/lib/python3.13/subprocess.py", line 472, in check_output
    return run(*popenargs, stdout=PIPE, timeout=timeout, check=True,
           ~~~^^^^^^^^^^^^^^^^^^^^^^^^^^^^^^^^^^^^^^^^^^^^^^^^^^^^^^
               **kwargs).stdout
               ^^^^^^^^^
  File "/usr/lib/python3.13/subprocess.py", line 554, in run
    with Popen(*popenargs, **kwargs) as process:
         ~~~~~^^^^^^^^^^^^^^^^^^^^^^
  File "/usr/lib/python3.13/subprocess.py", line 1039, in __init__
    self._execute_child(args, executable, preexec_fn, close_fds,
    ~~~~~~~~~~~~~~~~~~~^^^^^^^^^^^^^^^^^^^^^^^^^^^^^^^^^^^^^^^^^
                        pass_fds, cwd, env,
                        ^^^^^^^^^^^^^^^^^^^
    ...<5 lines>...
                        gid, gids, uid, umask,
                        ^^^^^^^^^^^^^^^^^^^^^^
                        start_new_session, process_group)
                        ^^^^^^^^^^^^^^^^^^^^^^^^^^^^^^^^^
  File "/usr/lib/python3.13/subprocess.py", line 1857, in _execute_child
    self._posix_spawn(args, executable, env, restore_signals, close_fds,
    ~~~~~~~~~~~~~~~~~^^^^^^^^^^^^^^^^^^^^^^^^^^^^^^^^^^^^^^^^^^^^^^^^^^^
                      p2cread, p2cwrite,
                      ^^^^^^^^^^^^^^^^^^
                      c2pread, c2pwrite,
                      ^^^^^^^^^^^^^^^^^^
                      errread, errwrite)
                      ^^^^^^^^^^^^^^^^^^
  File "/usr/lib/python3.13/subprocess.py", line 1801, in _posix_spawn
    self.pid = os.posix_spawn(executable, args, env, **kwargs)
               ~~~~~~~~~~~~~~^^^^^^^^^^^^^^^^^^^^^^^^^^^^^^^^^
FileNotFoundError: [Errno 2] No such file or directory: '/mnt/data/turn13work/elite-ringbuffer-1.0.1-turn13/build/native/bench_topology'

======================================================================
ERROR: test_v1_not_unlimited (test_topology.Fixtures.test_v1_not_unlimited)
----------------------------------------------------------------------
Traceback (most recent call last):
  File "/mnt/data/turn13work/elite-ringbuffer-1.0.1-turn13/tests/test_topology.py", line 53, in test_v1_not_unlimited
    self.put('/proc/self/cgroup','1:cpu:/job');self.assertIn('V1_OR_UNAVAILABLE',self.get()['cgroup_status'])
                                                                                 ~~~~~~~~^^
  File "/mnt/data/turn13work/elite-ringbuffer-1.0.1-turn13/tests/test_topology.py", line 31, in get
    def get(self):return json.loads(subprocess.check_output([str(BINARY),'--fixture',str(self.root)],text=True))
                                    ~~~~~~~~~~~~~~~~~~~~~~~^^^^^^^^^^^^^^^^^^^^^^^^^^^^^^^^^^^^^^^^^^^^^^^^^^^^
  File "/usr/lib/python3.13/subprocess.py", line 472, in check_output
    return run(*popenargs, stdout=PIPE, timeout=timeout, check=True,
           ~~~^^^^^^^^^^^^^^^^^^^^^^^^^^^^^^^^^^^^^^^^^^^^^^^^^^^^^^
               **kwargs).stdout
               ^^^^^^^^^
  File "/usr/lib/python3.13/subprocess.py", line 554, in run
    with Popen(*popenargs, **kwargs) as process:
         ~~~~~^^^^^^^^^^^^^^^^^^^^^^
  File "/usr/lib/python3.13/subprocess.py", line 1039, in __init__
    self._execute_child(args, executable, preexec_fn, close_fds,
    ~~~~~~~~~~~~~~~~~~~^^^^^^^^^^^^^^^^^^^^^^^^^^^^^^^^^^^^^^^^^
                        pass_fds, cwd, env,
                        ^^^^^^^^^^^^^^^^^^^
    ...<5 lines>...
                        gid, gids, uid, umask,
                        ^^^^^^^^^^^^^^^^^^^^^^
                        start_new_session, process_group)
                        ^^^^^^^^^^^^^^^^^^^^^^^^^^^^^^^^^
  File "/usr/lib/python3.13/subprocess.py", line 1857, in _execute_child
    self._posix_spawn(args, executable, env, restore_signals, close_fds,
    ~~~~~~~~~~~~~~~~~^^^^^^^^^^^^^^^^^^^^^^^^^^^^^^^^^^^^^^^^^^^^^^^^^^^
                      p2cread, p2cwrite,
                      ^^^^^^^^^^^^^^^^^^
                      c2pread, c2pwrite,
                      ^^^^^^^^^^^^^^^^^^
                      errread, errwrite)
                      ^^^^^^^^^^^^^^^^^^
  File "/usr/lib/python3.13/subprocess.py", line 1801, in _posix_spawn
    self.pid = os.posix_spawn(executable, args, env, **kwargs)
               ~~~~~~~~~~~~~~^^^^^^^^^^^^^^^^^^^^^^^^^^^^^^^^^
FileNotFoundError: [Errno 2] No such file or directory: '/mnt/data/turn13work/elite-ringbuffer-1.0.1-turn13/build/native/bench_topology'

======================================================================
ERROR: test_visible_ancestor_quota (test_topology.Fixtures.test_visible_ancestor_quota)
----------------------------------------------------------------------
Traceback (most recent call last):
  File "/mnt/data/turn13work/elite-ringbuffer-1.0.1-turn13/tests/test_topology.py", line 35, in test_visible_ancestor_quota
    t=self.get();self.assertEqual([g['path'] for g in t['cgroups']],['/cg/job','/cg']);self.assertEqual(val(t['cgroups'][1]['quota_us']),50000);self.assertEqual(t['cgroup_status'],'V2_VISIBLE_ANCESTORS_ONLY')
  File "/mnt/data/turn13work/elite-ringbuffer-1.0.1-turn13/tests/test_topology.py", line 31, in get
    def get(self):return json.loads(subprocess.check_output([str(BINARY),'--fixture',str(self.root)],text=True))
                                    ~~~~~~~~~~~~~~~~~~~~~~~^^^^^^^^^^^^^^^^^^^^^^^^^^^^^^^^^^^^^^^^^^^^^^^^^^^^
  File "/usr/lib/python3.13/subprocess.py", line 472, in check_output
    return run(*popenargs, stdout=PIPE, timeout=timeout, check=True,
           ~~~^^^^^^^^^^^^^^^^^^^^^^^^^^^^^^^^^^^^^^^^^^^^^^^^^^^^^^
               **kwargs).stdout
               ^^^^^^^^^
  File "/usr/lib/python3.13/subprocess.py", line 554, in run
    with Popen(*popenargs, **kwargs) as process:
         ~~~~~^^^^^^^^^^^^^^^^^^^^^^
  File "/usr/lib/python3.13/subprocess.py", line 1039, in __init__
    self._execute_child(args, executable, preexec_fn, close_fds,
    ~~~~~~~~~~~~~~~~~~~^^^^^^^^^^^^^^^^^^^^^^^^^^^^^^^^^^^^^^^^^
                        pass_fds, cwd, env,
                        ^^^^^^^^^^^^^^^^^^^
    ...<5 lines>...
                        gid, gids, uid, umask,
                        ^^^^^^^^^^^^^^^^^^^^^^
                        start_new_session, process_group)
                        ^^^^^^^^^^^^^^^^^^^^^^^^^^^^^^^^^
  File "/usr/lib/python3.13/subprocess.py", line 1857, in _execute_child
    self._posix_spawn(args, executable, env, restore_signals, close_fds,
    ~~~~~~~~~~~~~~~~~^^^^^^^^^^^^^^^^^^^^^^^^^^^^^^^^^^^^^^^^^^^^^^^^^^^
                      p2cread, p2cwrite,
                      ^^^^^^^^^^^^^^^^^^
                      c2pread, c2pwrite,
                      ^^^^^^^^^^^^^^^^^^
                      errread, errwrite)
                      ^^^^^^^^^^^^^^^^^^
  File "/usr/lib/python3.13/subprocess.py", line 1801, in _posix_spawn
    self.pid = os.posix_spawn(executable, args, env, **kwargs)
               ~~~~~~~~~~~~~~^^^^^^^^^^^^^^^^^^^^^^^^^^^^^^^^^
FileNotFoundError: [Errno 2] No such file or directory: '/mnt/data/turn13work/elite-ringbuffer-1.0.1-turn13/build/native/bench_topology'

======================================================================
ERROR: test_wrong_same_numa (test_topology.Fixtures.test_wrong_same_numa)
----------------------------------------------------------------------
Traceback (most recent call last):
  File "/mnt/data/turn13work/elite-ringbuffer-1.0.1-turn13/tests/test_topology.py", line 80, in test_wrong_same_numa
    with self.assertRaises(Invalid):locality(self.live_shaped_fixture(),self.workers([2,8]),'same_numa')
                                             ~~~~~~~~~~~~~~~~~~~~~~~~^^
  File "/mnt/data/turn13work/elite-ringbuffer-1.0.1-turn13/tests/test_topology.py", line 68, in live_shaped_fixture
    t=self.get();t['source_kind']='LIVE_OS_VISIBLE';return t
  File "/mnt/data/turn13work/elite-ringbuffer-1.0.1-turn13/tests/test_topology.py", line 31, in get
    def get(self):return json.loads(subprocess.check_output([str(BINARY),'--fixture',str(self.root)],text=True))
                                    ~~~~~~~~~~~~~~~~~~~~~~~^^^^^^^^^^^^^^^^^^^^^^^^^^^^^^^^^^^^^^^^^^^^^^^^^^^^
  File "/usr/lib/python3.13/subprocess.py", line 472, in check_output
    return run(*popenargs, stdout=PIPE, timeout=timeout, check=True,
           ~~~^^^^^^^^^^^^^^^^^^^^^^^^^^^^^^^^^^^^^^^^^^^^^^^^^^^^^^
               **kwargs).stdout
               ^^^^^^^^^
  File "/usr/lib/python3.13/subprocess.py", line 554, in run
    with Popen(*popenargs, **kwargs) as process:
         ~~~~~^^^^^^^^^^^^^^^^^^^^^^
  File "/usr/lib/python3.13/subprocess.py", line 1039, in __init__
    self._execute_child(args, executable, preexec_fn, close_fds,
    ~~~~~~~~~~~~~~~~~~~^^^^^^^^^^^^^^^^^^^^^^^^^^^^^^^^^^^^^^^^^
                        pass_fds, cwd, env,
                        ^^^^^^^^^^^^^^^^^^^
    ...<5 lines>...
                        gid, gids, uid, umask,
                        ^^^^^^^^^^^^^^^^^^^^^^
                        start_new_session, process_group)
                        ^^^^^^^^^^^^^^^^^^^^^^^^^^^^^^^^^
  File "/usr/lib/python3.13/subprocess.py", line 1857, in _execute_child
    self._posix_spawn(args, executable, env, restore_signals, close_fds,
    ~~~~~~~~~~~~~~~~~^^^^^^^^^^^^^^^^^^^^^^^^^^^^^^^^^^^^^^^^^^^^^^^^^^^
                      p2cread, p2cwrite,
                      ^^^^^^^^^^^^^^^^^^
                      c2pread, c2pwrite,
                      ^^^^^^^^^^^^^^^^^^
                      errread, errwrite)
                      ^^^^^^^^^^^^^^^^^^
  File "/usr/lib/python3.13/subprocess.py", line 1801, in _posix_spawn
    self.pid = os.posix_spawn(executable, args, env, **kwargs)
               ~~~~~~~~~~~~~~^^^^^^^^^^^^^^^^^^^^^^^^^^^^^^^^^
FileNotFoundError: [Errno 2] No such file or directory: '/mnt/data/turn13work/elite-ringbuffer-1.0.1-turn13/build/native/bench_topology'

----------------------------------------------------------------------
Ran 235 tests in 47.442s

FAILED (errors=21)
make: *** [Makefile:152: check-python-hardening] Error 1
