clang -march=x86-64 -mtune=generic  -shared -Wl,-soname,libelite_ringbuffer.so -o build/clang/libelite_ringbuffer.so build/clang/elite_core.o build/clang/elite_format.o build/clang/elite_spsc.o build/clang/elite_mpmc_ncq.o build/clang/elite_shm.o build/clang/elite_wait.o build/clang/elite_version.o -pthread
clang -Iinclude -Isrc -D_POSIX_C_SOURCE=200809L -D_DEFAULT_SOURCE -std=c11 -O3 -g -DNDEBUG -fno-omit-frame-pointer -fno-lto -Wall -Wextra -Werror -pedantic -Wconversion -Wsign-conversion -Wshadow -Wstrict-prototypes -Wmissing-prototypes -Wformat=2 -Wundef -fPIC -pthread -march=x86-64 -mtune=generic -fPIE  -pie -o build/clang/test_core tests/test_core.c build/clang/libelite_ringbuffer.a -pthread
clang -Iinclude -Isrc -D_POSIX_C_SOURCE=200809L -D_DEFAULT_SOURCE -std=c11 -O3 -g -DNDEBUG -fno-omit-frame-pointer -fno-lto -Wall -Wextra -Werror -pedantic -Wconversion -Wsign-conversion -Wshadow -Wstrict-prototypes -Wmissing-prototypes -Wformat=2 -Wundef -fPIC -pthread -march=x86-64 -mtune=generic -fPIE  -pie -o build/clang/test_ipc tests/test_ipc.c build/clang/libelite_ringbuffer.a -pthread
clang -Iinclude -Isrc -D_POSIX_C_SOURCE=200809L -D_DEFAULT_SOURCE -std=c11 -O3 -g -DNDEBUG -fno-omit-frame-pointer -fno-lto -Wall -Wextra -Werror -pedantic -Wconversion -Wsign-conversion -Wshadow -Wstrict-prototypes -Wmissing-prototypes -Wformat=2 -Wundef -fPIC -pthread -march=x86-64 -mtune=generic -fPIE  -pie -o build/clang/example examples/local_roundtrip.c build/clang/libelite_ringbuffer.a -pthread
build/clang/test_core
parser_single_byte_mutations_rejected=512
PASS core_groups=68 shared_header=2048 descriptor=128 participant=256
build/clang/test_ipc spsc 1 1 100000
PASS native_spawn_ipc mode=SPSC producers=1 consumers=1 messages=100000 bytes_each=64 duplicates=0 missing=0 bad_payloads=0 all_tokens_returned=yes controller_elapsed_ns=35582624 (not_latency)
build/clang/test_ipc ncq 4 4 100000
PASS native_spawn_ipc mode=NCQ-SC64 producers=4 consumers=4 messages=100000 bytes_each=64 duplicates=0 missing=0 bad_payloads=0 all_tokens_returned=yes controller_elapsed_ns=31113120 (not_latency)
clang -Iinclude -Isrc -D_POSIX_C_SOURCE=200809L -D_DEFAULT_SOURCE -std=c11 -O3 -g -DNDEBUG -fno-omit-frame-pointer -fno-lto -Wall -Wextra -Werror -pedantic -Wconversion -Wsign-conversion -Wshadow -Wstrict-prototypes -Wmissing-prototypes -Wformat=2 -Wundef -fPIC -pthread -march=x86-64 -mtune=generic -DELITE_TESTING -MMD -MP -c src/elite_core.c -o build/clang/test_elite_core.o
clang -Iinclude -Isrc -D_POSIX_C_SOURCE=200809L -D_DEFAULT_SOURCE -std=c11 -O3 -g -DNDEBUG -fno-omit-frame-pointer -fno-lto -Wall -Wextra -Werror -pedantic -Wconversion -Wsign-conversion -Wshadow -Wstrict-prototypes -Wmissing-prototypes -Wformat=2 -Wundef -fPIC -pthread -march=x86-64 -mtune=generic -DELITE_TESTING -MMD -MP -c src/elite_format.c -o build/clang/test_elite_format.o
clang -Iinclude -Isrc -D_POSIX_C_SOURCE=200809L -D_DEFAULT_SOURCE -std=c11 -O3 -g -DNDEBUG -fno-omit-frame-pointer -fno-lto -Wall -Wextra -Werror -pedantic -Wconversion -Wsign-conversion -Wshadow -Wstrict-prototypes -Wmissing-prototypes -Wformat=2 -Wundef -fPIC -pthread -march=x86-64 -mtune=generic -DELITE_TESTING -MMD -MP -c src/elite_spsc.c -o build/clang/test_elite_spsc.o
clang -Iinclude -Isrc -D_POSIX_C_SOURCE=200809L -D_DEFAULT_SOURCE -std=c11 -O3 -g -DNDEBUG -fno-omit-frame-pointer -fno-lto -Wall -Wextra -Werror -pedantic -Wconversion -Wsign-conversion -Wshadow -Wstrict-prototypes -Wmissing-prototypes -Wformat=2 -Wundef -fPIC -pthread -march=x86-64 -mtune=generic -DELITE_TESTING -MMD -MP -c src/elite_mpmc_ncq.c -o build/clang/test_elite_mpmc_ncq.o
clang -Iinclude -Isrc -D_POSIX_C_SOURCE=200809L -D_DEFAULT_SOURCE -std=c11 -O3 -g -DNDEBUG -fno-omit-frame-pointer -fno-lto -Wall -Wextra -Werror -pedantic -Wconversion -Wsign-conversion -Wshadow -Wstrict-prototypes -Wmissing-prototypes -Wformat=2 -Wundef -fPIC -pthread -march=x86-64 -mtune=generic -DELITE_TESTING -MMD -MP -c src/elite_shm.c -o build/clang/test_elite_shm.o
clang -Iinclude -Isrc -D_POSIX_C_SOURCE=200809L -D_DEFAULT_SOURCE -std=c11 -O3 -g -DNDEBUG -fno-omit-frame-pointer -fno-lto -Wall -Wextra -Werror -pedantic -Wconversion -Wsign-conversion -Wshadow -Wstrict-prototypes -Wmissing-prototypes -Wformat=2 -Wundef -fPIC -pthread -march=x86-64 -mtune=generic -DELITE_TESTING -MMD -MP -c src/elite_wait.c -o build/clang/test_elite_wait.o
clang -Iinclude -Isrc -D_POSIX_C_SOURCE=200809L -D_DEFAULT_SOURCE -std=c11 -O3 -g -DNDEBUG -fno-omit-frame-pointer -fno-lto -Wall -Wextra -Werror -pedantic -Wconversion -Wsign-conversion -Wshadow -Wstrict-prototypes -Wmissing-prototypes -Wformat=2 -Wundef -fPIC -pthread -march=x86-64 -mtune=generic -DELITE_TESTING -MMD -MP -c src/elite_version.c -o build/clang/test_elite_version.o
clang -Iinclude -Isrc -D_POSIX_C_SOURCE=200809L -D_DEFAULT_SOURCE -std=c11 -O3 -g -DNDEBUG -fno-omit-frame-pointer -fno-lto -Wall -Wextra -Werror -pedantic -Wconversion -Wsign-conversion -Wshadow -Wstrict-prototypes -Wmissing-prototypes -Wformat=2 -Wundef -fPIC -pthread -march=x86-64 -mtune=generic -fPIE -DELITE_TESTING  -pie -o build/clang/test_adversarial tests/test_adversarial.c build/clang/test_elite_core.o build/clang/test_elite_format.o build/clang/test_elite_spsc.o build/clang/test_elite_mpmc_ncq.o build/clang/test_elite_shm.o build/clang/test_elite_wait.o build/clang/test_elite_version.o -pthread
build/clang/test_adversarial
PASS one_mapping_threads 2P2C messages=100000 exact_membership=yes
PASS controlled publication point=2 healthy_lifecycles_while_paused=10000
PASS controlled publication point=5 healthy_lifecycles_while_paused=10000
PASS controlled stale_head discards_old_entry_after_101_competing_claims
PASS controlled late_returner no_post_LP_descriptor_write
PASS integrity mode=1 retained_corrupt_token_not_reclaimed
PASS integrity mode=2 retained_corrupt_token_not_reclaimed
PASS SPSC finite_wait wake_before_or_after_block and_retirement
PASS adversarial_histories=8
clang -Iinclude -Isrc -D_POSIX_C_SOURCE=200809L -D_DEFAULT_SOURCE -std=c11 -O3 -g -DNDEBUG -fno-omit-frame-pointer -fno-lto -Wall -Wextra -Werror -pedantic -Wconversion -Wsign-conversion -Wshadow -Wstrict-prototypes -Wmissing-prototypes -Wformat=2 -Wundef -fPIC -pthread -march=x86-64 -mtune=generic -fPIE -DELITE_TESTING  -pie -o build/clang/test_limits tests/test_limits.c build/clang/test_elite_core.o build/clang/test_elite_format.o build/clang/test_elite_spsc.o build/clang/test_elite_mpmc_ncq.o build/clang/test_elite_shm.o build/clang/test_elite_wait.o build/clang/test_elite_version.o -pthread
build/clang/test_limits
PASS near_limit mode=1 limit=TICKET no_wrap_and_no_terminal_publication
PASS near_limit mode=1 limit=EPOCH no_wrap_and_no_terminal_publication
PASS near_limit mode=2 limit=TICKET no_wrap_and_no_terminal_publication
PASS near_limit mode=2 limit=EPOCH no_wrap_and_no_terminal_publication
clang -Iinclude -Isrc -D_POSIX_C_SOURCE=200809L -D_DEFAULT_SOURCE -std=c11 -O3 -g -DNDEBUG -fno-omit-frame-pointer -fno-lto -Wall -Wextra -Werror -pedantic -Wconversion -Wsign-conversion -Wshadow -Wstrict-prototypes -Wmissing-prototypes -Wformat=2 -Wundef -fPIC -pthread -march=x86-64 -mtune=generic -fPIE -DELITE_TESTING  -pie -o build/clang/test_chaos tests/test_chaos.c build/clang/test_elite_core.o build/clang/test_elite_format.o build/clang/test_elite_spsc.o build/clang/test_elite_mpmc_ncq.o build/clang/test_elite_shm.o build/clang/test_elite_wait.o build/clang/test_elite_version.o -pthread
build/clang/test_chaos
PASS native_SIGKILL cut=MID_WRITE healthy_lifecycles_before_fencing=10000 no_token_theft=yes
PASS native_SIGKILL cut=POST_PUBLICATION_PRE_TAIL healthy_lifecycles_before_fencing=10000 no_token_theft=yes
PASS native_SIGSTOP_successor_SIGCONT old_writer_did_not_modify_successor
PASS native_chaos_scenarios=3
clang -Iinclude -Isrc -D_POSIX_C_SOURCE=200809L -D_DEFAULT_SOURCE -std=c11 -O3 -g -DNDEBUG -fno-omit-frame-pointer -fno-lto -Wall -Wextra -Werror -pedantic -Wconversion -Wsign-conversion -Wshadow -Wstrict-prototypes -Wmissing-prototypes -Wformat=2 -Wundef -fPIC -pthread -march=x86-64 -mtune=generic -fPIE  -pie -o build/clang/fuzz_prefix tests/fuzz_prefix.c build/clang/libelite_ringbuffer.a -pthread
build/clang/fuzz_prefix 1000000
PASS stable_prefix_corpus inputs=1000000 accepted_valid_mutations=89908 rejected=910092 seed=744125b77cc09301
build/clang/test_benchmark_tools
PASS benchmark tool groups=8 exact-ranks p99.99 rounding zeros payload negative-control
python3 tools/build_python.py --cc "clang" --build "build/clang" 
clang -std=c11 -O3 -g -Wall -Wextra -Werror -pedantic -fPIC -isystem /usr/include/python3.13 -shared /mnt/data/Elite_RingBuffer_Turn_11/bindings/python/elite_buffer.c -o /mnt/data/Elite_RingBuffer_Turn_11/build/clang/python/_elite_buffer.cpython-313-x86_64-linux-gnu.so
ELITE_LIBRARY="/mnt/data/Elite_RingBuffer_Turn_11/build/clang/libelite_ringbuffer.so" PYTHONPATH="/mnt/data/Elite_RingBuffer_Turn_11/build/clang/python:/mnt/data/Elite_RingBuffer_Turn_11/bindings/python" python3 tools/check_python.py --hardening
test_callback_exception_rolls_back_pending_count (test_adversarial_races.ExportTransactionTests.test_callback_exception_rolls_back_pending_count) ... ok
test_callback_failure_completes_requested_finalization (test_adversarial_races.ExportTransactionTests.test_callback_failure_completes_requested_finalization) ... ok
test_callback_result_decref_is_inside_transaction (test_adversarial_races.ExportTransactionTests.test_callback_result_decref_is_inside_transaction) ... ok
test_close_failure_can_retry_without_double_drop (test_adversarial_races.ExportTransactionTests.test_close_failure_can_retry_without_double_drop) ... ok
test_close_is_serialized_during_cleanup_callback (test_adversarial_races.ExportTransactionTests.test_close_is_serialized_during_cleanup_callback) ... ok
test_fillinfo_failure_completes_requested_finalization (test_adversarial_races.ExportTransactionTests.test_fillinfo_failure_completes_requested_finalization) ... ok
test_fillinfo_readonly_failure_rolls_back (test_adversarial_races.ExportTransactionTests.test_fillinfo_readonly_failure_rolls_back) ... ok
test_original_four_race_schedules (test_adversarial_races.ExportTransactionTests.test_original_four_race_schedules) ... ok
test_pending_export_blocks_abort_and_close (test_adversarial_races.ExportTransactionTests.test_pending_export_blocks_abort_and_close) ... ok
test_reentrant_close_rejected (test_adversarial_races.ExportTransactionTests.test_reentrant_close_rejected) ... ok
test_successful_export_defers_requested_finalization (test_adversarial_races.ExportTransactionTests.test_successful_export_defers_requested_finalization) ... ok
test_all_supported_reordered_ids (test_cache_provenance.ProvenanceTests.test_all_supported_reordered_ids) ... ok
test_binary_hash_format (test_cache_provenance.ProvenanceTests.test_binary_hash_format) ... ok
test_bool_is_not_integer (test_cache_provenance.ProvenanceTests.test_bool_is_not_integer) ... ok
test_cache_not_coherence (test_cache_provenance.ProvenanceTests.test_cache_not_coherence) ... ok
test_campaign_missing_record (test_cache_provenance.ProvenanceTests.test_campaign_missing_record) ... ok
test_cli_malformed_and_optimized (test_cache_provenance.ProvenanceTests.test_cli_malformed_and_optimized) ... ok
test_counter_duplicate (test_cache_provenance.ProvenanceTests.test_counter_duplicate) ... ok
test_counter_loss (test_cache_provenance.ProvenanceTests.test_counter_loss) ... ok
test_duplicate_event_id (test_cache_provenance.ProvenanceTests.test_duplicate_event_id) ... ok
test_elapsed_mismatch (test_cache_provenance.ProvenanceTests.test_elapsed_mismatch) ... ok
test_external_binary_and_source (test_cache_provenance.ProvenanceTests.test_external_binary_and_source) ... ok
test_fractional_mach_timebase (test_cache_provenance.ProvenanceTests.test_fractional_mach_timebase) ... ok
test_incomplete_native_PMC_state (test_cache_provenance.ProvenanceTests.test_incomplete_native_PMC_state) ... ok
test_invalid_frame_rejected (test_cache_provenance.ProvenanceTests.test_invalid_frame_rejected) ... ok
test_max_worker_end (test_cache_provenance.ProvenanceTests.test_max_worker_end) ... ok
test_missing_worker (test_cache_provenance.ProvenanceTests.test_missing_worker) ... ok
test_multiplex_incorrect_estimate (test_cache_provenance.ProvenanceTests.test_multiplex_incorrect_estimate) ... ok
test_multiplex_scaling (test_cache_provenance.ProvenanceTests.test_multiplex_scaling) ... ok
test_never_scheduled (test_cache_provenance.ProvenanceTests.test_never_scheduled) ... ok
test_never_scheduled_nonzero (test_cache_provenance.ProvenanceTests.test_never_scheduled_nonzero) ... ok
test_no_false_p_core_pinning (test_cache_provenance.ProvenanceTests.test_no_false_p_core_pinning) ... ok
test_no_infinity (test_cache_provenance.ProvenanceTests.test_no_infinity) ... ok
test_no_nan (test_cache_provenance.ProvenanceTests.test_no_nan) ... ok
test_no_unsupported_metrics (test_cache_provenance.ProvenanceTests.test_no_unsupported_metrics) ... ok
test_no_zero_invented_for_unavailable_event (test_cache_provenance.ProvenanceTests.test_no_zero_invented_for_unavailable_event) ... ok
test_one_ulp_admitted (test_cache_provenance.ProvenanceTests.test_one_ulp_admitted) ... ok
test_paranoid_classification_not_guessed (test_cache_provenance.ProvenanceTests.test_paranoid_classification_not_guessed) ... ok
test_process_accounting_decrease (test_cache_provenance.ProvenanceTests.test_process_accounting_decrease) ... ok
test_rate_mismatch (test_cache_provenance.ProvenanceTests.test_rate_mismatch) ... ok
test_raw_u64_subtraction_above_binary64_precision (test_cache_provenance.ProvenanceTests.test_raw_u64_subtraction_above_binary64_precision) ... ok
test_running_exceeds_enabled (test_cache_provenance.ProvenanceTests.test_running_exceeds_enabled) ... ok
test_source_snapshot_digest (test_cache_provenance.ProvenanceTests.test_source_snapshot_digest) ... ok
test_t0_wrap (test_cache_provenance.ProvenanceTests.test_t0_wrap) ... ok
test_timer_correlation_does_not_assume_frequency (test_cache_provenance.ProvenanceTests.test_timer_correlation_does_not_assume_frequency) ... ok
test_total_operations (test_cache_provenance.ProvenanceTests.test_total_operations) ... ok
test_two_ulp_rejected (test_cache_provenance.ProvenanceTests.test_two_ulp_rejected) ... ok
test_worker_delta (test_cache_provenance.ProvenanceTests.test_worker_delta) ... ok
test_zero_timebase (test_cache_provenance.ProvenanceTests.test_zero_timebase) ... ok
test_cross_object_cycles (test_gc_cycle.GCLifetimeTests.test_cross_object_cycles) ... ok
test_cycle_ncq_read_endpoint (test_gc_cycle.GCLifetimeTests.test_cycle_ncq_read_endpoint) ... ok
test_cycle_ncq_read_lease (test_gc_cycle.GCLifetimeTests.test_cycle_ncq_read_lease) ... ok
test_cycle_ncq_read_manager (test_gc_cycle.GCLifetimeTests.test_cycle_ncq_read_manager) ... ok
test_cycle_ncq_write_endpoint (test_gc_cycle.GCLifetimeTests.test_cycle_ncq_write_endpoint) ... ok
test_cycle_ncq_write_lease (test_gc_cycle.GCLifetimeTests.test_cycle_ncq_write_lease) ... ok
test_cycle_ncq_write_manager (test_gc_cycle.GCLifetimeTests.test_cycle_ncq_write_manager) ... ok
test_cycle_spsc_read_endpoint (test_gc_cycle.GCLifetimeTests.test_cycle_spsc_read_endpoint) ... ok
test_cycle_spsc_read_lease (test_gc_cycle.GCLifetimeTests.test_cycle_spsc_read_lease) ... ok
test_cycle_spsc_read_manager (test_gc_cycle.GCLifetimeTests.test_cycle_spsc_read_manager) ... ok
test_cycle_spsc_write_endpoint (test_gc_cycle.GCLifetimeTests.test_cycle_spsc_write_endpoint) ... ok
test_cycle_spsc_write_lease (test_gc_cycle.GCLifetimeTests.test_cycle_spsc_write_lease) ... ok
test_cycle_spsc_write_manager (test_gc_cycle.GCLifetimeTests.test_cycle_spsc_write_manager) ... ok
test_downstream_ctypes_alias_keeps_pin (test_gc_cycle.GCLifetimeTests.test_downstream_ctypes_alias_keeps_pin) ... ok
test_external_slice_prevents_reclamation (test_gc_cycle.GCLifetimeTests.test_external_slice_prevents_reclamation) ... ok
test_finalizer_resurrects_live_view_without_revocation (test_gc_cycle.GCLifetimeTests.test_finalizer_resurrects_live_view_without_revocation) ... ok
test_repeated_cycles_no_failures (test_gc_cycle.GCLifetimeTests.test_repeated_cycles_no_failures) ... make: *** [Makefile:152: check-python-hardening] Terminated
