gcc -march=x86-64 -mtune=generic  -shared -Wl,-soname,libelite_ringbuffer.so -o build/gcc/libelite_ringbuffer.so build/gcc/elite_core.o build/gcc/elite_format.o build/gcc/elite_spsc.o build/gcc/elite_mpmc_ncq.o build/gcc/elite_shm.o build/gcc/elite_wait.o build/gcc/elite_version.o -pthread
gcc -Iinclude -Isrc -D_POSIX_C_SOURCE=200809L -D_DEFAULT_SOURCE -std=c11 -O3 -g -DNDEBUG -fno-omit-frame-pointer -fno-lto -Wall -Wextra -Werror -pedantic -Wconversion -Wsign-conversion -Wshadow -Wstrict-prototypes -Wmissing-prototypes -Wformat=2 -Wundef -fPIC -pthread -march=x86-64 -mtune=generic -fPIE  -pie -o build/gcc/test_core tests/test_core.c build/gcc/libelite_ringbuffer.a -pthread
gcc -Iinclude -Isrc -D_POSIX_C_SOURCE=200809L -D_DEFAULT_SOURCE -std=c11 -O3 -g -DNDEBUG -fno-omit-frame-pointer -fno-lto -Wall -Wextra -Werror -pedantic -Wconversion -Wsign-conversion -Wshadow -Wstrict-prototypes -Wmissing-prototypes -Wformat=2 -Wundef -fPIC -pthread -march=x86-64 -mtune=generic -fPIE  -pie -o build/gcc/test_ipc tests/test_ipc.c build/gcc/libelite_ringbuffer.a -pthread
gcc -Iinclude -Isrc -D_POSIX_C_SOURCE=200809L -D_DEFAULT_SOURCE -std=c11 -O3 -g -DNDEBUG -fno-omit-frame-pointer -fno-lto -Wall -Wextra -Werror -pedantic -Wconversion -Wsign-conversion -Wshadow -Wstrict-prototypes -Wmissing-prototypes -Wformat=2 -Wundef -fPIC -pthread -march=x86-64 -mtune=generic -fPIE  -pie -o build/gcc/example examples/local_roundtrip.c build/gcc/libelite_ringbuffer.a -pthread
build/gcc/test_core
parser_single_byte_mutations_rejected=512
PASS core_groups=68 shared_header=2048 descriptor=128 participant=256
build/gcc/test_ipc spsc 1 1 100000
PASS native_spawn_ipc mode=SPSC producers=1 consumers=1 messages=100000 bytes_each=64 duplicates=0 missing=0 bad_payloads=0 all_tokens_returned=yes controller_elapsed_ns=31268913 (not_latency)
build/gcc/test_ipc ncq 4 4 100000
PASS native_spawn_ipc mode=NCQ-SC64 producers=4 consumers=4 messages=100000 bytes_each=64 duplicates=0 missing=0 bad_payloads=0 all_tokens_returned=yes controller_elapsed_ns=11422755 (not_latency)
gcc -Iinclude -Isrc -D_POSIX_C_SOURCE=200809L -D_DEFAULT_SOURCE -std=c11 -O3 -g -DNDEBUG -fno-omit-frame-pointer -fno-lto -Wall -Wextra -Werror -pedantic -Wconversion -Wsign-conversion -Wshadow -Wstrict-prototypes -Wmissing-prototypes -Wformat=2 -Wundef -fPIC -pthread -march=x86-64 -mtune=generic -DELITE_TESTING -MMD -MP -c src/elite_core.c -o build/gcc/test_elite_core.o
gcc -Iinclude -Isrc -D_POSIX_C_SOURCE=200809L -D_DEFAULT_SOURCE -std=c11 -O3 -g -DNDEBUG -fno-omit-frame-pointer -fno-lto -Wall -Wextra -Werror -pedantic -Wconversion -Wsign-conversion -Wshadow -Wstrict-prototypes -Wmissing-prototypes -Wformat=2 -Wundef -fPIC -pthread -march=x86-64 -mtune=generic -DELITE_TESTING -MMD -MP -c src/elite_format.c -o build/gcc/test_elite_format.o
gcc -Iinclude -Isrc -D_POSIX_C_SOURCE=200809L -D_DEFAULT_SOURCE -std=c11 -O3 -g -DNDEBUG -fno-omit-frame-pointer -fno-lto -Wall -Wextra -Werror -pedantic -Wconversion -Wsign-conversion -Wshadow -Wstrict-prototypes -Wmissing-prototypes -Wformat=2 -Wundef -fPIC -pthread -march=x86-64 -mtune=generic -DELITE_TESTING -MMD -MP -c src/elite_spsc.c -o build/gcc/test_elite_spsc.o
gcc -Iinclude -Isrc -D_POSIX_C_SOURCE=200809L -D_DEFAULT_SOURCE -std=c11 -O3 -g -DNDEBUG -fno-omit-frame-pointer -fno-lto -Wall -Wextra -Werror -pedantic -Wconversion -Wsign-conversion -Wshadow -Wstrict-prototypes -Wmissing-prototypes -Wformat=2 -Wundef -fPIC -pthread -march=x86-64 -mtune=generic -DELITE_TESTING -MMD -MP -c src/elite_mpmc_ncq.c -o build/gcc/test_elite_mpmc_ncq.o
gcc -Iinclude -Isrc -D_POSIX_C_SOURCE=200809L -D_DEFAULT_SOURCE -std=c11 -O3 -g -DNDEBUG -fno-omit-frame-pointer -fno-lto -Wall -Wextra -Werror -pedantic -Wconversion -Wsign-conversion -Wshadow -Wstrict-prototypes -Wmissing-prototypes -Wformat=2 -Wundef -fPIC -pthread -march=x86-64 -mtune=generic -DELITE_TESTING -MMD -MP -c src/elite_shm.c -o build/gcc/test_elite_shm.o
gcc -Iinclude -Isrc -D_POSIX_C_SOURCE=200809L -D_DEFAULT_SOURCE -std=c11 -O3 -g -DNDEBUG -fno-omit-frame-pointer -fno-lto -Wall -Wextra -Werror -pedantic -Wconversion -Wsign-conversion -Wshadow -Wstrict-prototypes -Wmissing-prototypes -Wformat=2 -Wundef -fPIC -pthread -march=x86-64 -mtune=generic -DELITE_TESTING -MMD -MP -c src/elite_wait.c -o build/gcc/test_elite_wait.o
gcc -Iinclude -Isrc -D_POSIX_C_SOURCE=200809L -D_DEFAULT_SOURCE -std=c11 -O3 -g -DNDEBUG -fno-omit-frame-pointer -fno-lto -Wall -Wextra -Werror -pedantic -Wconversion -Wsign-conversion -Wshadow -Wstrict-prototypes -Wmissing-prototypes -Wformat=2 -Wundef -fPIC -pthread -march=x86-64 -mtune=generic -DELITE_TESTING -MMD -MP -c src/elite_version.c -o build/gcc/test_elite_version.o
gcc -Iinclude -Isrc -D_POSIX_C_SOURCE=200809L -D_DEFAULT_SOURCE -std=c11 -O3 -g -DNDEBUG -fno-omit-frame-pointer -fno-lto -Wall -Wextra -Werror -pedantic -Wconversion -Wsign-conversion -Wshadow -Wstrict-prototypes -Wmissing-prototypes -Wformat=2 -Wundef -fPIC -pthread -march=x86-64 -mtune=generic -fPIE -DELITE_TESTING  -pie -o build/gcc/test_adversarial tests/test_adversarial.c build/gcc/test_elite_core.o build/gcc/test_elite_format.o build/gcc/test_elite_spsc.o build/gcc/test_elite_mpmc_ncq.o build/gcc/test_elite_shm.o build/gcc/test_elite_wait.o build/gcc/test_elite_version.o -pthread
build/gcc/test_adversarial
PASS one_mapping_threads 2P2C messages=100000 exact_membership=yes
PASS controlled publication point=2 healthy_lifecycles_while_paused=10000
PASS controlled publication point=5 healthy_lifecycles_while_paused=10000
PASS controlled stale_head discards_old_entry_after_101_competing_claims
PASS controlled late_returner no_post_LP_descriptor_write
PASS integrity mode=1 retained_corrupt_token_not_reclaimed
PASS integrity mode=2 retained_corrupt_token_not_reclaimed
PASS SPSC finite_wait wake_before_or_after_block and_retirement
PASS adversarial_histories=8
gcc -Iinclude -Isrc -D_POSIX_C_SOURCE=200809L -D_DEFAULT_SOURCE -std=c11 -O3 -g -DNDEBUG -fno-omit-frame-pointer -fno-lto -Wall -Wextra -Werror -pedantic -Wconversion -Wsign-conversion -Wshadow -Wstrict-prototypes -Wmissing-prototypes -Wformat=2 -Wundef -fPIC -pthread -march=x86-64 -mtune=generic -fPIE -DELITE_TESTING  -pie -o build/gcc/test_limits tests/test_limits.c build/gcc/test_elite_core.o build/gcc/test_elite_format.o build/gcc/test_elite_spsc.o build/gcc/test_elite_mpmc_ncq.o build/gcc/test_elite_shm.o build/gcc/test_elite_wait.o build/gcc/test_elite_version.o -pthread
build/gcc/test_limits
PASS near_limit mode=1 limit=TICKET no_wrap_and_no_terminal_publication
PASS near_limit mode=1 limit=EPOCH no_wrap_and_no_terminal_publication
PASS near_limit mode=2 limit=TICKET no_wrap_and_no_terminal_publication
PASS near_limit mode=2 limit=EPOCH no_wrap_and_no_terminal_publication
gcc -Iinclude -Isrc -D_POSIX_C_SOURCE=200809L -D_DEFAULT_SOURCE -std=c11 -O3 -g -DNDEBUG -fno-omit-frame-pointer -fno-lto -Wall -Wextra -Werror -pedantic -Wconversion -Wsign-conversion -Wshadow -Wstrict-prototypes -Wmissing-prototypes -Wformat=2 -Wundef -fPIC -pthread -march=x86-64 -mtune=generic -fPIE -DELITE_TESTING  -pie -o build/gcc/test_chaos tests/test_chaos.c build/gcc/test_elite_core.o build/gcc/test_elite_format.o build/gcc/test_elite_spsc.o build/gcc/test_elite_mpmc_ncq.o build/gcc/test_elite_shm.o build/gcc/test_elite_wait.o build/gcc/test_elite_version.o -pthread
build/gcc/test_chaos
PASS native_SIGKILL cut=MID_WRITE healthy_lifecycles_before_fencing=10000 no_token_theft=yes
PASS native_SIGKILL cut=POST_PUBLICATION_PRE_TAIL healthy_lifecycles_before_fencing=10000 no_token_theft=yes
PASS native_SIGSTOP_successor_SIGCONT old_writer_did_not_modify_successor
PASS native_chaos_scenarios=3
gcc -Iinclude -Isrc -D_POSIX_C_SOURCE=200809L -D_DEFAULT_SOURCE -std=c11 -O3 -g -DNDEBUG -fno-omit-frame-pointer -fno-lto -Wall -Wextra -Werror -pedantic -Wconversion -Wsign-conversion -Wshadow -Wstrict-prototypes -Wmissing-prototypes -Wformat=2 -Wundef -fPIC -pthread -march=x86-64 -mtune=generic -fPIE  -pie -o build/gcc/fuzz_prefix tests/fuzz_prefix.c build/gcc/libelite_ringbuffer.a -pthread
build/gcc/fuzz_prefix 1000000
PASS stable_prefix_corpus inputs=1000000 accepted_valid_mutations=89908 rejected=910092 seed=744125b77cc09301
build/gcc/test_benchmark_tools
PASS benchmark tool groups=8 exact-ranks p99.99 rounding zeros payload negative-control
python3 tools/cache_build_info.py --out "build/gcc/cache_build_info.h" --cc "gcc" --cppflags="-Iinclude -Isrc -D_POSIX_C_SOURCE=200809L -D_DEFAULT_SOURCE -Ibenchmarks -Ibuild/gcc" --cflags="-std=c11 -O3 -g -DNDEBUG -fno-omit-frame-pointer -fno-lto -Wall -Wextra -Werror -pedantic -Wconversion -Wsign-conversion -Wshadow -Wstrict-prototypes -Wmissing-prototypes -Wformat=2 -Wundef -fPIC -pthread -march=x86-64 -mtune=generic -fPIE" --ldflags=" -pie" --ldlibs="-pthread"
build/gcc/test_pmc_backend
PASS synthetic perf backend: 8 setup/read/enable/disable/denial/multiplex/error cases; no fake hardware evidence
build/gcc/test_pmc
PASS PMC decoder/errors/lifecycle/thread ownership, CPU snapshots, SHA256 empty/abc/million-a
python3 -m unittest discover -s tests -p 'test_cache_provenance.py' -v
test_all_supported_reordered_ids (test_cache_provenance.ProvenanceTests.test_all_supported_reordered_ids) ... ok
test_binary_hash_format (test_cache_provenance.ProvenanceTests.test_binary_hash_format) ... ok
test_bool_is_not_integer (test_cache_provenance.ProvenanceTests.test_bool_is_not_integer) ... ok
test_cache_not_coherence (test_cache_provenance.ProvenanceTests.test_cache_not_coherence) ... ok
test_campaign_missing_record (test_cache_provenance.ProvenanceTests.test_campaign_missing_record) ... ok
test_cli_malformed_and_optimized (test_cache_provenance.ProvenanceTests.test_cli_malformed_and_optimized) ... ok
test_counter_duplicate (test_cache_provenance.ProvenanceTests.test_counter_duplicate) ... ok
test_counter_loss (test_cache_provenance.ProvenanceTests.test_counter_loss) ... ok
test_duplicate_event_id (test_cache_provenance.ProvenanceTests.test_duplicate_event_id) ... ok
test_elapsed_mismatch (test_cache_provenance.ProvenanceTests.test_elapsed_mismatch) ... ok
test_external_binary_and_source (test_cache_provenance.ProvenanceTests.test_external_binary_and_source) ... ok
test_fractional_mach_timebase (test_cache_provenance.ProvenanceTests.test_fractional_mach_timebase) ... ok
test_incomplete_native_PMC_state (test_cache_provenance.ProvenanceTests.test_incomplete_native_PMC_state) ... ok
test_invalid_frame_rejected (test_cache_provenance.ProvenanceTests.test_invalid_frame_rejected) ... ok
test_max_worker_end (test_cache_provenance.ProvenanceTests.test_max_worker_end) ... ok
test_missing_worker (test_cache_provenance.ProvenanceTests.test_missing_worker) ... ok
test_multiplex_incorrect_estimate (test_cache_provenance.ProvenanceTests.test_multiplex_incorrect_estimate) ... ok
test_multiplex_scaling (test_cache_provenance.ProvenanceTests.test_multiplex_scaling) ... ok
test_never_scheduled (test_cache_provenance.ProvenanceTests.test_never_scheduled) ... ok
test_never_scheduled_nonzero (test_cache_provenance.ProvenanceTests.test_never_scheduled_nonzero) ... ok
test_no_false_p_core_pinning (test_cache_provenance.ProvenanceTests.test_no_false_p_core_pinning) ... ok
test_no_infinity (test_cache_provenance.ProvenanceTests.test_no_infinity) ... ok
test_no_nan (test_cache_provenance.ProvenanceTests.test_no_nan) ... ok
test_no_unsupported_metrics (test_cache_provenance.ProvenanceTests.test_no_unsupported_metrics) ... ok
test_no_zero_invented_for_unavailable_event (test_cache_provenance.ProvenanceTests.test_no_zero_invented_for_unavailable_event) ... ok
test_one_ulp_admitted (test_cache_provenance.ProvenanceTests.test_one_ulp_admitted) ... ok
test_paranoid_classification_not_guessed (test_cache_provenance.ProvenanceTests.test_paranoid_classification_not_guessed) ... ok
test_process_accounting_decrease (test_cache_provenance.ProvenanceTests.test_process_accounting_decrease) ... ok
test_rate_mismatch (test_cache_provenance.ProvenanceTests.test_rate_mismatch) ... ok
test_raw_u64_subtraction_above_binary64_precision (test_cache_provenance.ProvenanceTests.test_raw_u64_subtraction_above_binary64_precision) ... ok
test_running_exceeds_enabled (test_cache_provenance.ProvenanceTests.test_running_exceeds_enabled) ... ok
test_source_snapshot_digest (test_cache_provenance.ProvenanceTests.test_source_snapshot_digest) ... ok
test_t0_wrap (test_cache_provenance.ProvenanceTests.test_t0_wrap) ... ok
test_timer_correlation_does_not_assume_frequency (test_cache_provenance.ProvenanceTests.test_timer_correlation_does_not_assume_frequency) ... ok
test_total_operations (test_cache_provenance.ProvenanceTests.test_total_operations) ... ok
test_two_ulp_rejected (test_cache_provenance.ProvenanceTests.test_two_ulp_rejected) ... ok
test_worker_delta (test_cache_provenance.ProvenanceTests.test_worker_delta) ... ok
test_zero_timebase (test_cache_provenance.ProvenanceTests.test_zero_timebase) ... ok

----------------------------------------------------------------------
Ran 38 tests in 1.280s

OK
python3 tools/check_cache_math.py --binary build/gcc/test_ratio
{"status": "PASS", "synthetic_ratio_cases": 1004, "zero_denominator_rejected": true, "seed": 1111, "maximum_error_bound": "one binary64 ULP"}
