mkdir -p build/gcc
gcc -Iinclude -Isrc -D_POSIX_C_SOURCE=200809L -D_DEFAULT_SOURCE -std=c11 -O3 -g -DNDEBUG -fno-omit-frame-pointer -fno-lto -Wall -Wextra -Werror -pedantic -Wconversion -Wsign-conversion -Wshadow -Wstrict-prototypes -Wmissing-prototypes -Wformat=2 -Wundef -fPIC -pthread -march=x86-64 -mtune=generic -MMD -MP -c src/elite_core.c -o build/gcc/elite_core.o
gcc -Iinclude -Isrc -D_POSIX_C_SOURCE=200809L -D_DEFAULT_SOURCE -std=c11 -O3 -g -DNDEBUG -fno-omit-frame-pointer -fno-lto -Wall -Wextra -Werror -pedantic -Wconversion -Wsign-conversion -Wshadow -Wstrict-prototypes -Wmissing-prototypes -Wformat=2 -Wundef -fPIC -pthread -march=x86-64 -mtune=generic -MMD -MP -c src/elite_format.c -o build/gcc/elite_format.o
gcc -Iinclude -Isrc -D_POSIX_C_SOURCE=200809L -D_DEFAULT_SOURCE -std=c11 -O3 -g -DNDEBUG -fno-omit-frame-pointer -fno-lto -Wall -Wextra -Werror -pedantic -Wconversion -Wsign-conversion -Wshadow -Wstrict-prototypes -Wmissing-prototypes -Wformat=2 -Wundef -fPIC -pthread -march=x86-64 -mtune=generic -MMD -MP -c src/elite_spsc.c -o build/gcc/elite_spsc.o
gcc -Iinclude -Isrc -D_POSIX_C_SOURCE=200809L -D_DEFAULT_SOURCE -std=c11 -O3 -g -DNDEBUG -fno-omit-frame-pointer -fno-lto -Wall -Wextra -Werror -pedantic -Wconversion -Wsign-conversion -Wshadow -Wstrict-prototypes -Wmissing-prototypes -Wformat=2 -Wundef -fPIC -pthread -march=x86-64 -mtune=generic -MMD -MP -c src/elite_mpmc_ncq.c -o build/gcc/elite_mpmc_ncq.o
gcc -Iinclude -Isrc -D_POSIX_C_SOURCE=200809L -D_DEFAULT_SOURCE -std=c11 -O3 -g -DNDEBUG -fno-omit-frame-pointer -fno-lto -Wall -Wextra -Werror -pedantic -Wconversion -Wsign-conversion -Wshadow -Wstrict-prototypes -Wmissing-prototypes -Wformat=2 -Wundef -fPIC -pthread -march=x86-64 -mtune=generic -MMD -MP -c src/elite_shm.c -o build/gcc/elite_shm.o
gcc -Iinclude -Isrc -D_POSIX_C_SOURCE=200809L -D_DEFAULT_SOURCE -std=c11 -O3 -g -DNDEBUG -fno-omit-frame-pointer -fno-lto -Wall -Wextra -Werror -pedantic -Wconversion -Wsign-conversion -Wshadow -Wstrict-prototypes -Wmissing-prototypes -Wformat=2 -Wundef -fPIC -pthread -march=x86-64 -mtune=generic -MMD -MP -c src/elite_wait.c -o build/gcc/elite_wait.o
gcc -Iinclude -Isrc -D_POSIX_C_SOURCE=200809L -D_DEFAULT_SOURCE -std=c11 -O3 -g -DNDEBUG -fno-omit-frame-pointer -fno-lto -Wall -Wextra -Werror -pedantic -Wconversion -Wsign-conversion -Wshadow -Wstrict-prototypes -Wmissing-prototypes -Wformat=2 -Wundef -fPIC -pthread -march=x86-64 -mtune=generic -MMD -MP -c src/elite_version.c -o build/gcc/elite_version.o
python3 tools/cache_build_info.py --out "build/gcc/cache_build_info.h" --cc "gcc" --cppflags="-Iinclude -Isrc -D_POSIX_C_SOURCE=200809L -D_DEFAULT_SOURCE -Ibenchmarks -Ibuild/gcc" --cflags="-std=c11 -O3 -g -DNDEBUG -fno-omit-frame-pointer -fno-lto -Wall -Wextra -Werror -pedantic -Wconversion -Wsign-conversion -Wshadow -Wstrict-prototypes -Wmissing-prototypes -Wformat=2 -Wundef -fPIC -pthread -march=x86-64 -mtune=generic -fPIE" --ldflags=" -pie" --ldlibs="-pthread"
gcc -Iinclude -Isrc -D_POSIX_C_SOURCE=200809L -D_DEFAULT_SOURCE -std=c11 -O3 -g -DNDEBUG -fno-omit-frame-pointer -fno-lto -Wall -Wextra -Werror -pedantic -Wconversion -Wsign-conversion -Wshadow -Wstrict-prototypes -Wmissing-prototypes -Wformat=2 -Wundef -fPIC -pthread -march=x86-64 -mtune=generic -MMD -MP -c src/elite_pmc.c -o build/gcc/elite_pmc.o
ar rcs build/gcc/libelite_pmc.a build/gcc/elite_pmc.o
ar rcs build/gcc/libelite_ringbuffer.a build/gcc/elite_core.o build/gcc/elite_format.o build/gcc/elite_spsc.o build/gcc/elite_mpmc_ncq.o build/gcc/elite_shm.o build/gcc/elite_wait.o build/gcc/elite_version.o
gcc -Iinclude -Isrc -D_POSIX_C_SOURCE=200809L -D_DEFAULT_SOURCE -Ibenchmarks -std=c11 -O3 -g -DNDEBUG -fno-omit-frame-pointer -fno-lto -Wall -Wextra -Werror -pedantic -Wconversion -Wsign-conversion -Wshadow -Wstrict-prototypes -Wmissing-prototypes -Wformat=2 -Wundef -fPIC -pthread -march=x86-64 -mtune=generic -fPIE  -pie -o build/gcc/bench_latency benchmarks/bench_latency.c benchmarks/bench_common.c build/gcc/libelite_ringbuffer.a -pthread
gcc -Iinclude -Isrc -D_POSIX_C_SOURCE=200809L -D_DEFAULT_SOURCE -Ibenchmarks -std=c11 -O3 -g -DNDEBUG -fno-omit-frame-pointer -fno-lto -Wall -Wextra -Werror -pedantic -Wconversion -Wsign-conversion -Wshadow -Wstrict-prototypes -Wmissing-prototypes -Wformat=2 -Wundef -fPIC -pthread -march=x86-64 -mtune=generic -fPIE  -pie -o build/gcc/bench_throughput benchmarks/bench_throughput.c benchmarks/bench_common.c build/gcc/libelite_ringbuffer.a -pthread
gcc -Iinclude -Isrc -D_POSIX_C_SOURCE=200809L -D_DEFAULT_SOURCE -Ibenchmarks -std=c11 -O3 -g -DNDEBUG -fno-omit-frame-pointer -fno-lto -Wall -Wextra -Werror -pedantic -Wconversion -Wsign-conversion -Wshadow -Wstrict-prototypes -Wmissing-prototypes -Wformat=2 -Wundef -fPIC -pthread -march=x86-64 -mtune=generic -fPIE  -pie -o build/gcc/bench_analyze benchmarks/bench_analyze.c benchmarks/bench_common.c build/gcc/libelite_ringbuffer.a -pthread
gcc -Iinclude -Isrc -D_POSIX_C_SOURCE=200809L -D_DEFAULT_SOURCE -Ibenchmarks -std=c11 -O3 -g -DNDEBUG -fno-omit-frame-pointer -fno-lto -Wall -Wextra -Werror -pedantic -Wconversion -Wsign-conversion -Wshadow -Wstrict-prototypes -Wmissing-prototypes -Wformat=2 -Wundef -fPIC -pthread -march=x86-64 -mtune=generic -fPIE  -pie -o build/gcc/test_benchmark_tools tests/test_benchmark_tools.c benchmarks/bench_common.c build/gcc/libelite_ringbuffer.a -pthread
gcc -Iinclude -Isrc -D_POSIX_C_SOURCE=200809L -D_DEFAULT_SOURCE -Ibenchmarks -Ibuild/gcc -std=c11 -O3 -g -DNDEBUG -fno-omit-frame-pointer -fno-lto -Wall -Wextra -Werror -pedantic -Wconversion -Wsign-conversion -Wshadow -Wstrict-prototypes -Wmissing-prototypes -Wformat=2 -Wundef -fPIC -pthread -march=x86-64 -mtune=generic -fPIE  -pie -o build/gcc/bench_cache benchmarks/bench_cache.c benchmarks/bench_common.c benchmarks/bench_identity.c build/gcc/libelite_pmc.a build/gcc/libelite_ringbuffer.a -pthread
benchmarks/bench_cache.c: In function 'overall_pmc':
benchmarks/bench_cache.c:154:5: error: this 'if' clause does not guard... [-Werror=misleading-indentation]
  154 |     if(ok==n*3u)return "COLLECTED";if(ok!=0)return "PARTIAL";
      |     ^~
benchmarks/bench_cache.c:154:36: note: ...this statement, but the latter is misleadingly indented as if it were guarded by the 'if'
  154 |     if(ok==n*3u)return "COLLECTED";if(ok!=0)return "PARTIAL";
      |                                    ^~
cc1: all warnings being treated as errors
benchmarks/bench_identity.c: In function 'bench_sha256_file':
benchmarks/bench_identity.c:57:5: error: this 'if' clause does not guard... [-Werror=misleading-indentation]
   57 |     if(fclose(f)!=0)return -1;*bytes=s.bytes;finish(&s,hex);return 0;
      |     ^~
benchmarks/bench_identity.c:57:31: note: ...this statement, but the latter is misleadingly indented as if it were guarded by the 'if'
   57 |     if(fclose(f)!=0)return -1;*bytes=s.bytes;finish(&s,hex);return 0;
      |                               ^
benchmarks/bench_identity.c: In function 'bench_executable_path':
benchmarks/bench_identity.c:69:5: error: this 'if' clause does not guard... [-Werror=misleading-indentation]
   69 |     if(n<0)return -1;if((size_t)n>=capacity-1){errno=ENAMETOOLONG;return -1;}p[n]='\0';return 0;
      |     ^~
benchmarks/bench_identity.c:69:22: note: ...this statement, but the latter is misleadingly indented as if it were guarded by the 'if'
   69 |     if(n<0)return -1;if((size_t)n>=capacity-1){errno=ENAMETOOLONG;return -1;}p[n]='\0';return 0;
      |                      ^~
cc1: all warnings being treated as errors
make: *** [Makefile:113: build/gcc/bench_cache] Error 1
