{
  "status": "PASS",
  "records": 2,
  "results": [
    {
      "status": "PASS_ARITHMETIC_AND_COUNTER_RECONCILIATION",
      "trial": 0,
      "stride": 128,
      "workers": 4,
      "operations": 400000,
      "elapsed_ns": 227801.0,
      "operations_per_second": 1755918542.9387932,
      "pmc_status": "UNSUPPORTED_EVENT",
      "virtual_timer_rate_compatible": null,
      "coherence_causality": "NOT_ESTABLISHED",
      "binary_bytes_checked": true,
      "source_bytes_checked": true
    },
    {
      "status": "PASS_ARITHMETIC_AND_COUNTER_RECONCILIATION",
      "trial": 0,
      "stride": 8,
      "workers": 4,
      "operations": 400000,
      "elapsed_ns": 2932810.0,
      "operations_per_second": 136387969.21723536,
      "pmc_status": "UNSUPPORTED_EVENT",
      "virtual_timer_rate_compatible": null,
      "coherence_causality": "NOT_ESTABLISHED",
      "binary_bytes_checked": true,
      "source_bytes_checked": true
    }
  ]
}
