{
  "python": "3.13.5 (main, Jul 15 2026, 20:25:40) [GCC 14.2.0]",
  "platform": "Linux-6.18.44-x86_64-with-glibc2.41",
  "executable": "/opt/pyvenv/bin/python3",
  "native_library": "/mnt/data/Elite_Systems_LockFree_RingBuffer_Turn_08/build/clang/libelite_ringbuffer.so",
  "native_sha256": "e91cf0ca212e6e63262be1506cf532e60ad9706e797be5069482a0b8b9ea8555",
  "clock": "time.perf_counter_ns; per-process monotonic clock; start/end only",
  "exporter_path": "/mnt/data/Elite_Systems_LockFree_RingBuffer_Turn_08/build/clang/python/_elite_buffer.cpython-313-x86_64-linux-gnu.so",
  "exporter_sha256": "2f26c0fbca184568efccaf009147135d1b80624202df4efb502163488e150c1f",
  "source_sha256": {
    "bindings/python/bench_python.py": "deb4de7d3a4b9aeca270278aeeae311972e4c47fa5c03bde07404e11e6f434a0",
    "bindings/python/elite_buffer.c": "ca4d6ffa5f05a3beb839129a11993a5a1c1f33d62420abd840dc4d24ad7f565e",
    "bindings/python/elite_ringbuffer/__init__.py": "1017c3ee7adcb08abbdd688142259bf7a6e7e00eb1bc7b6f4dc3546dd5462692",
    "bindings/python/elite_ringbuffer/_native.py": "42bdd5ee9accd1e87b2abd76ec7cdcc71f1ddb4321530375403b7dad389c60ce"
  },
  "repetitions": 1,
  "conditions": [
    {
      "mode": "spsc",
      "messages": 20000,
      "warmup": 1000,
      "payload_bytes": 64,
      "capacity": 1024,
      "elapsed_seconds": 0.505861753,
      "messages_per_second": 39536.49367913371,
      "delivered_GB_per_second": 0.0025303355954645573,
      "oracle": "exact sequential identity and native comparison of every payload byte",
      "workload": "Python per-message ctypes calls + native direct pattern fill/check through memoryviews",
      "records": [
        {
          "start_ns": 1530090813718,
          "entry_ns": 1530090996885,
          "end_ns": 1530596616236,
          "count": 20000,
          "write": true,
          "receipt": {
            "session_id": "6b04767784f046f2a0d5363f758a012b",
            "endpoint_id": "33397f95ec424cbab2248709617370ef",
            "process_incarnation_id": "68d8ba70ac294e4faae6dace0908be13",
            "endpoint_index": 0,
            "local_cleanup_complete": 1,
            "owns_grant_claim": 1
          },
          "cleanup_failures": []
        },
        {
          "start_ns": 1530090813718,
          "entry_ns": 1530090999446,
          "end_ns": 1530596675471,
          "count": 20000,
          "write": false,
          "receipt": {
            "session_id": "6b04767784f046f2a0d5363f758a012b",
            "endpoint_id": "8a0e91a4037246008c510116be765036",
            "process_incarnation_id": "b4bc9746ac87433784afd0eafd9f360b",
            "endpoint_index": 1,
            "local_cleanup_complete": 1,
            "owns_grant_claim": 1
          },
          "cleanup_failures": []
        }
      ],
      "status": "PASS_WITHIN_SCOPE"
    },
    {
      "mode": "ncq",
      "messages": 20000,
      "warmup": 1000,
      "payload_bytes": 64,
      "capacity": 1024,
      "elapsed_seconds": 0.340297439,
      "messages_per_second": 58772.114356111866,
      "delivered_GB_per_second": 0.0037614153187911594,
      "oracle": "exact sequential identity and native comparison of every payload byte",
      "workload": "Python per-message ctypes calls + native direct pattern fill/check through memoryviews",
      "records": [
        {
          "start_ns": 1532448661224,
          "entry_ns": 1532448829608,
          "end_ns": 1532788690764,
          "count": 20000,
          "write": true,
          "receipt": {
            "session_id": "c4e1819f8d1c4220a6c1e74c2f0582d2",
            "endpoint_id": "28c2286cb3424712bf1969100053bb77",
            "process_incarnation_id": "1050d216b621496d98b432f481d4adef",
            "endpoint_index": 0,
            "local_cleanup_complete": 1,
            "owns_grant_claim": 1
          },
          "cleanup_failures": []
        },
        {
          "start_ns": 1532448661224,
          "entry_ns": 1532448880832,
          "end_ns": 1532788958663,
          "count": 20000,
          "write": false,
          "receipt": {
            "session_id": "c4e1819f8d1c4220a6c1e74c2f0582d2",
            "endpoint_id": "25641ed45eaa4d9e8d7d9e4a63ce11e6",
            "process_incarnation_id": "2be28c1c95a34181ab283c9fa4740aa0",
            "endpoint_index": 1,
            "local_cleanup_complete": 1,
            "owns_grant_claim": 1
          },
          "cleanup_failures": []
        }
      ],
      "status": "PASS_WITHIN_SCOPE"
    }
  ]
}

